FileVersion: 1

ResolutionOfTime: msec

Experiment: trustgame_tg17_run6

BackgroundColor: 0 0 0
TextColor: 255 255 255
TimeCourseColor: 0 170 0
TimeCourseThick: 3
ReferenceFuncColor: 113 113 255
ReferenceFuncThick: 3

NrOfConditions: 53

congruent_VIDEO_TTrust_directed
0
Color: 255 255 255

congruent_VIDEO_TTrust_averted
0
Color: 155 155 155

congruent_VIDEO_TUntrust_directed
0
Color: 255 0 255

congruent_VIDEO_TUntrust_averted
0
Color: 155 0 155

congruent_VIDEO_PC
0
Color: 255 255 0

congruent_EVALUATION_TTrust_directed
0
Color: 0 255 255

congruent_EVALUATION_TTrust_averted
0
Color: 228 228 228

congruent_EVALUATION_TUntrust_directed
0
Color: 0 155 155

congruent_EVALUATION_TUntrust_averted
0
Color: 128 128 128

congruent_EVALUATION_PC
0
Color: 238 238 238

congruent_DECISION_TTrust_directed
0
Color: 10 40 40

congruent_DECISION_TTrust_averted
0
Color: 140 50 0

congruent_DECISION_TUntrust_directed
0
Color: 0 30 40

congruent_DECISION_TUntrust_averted
0
Color: 240 30 0

congruent_DECISION_PC
0
Color: 0 50 70

congruent_FEEDBACK_TTrust_directed
0
Color: 90 10 70

congruent_FEEDBACK_TTrust_averted
0
Color: 60 20 50

congruent_FEEDBACK_TUntrust_directed
0
Color: 80 30 60

congruent_FEEDBACK_TUntrust_averted
0
Color: 40 50 20

congruent_FEEDBACK_PC
0
Color: 200 200 70

incongruent_VIDEO_TTrust_directed
2
32003 36566
226004 230563
Color: 255 255 255

incongruent_VIDEO_TTrust_averted
2
8003 12683
86003 90758
Color: 155 155 155

incongruent_VIDEO_TTrust_averted_excluded
2
144003 148659
284004 288762
Color: 100 100 100

incongruent_VIDEO_TUntrust_directed
2
254004 258563
390005 394561
Color: 255 0 255

incongruent_VIDEO_TUntrust_directed_excluded
2
118003 122564
314005 318562
Color: 100 100 100

incongruent_VIDEO_TUntrust_averted
2
58002 62567
366005 370560
Color: 155 0 155

incongruent_VIDEO_PC
2
196004 200079
418005 422076
Color: 255 255 0

incongruent_VIDEO_PC_excluded
2
172003 176079
342005 346077
Color: 100 100 100

incongruent_EVALUATION_TTrust_directed
0
Color: 0 255 255

incongruent_EVALUATION_TTrust_averted
2
90797 94835
288777 292814
Color: 228 228 228

incongruent_EVALUATION_TUntrust_directed
2
258578 262614
394576 398612
Color: 0 155 155

incongruent_EVALUATION_TUntrust_averted
0
Color: 128 128 128

incongruent_EVALUATION_PC
2
200095 204131
422092 426133
Color: 238 238 238

incongruent_DECISION_TTrust_directed
2
38597 42634
232594 236630
Color: 10 40 40

incongruent_DECISION_TTrust_averted
2
14765 18803
96863 100899
Color: 140 50 0

incongruent_DECISION_TTrust_averted_excluded
2
150679 154716
294843 298880
Color: 100 100 100

incongruent_DECISION_TUntrust_directed
2
320593 324630
400642 404678
Color: 0 30 40

incongruent_DECISION_TUntrust_directed_excluded
2
124596 128632
264644 268680
Color: 100 100 100

incongruent_DECISION_TUntrust_averted
2
64597 68633
372592 376628
Color: 240 30 0

incongruent_DECISION_PC
2
206161 210197
428158 432194
Color: 0 50 70

incongruent_DECISION_PC_excluded
2
178112 182148
348109 352145
Color: 100 100 100

incongruent_FEEDBACK_TTrust_directed
2
48650 50663
242645 244660
Color: 90 10 70

incongruent_FEEDBACK_TTrust_averted
2
22838 24847
106914 108929
Color: 60 20 50

incongruent_FEEDBACK_TTrust_averted_excluded
2
160730 162745
304894 306910
Color: 100 100 100

incongruent_FEEDBACK_TUntrust_directed
2
330644 332659
408693 410708
Color: 80 30 60

incongruent_FEEDBACK_TUntrust_directed_excluded
2
134647 136662
272695 274710
Color: 100 100 100

incongruent_FEEDBACK_TUntrust_averted
2
74648 76663
380643 382659
Color: 40 50 20

incongruent_FEEDBACK_PC
2
214212 216227
436209 438225
Color: 200 200 70

incongruent_FEEDBACK_PC_excluded
2
186163 188178
356160 358176
Color: 100 100 100

Video_NO_RESPONSE
0
Color: 80 80 80

Evaluation_NO_RESPONSE
0
Color: 0 90 90

Decision_NO_RESPONSE
0
Color: 90 0 90

Feedback_NO_RESPONSE
0
Color: 90 90 0