FileVersion: 1

ResolutionOfTime: msec

Experiment: trustgame_tg21_run5

BackgroundColor: 0 0 0
TextColor: 255 255 255
TimeCourseColor: 0 170 0
TimeCourseThick: 3
ReferenceFuncColor: 113 113 255
ReferenceFuncThick: 3

NrOfConditions: 53

congruent_VIDEO_TTrust_directed
0
Color: 255 255 255

congruent_VIDEO_TTrust_averted
0
Color: 155 155 155

congruent_VIDEO_TUntrust_directed
0
Color: 255 0 255

congruent_VIDEO_TUntrust_averted
0
Color: 155 0 155

congruent_VIDEO_PC
0
Color: 255 255 0

congruent_EVALUATION_TTrust_directed
0
Color: 0 255 255

congruent_EVALUATION_TTrust_averted
0
Color: 228 228 228

congruent_EVALUATION_TUntrust_directed
0
Color: 0 155 155

congruent_EVALUATION_TUntrust_averted
0
Color: 128 128 128

congruent_EVALUATION_PC
0
Color: 238 238 238

congruent_DECISION_TTrust_directed
0
Color: 10 40 40

congruent_DECISION_TTrust_averted
0
Color: 140 50 0

congruent_DECISION_TUntrust_directed
0
Color: 0 30 40

congruent_DECISION_TUntrust_averted
0
Color: 240 30 0

congruent_DECISION_PC
0
Color: 0 50 70

congruent_FEEDBACK_TTrust_directed
0
Color: 90 10 70

congruent_FEEDBACK_TTrust_averted
0
Color: 60 20 50

congruent_FEEDBACK_TUntrust_directed
0
Color: 80 30 60

congruent_FEEDBACK_TUntrust_averted
0
Color: 40 50 20

congruent_FEEDBACK_PC
0
Color: 200 200 70

incongruent_VIDEO_TTrust_directed
2
280003 284559
306002 310574
Color: 255 255 255

incongruent_VIDEO_TTrust_averted
2
8003 12681
138003 142657
Color: 155 155 155

incongruent_VIDEO_TTrust_averted_excluded
2
32003 36661
228002 232657
Color: 100 100 100

incongruent_VIDEO_TUntrust_directed
2
196003 200559
256002 260557
Color: 255 0 255

incongruent_VIDEO_TUntrust_directed_excluded
2
112003 116561
362003 366556
Color: 100 100 100

incongruent_VIDEO_TUntrust_averted
2
84003 88562
388003 392554
Color: 155 0 155

incongruent_VIDEO_PC
2
56003 60094
168003 172075
Color: 255 255 0

incongruent_VIDEO_PC_excluded
2
338003 342071
418003 422069
Color: 100 100 100

incongruent_EVALUATION_TTrust_directed
1
310588 314694
Color: 0 255 255

incongruent_EVALUATION_TTrust_averted
1
142676 146783
Color: 228 228 228

incongruent_EVALUATION_TUntrust_directed
1
200574 204679
Color: 0 155 155

incongruent_EVALUATION_TUntrust_averted
1
392570 396675
Color: 128 128 128

incongruent_EVALUATION_PC
2
172091 176197
422086 426191
Color: 238 238 238

incongruent_DECISION_TTrust_directed
2
286589 290694
316721 320827
Color: 10 40 40

incongruent_DECISION_TTrust_averted
2
14762 18864
148808 152914
Color: 140 50 0

incongruent_DECISION_TTrust_averted_excluded
2
38694 42800
234690 238796
Color: 100 100 100

incongruent_DECISION_TUntrust_directed
2
206707 210813
262589 266694
Color: 0 30 40

incongruent_DECISION_TUntrust_directed_excluded
2
118592 122697
368587 372692
Color: 100 100 100

incongruent_DECISION_TUntrust_averted
2
90593 94698
398703 402808
Color: 240 30 0

incongruent_DECISION_PC
2
62127 66228
178224 182330
Color: 0 50 70

incongruent_DECISION_PC_excluded
2
344104 348209
428219 432319
Color: 100 100 100

incongruent_FEEDBACK_TTrust_directed
2
296706 298721
326839 328854
Color: 90 10 70

incongruent_FEEDBACK_TTrust_averted
2
22902 24911
156926 158941
Color: 60 20 50

incongruent_FEEDBACK_TTrust_averted_excluded
2
46813 48827
244807 246822
Color: 100 100 100

incongruent_FEEDBACK_TUntrust_directed
2
216827 218840
270707 272722
Color: 80 30 60

incongruent_FEEDBACK_TUntrust_directed_excluded
2
128710 130725
376704 378720
Color: 100 100 100

incongruent_FEEDBACK_TUntrust_averted
2
100711 102726
408822 410835
Color: 40 50 20

incongruent_FEEDBACK_PC
2
72245 74260
186342 188357
Color: 200 200 70

incongruent_FEEDBACK_PC_excluded
2
352222 354237
436336 438352
Color: 100 100 100

Video_NO_RESPONSE
0
Color: 80 80 80

Evaluation_NO_RESPONSE
2
260557 260557
366556 366556
Color: 0 90 90

Decision_NO_RESPONSE
0
Color: 90 0 90

Feedback_NO_RESPONSE
0
Color: 90 90 0