FileVersion: 1

ResolutionOfTime: msec

Experiment: trustgame_tg12_run8

BackgroundColor: 0 0 0
TextColor: 255 255 255
TimeCourseColor: 0 170 0
TimeCourseThick: 3
ReferenceFuncColor: 113 113 255
ReferenceFuncThick: 3

NrOfConditions: 53

congruent_VIDEO_TTrust_directed
0
Color: 255 255 255

congruent_VIDEO_TTrust_averted
0
Color: 155 155 155

congruent_VIDEO_TUntrust_directed
0
Color: 255 0 255

congruent_VIDEO_TUntrust_averted
0
Color: 155 0 155

congruent_VIDEO_PC
0
Color: 255 255 0

congruent_EVALUATION_TTrust_directed
0
Color: 0 255 255

congruent_EVALUATION_TTrust_averted
0
Color: 228 228 228

congruent_EVALUATION_TUntrust_directed
0
Color: 0 155 155

congruent_EVALUATION_TUntrust_averted
0
Color: 128 128 128

congruent_EVALUATION_PC
0
Color: 238 238 238

congruent_DECISION_TTrust_directed
0
Color: 10 40 40

congruent_DECISION_TTrust_averted
0
Color: 140 50 0

congruent_DECISION_TUntrust_directed
0
Color: 0 30 40

congruent_DECISION_TUntrust_averted
0
Color: 240 30 0

congruent_DECISION_PC
0
Color: 0 50 70

congruent_FEEDBACK_TTrust_directed
0
Color: 90 10 70

congruent_FEEDBACK_TTrust_averted
0
Color: 60 20 50

congruent_FEEDBACK_TUntrust_directed
0
Color: 80 30 60

congruent_FEEDBACK_TUntrust_averted
0
Color: 40 50 20

congruent_FEEDBACK_PC
0
Color: 200 200 70

incongruent_VIDEO_TTrust_directed
2
8077 12649
280078 284643
Color: 255 255 255

incongruent_VIDEO_TTrust_averted
2
84077 88751
306078 310835
Color: 155 155 155

incongruent_VIDEO_TTrust_averted_excluded
2
224078 228834

332078 336736
Color: 100 100 100

incongruent_VIDEO_TUntrust_directed
2
34077 38647
392079 396641
Color: 255 0 255

incongruent_VIDEO_TUntrust_directed_excluded
2
194078 198644
418079 422639
Color: 100 100 100

incongruent_VIDEO_TUntrust_averted
2
58077 62645
254079 258643
Color: 155 0 155

incongruent_VIDEO_PC
2
110077 114160
166078 170159
Color: 255 255 0

incongruent_VIDEO_PC_excluded
2
136077 140159
360078 364155
Color: 100 100 100

incongruent_EVALUATION_TTrust_directed
0
Color: 0 255 255

incongruent_EVALUATION_TTrust_averted
2
228840 232943
336755 340859
Color: 228 228 228

incongruent_EVALUATION_TUntrust_directed
2
198658 202760
422654 426756
Color: 0 155 155

incongruent_EVALUATION_TUntrust_averted
0
Color: 128 128 128

incongruent_EVALUATION_PC
2
140176 144280
364172 368275
Color: 238 238 238

incongruent_DECISION_TTrust_directed
2
14728 18831
286673 290775
Color: 10 40 40

incongruent_DECISION_TTrust_averted
2
90776 94878
312856 316958
Color: 140 50 0

incongruent_DECISION_TTrust_averted_excluded
2
234974 239076
342889 346990
Color: 100 100 100

incongruent_DECISION_TUntrust_directed
2
40677 44777
398671 402773
Color: 0 30 40

incongruent_DECISION_TUntrust_directed_excluded
2
204791 208893
428787 432890
Color: 100 100 100

incongruent_DECISION_TUntrust_averted
2
64677 68778
260673 264777
Color: 240 30 0

incongruent_DECISION_PC
2
146308 150410
172191 176293
Color: 0 50 70

incongruent_DECISION_PC_excluded
2
116192 120294
370305 374407
Color: 100 100 100

incongruent_FEEDBACK_TTrust_directed
2
24868 26877
294790 296806
Color: 90 10 70

incongruent_FEEDBACK_TTrust_averted
2
98894 100909
322973 324988
Color: 60 20 50

incongruent_FEEDBACK_TTrust_averted_excluded
2
245091 247106
351006 353021
Color: 100 100 100

incongruent_FEEDBACK_TUntrust_directed
2
48796 50810
408789 410804
Color: 80 30 60

incongruent_FEEDBACK_TUntrust_directed_excluded
2
212908 214924
436905 438920
Color: 100 100 100

incongruent_FEEDBACK_TUntrust_averted
2
72794 74809
268791 270806
Color: 40 50 20

incongruent_FEEDBACK_PC
2
156426 158441
182309 184324
Color: 200 200 70

incongruent_FEEDBACK_PC_excluded
2
126310 128325
380422 382438
Color: 100 100 100

Video_NO_RESPONSE
0
Color: 80 80 80

Evaluation_NO_RESPONSE
1
396641 396641
Color: 0 90 90

Decision_NO_RESPONSE
0
Color: 90 0 90

Feedback_NO_RESPONSE
0
Color: 90 90 0