FileVersion: 1

ResolutionOfTime: msec

Experiment: trustgame_tg04_run5

BackgroundColor: 0 0 0
TextColor: 255 255 255
TimeCourseColor: 0 170 0
TimeCourseThick: 3
ReferenceFuncColor: 113 113 255
ReferenceFuncThick: 3

NrOfConditions: 53

congruent_VIDEO_TTrust_directed
0
Color: 255 255 255

congruent_VIDEO_TTrust_averted
0
Color: 155 155 155

congruent_VIDEO_TUntrust_directed
0
Color: 255 0 255

congruent_VIDEO_TUntrust_averted
0
Color: 155 0 155

congruent_VIDEO_PC
0
Color: 255 255 0

congruent_EVALUATION_TTrust_directed
0
Color: 0 255 255

congruent_EVALUATION_TTrust_averted
0
Color: 228 228 228

congruent_EVALUATION_TUntrust_directed
0
Color: 0 155 155

congruent_EVALUATION_TUntrust_averted
0
Color: 128 128 128

congruent_EVALUATION_PC
0
Color: 238 238 238

congruent_DECISION_TTrust_directed
0
Color: 10 40 40

congruent_DECISION_TTrust_averted
0
Color: 140 50 0

congruent_DECISION_TUntrust_directed
0
Color: 0 30 40

congruent_DECISION_TUntrust_averted
0
Color: 240 30 0

congruent_DECISION_PC
0
Color: 0 50 70

congruent_FEEDBACK_TTrust_directed
0
Color: 90 10 70

congruent_FEEDBACK_TTrust_averted
0
Color: 60 20 50

congruent_FEEDBACK_TUntrust_directed
0
Color: 80 30 60

congruent_FEEDBACK_TUntrust_averted
0
Color: 40 50 20

congruent_FEEDBACK_PC
0
Color: 200 200 70

incongruent_VIDEO_TTrust_directed
2
218004 222570
272004 276569
Color: 255 255 255

incongruent_VIDEO_TTrust_averted
2
244004 248758
324005 328761
Color: 155 155 155

incongruent_VIDEO_TTrust_averted_excluded
2
140003 144675
296004 300761
Color: 100 100 100

incongruent_VIDEO_TUntrust_directed
2
114003 118573
352004 356568
Color: 255 0 255

incongruent_VIDEO_TUntrust_directed_excluded
2
166004 170571
376005 380566
Color: 100 100 100

incongruent_VIDEO_TUntrust_averted
2
32003 36576
192004 196571
Color: 155 0 155

incongruent_VIDEO_PC
2
6003 10090
58003 62072
Color: 255 255 0

incongruent_VIDEO_PC_excluded
2
88003 92071
404005 408081
Color: 100 100 100

incongruent_EVALUATION_TTrust_directed
0
Color: 0 255 255

incongruent_EVALUATION_TTrust_averted
2
248768 251305
328782 331547
Color: 228 228 228

incongruent_EVALUATION_TUntrust_directed
2
170586 172391
380581 382320
Color: 0 155 155

incongruent_EVALUATION_TUntrust_averted
0
Color: 128 128 128

incongruent_EVALUATION_PC
2
62088 64477
408097 409284
Color: 238 238 238

incongruent_DECISION_TTrust_directed
2
224601 228637
278600 282637
Color: 10 40 40

incongruent_DECISION_TTrust_averted
2
253334 257371
333582 337618
Color: 140 50 0

incongruent_DECISION_TTrust_averted_excluded
2
146703 150739
302783 306819
Color: 100 100 100

incongruent_DECISION_TUntrust_directed
2
120603 124643
358598 362634
Color: 0 30 40

incongruent_DECISION_TUntrust_directed_excluded
2
174419 178459
384348 388383
Color: 100 100 100

incongruent_DECISION_TUntrust_averted
2
38605 42647
198602 202637
Color: 240 30 0

incongruent_DECISION_PC
2
12172 16214
66505 70544
Color: 0 50 70

incongruent_DECISION_PC_excluded
2
94104 98145
411314 415355
Color: 100 100 100

incongruent_FEEDBACK_TTrust_directed
2
234652 236667
286651 288666
Color: 90 10 70

incongruent_FEEDBACK_TTrust_averted
2
261385 263400
341633 343648
Color: 60 20 50

incongruent_FEEDBACK_TTrust_averted_excluded
2
156754 158769
312834 314849
Color: 100 100 100

incongruent_FEEDBACK_TUntrust_directed
2
130654 132670
366649 368665
Color: 80 30 60

incongruent_FEEDBACK_TUntrust_directed_excluded
2
182470 184485
394399 396414
Color: 100 100 100

incongruent_FEEDBACK_TUntrust_averted
2
46656 48671
206653 208668
Color: 40 50 20

incongruent_FEEDBACK_PC
2
22245 24255
76555 78571
Color: 200 200 70

incongruent_FEEDBACK_PC_excluded
2
102155 104170
421365 423380
Color: 100 100 100

Video_NO_RESPONSE
0
Color: 80 80 80

Evaluation_NO_RESPONSE
3
36576 36576
276569 276569
300761 300761
Color: 0 90 90

Decision_NO_RESPONSE
0
Color: 90 0 90

Feedback_NO_RESPONSE
0
Color: 90 90 0