FileVersion: 1

ResolutionOfTime: msec

Experiment: trustgame_tg17_run8

BackgroundColor: 0 0 0
TextColor: 255 255 255
TimeCourseColor: 0 170 0
TimeCourseThick: 3
ReferenceFuncColor: 113 113 255
ReferenceFuncThick: 3

NrOfConditions: 53

congruent_VIDEO_TTrust_directed
0
Color: 255 255 255

congruent_VIDEO_TTrust_averted
0
Color: 155 155 155

congruent_VIDEO_TUntrust_directed
0
Color: 255 0 255

congruent_VIDEO_TUntrust_averted
0
Color: 155 0 155

congruent_VIDEO_PC
0
Color: 255 255 0

congruent_EVALUATION_TTrust_directed
0
Color: 0 255 255

congruent_EVALUATION_TTrust_averted
0
Color: 228 228 228

congruent_EVALUATION_TUntrust_directed
0
Color: 0 155 155

congruent_EVALUATION_TUntrust_averted
0
Color: 128 128 128

congruent_EVALUATION_PC
0
Color: 238 238 238

congruent_DECISION_TTrust_directed
0
Color: 10 40 40

congruent_DECISION_TTrust_averted
0
Color: 140 50 0

congruent_DECISION_TUntrust_directed
0
Color: 0 30 40

congruent_DECISION_TUntrust_averted
0
Color: 240 30 0

congruent_DECISION_PC
0
Color: 0 50 70

congruent_FEEDBACK_TTrust_directed
0
Color: 90 10 70

congruent_FEEDBACK_TTrust_averted
0
Color: 60 20 50

congruent_FEEDBACK_TUntrust_directed
0
Color: 80 30 60

congruent_FEEDBACK_TUntrust_averted
0
Color: 40 50 20

congruent_FEEDBACK_PC
0
Color: 200 200 70

incongruent_VIDEO_TTrust_directed
2
8003 12572
280004 284567
Color: 255 255 255

incongruent_VIDEO_TTrust_averted
2
84003 88676
306004 310761
Color: 155 155 155

incongruent_VIDEO_TTrust_averted_excluded
2
224004 228659
332004 336662
Color: 100 100 100

incongruent_VIDEO_TUntrust_directed
2
34003 38569
418005 422564
Color: 255 0 255

incongruent_VIDEO_TUntrust_directed_excluded
2
194004 198567
392005 396564
Color: 100 100 100

incongruent_VIDEO_TUntrust_averted
2
58003 62568
254004 258567
Color: 155 0 155

incongruent_VIDEO_PC
2
136003 140082
360004 364080
Color: 255 255 0

incongruent_VIDEO_PC_excluded
2
110003 114083
166004 170082
Color: 100 100 100

incongruent_EVALUATION_TTrust_directed
0
Color: 0 255 255

incongruent_EVALUATION_TTrust_averted
2
228681 232721
336680 340716
Color: 228 228 228

incongruent_EVALUATION_TUntrust_directed
2
198581 202621
422579 426619
Color: 0 155 155

incongruent_EVALUATION_TUntrust_averted
0
Color: 128 128 128

incongruent_EVALUATION_PC
2
140099 144137
364096 368132
Color: 238 238 238

incongruent_DECISION_TTrust_directed
2
14651 18688
286597 290632
Color: 10 40 40

incongruent_DECISION_TTrust_averted
2
90699 94736
312796 316832
Color: 140 50 0

incongruent_DECISION_TTrust_averted_excluded
2
234747 238788
342746 346782
Color: 100 100 100

incongruent_DECISION_TUntrust_directed
2
40600 44636
428645 432685
Color: 0 30 40

incongruent_DECISION_TUntrust_directed_excluded
2
204648 208685
398595 402631
Color: 100 100 100

incongruent_DECISION_TUntrust_averted
2
64600 68636
260597 264633
Color: 240 30 0

incongruent_DECISION_PC
2
146165 150206
370162 374200
Color: 0 50 70

incongruent_DECISION_PC_excluded
2
116116 120151
172115 176153
Color: 100 100 100

incongruent_FEEDBACK_TTrust_directed
2
24724 26733
294647 296663
Color: 90 10 70

incongruent_FEEDBACK_TTrust_averted
2
98750 100765
322847 324863
Color: 60 20 50

incongruent_FEEDBACK_TTrust_averted_excluded
2
244798 246814
350797 352812
Color: 100 100 100

incongruent_FEEDBACK_TUntrust_directed
2
48653 50666
436696 438711
Color: 80 30 60

incongruent_FEEDBACK_TUntrust_directed_excluded
2
212699 214714
408646 410662
Color: 100 100 100

incongruent_FEEDBACK_TUntrust_averted
2
72650 74666
268648 270663
Color: 40 50 20

incongruent_FEEDBACK_PC
2
156216 158231
380213 382229
Color: 200 200 70

incongruent_FEEDBACK_PC_excluded
2
126167 128182
182166 184181
Color: 100 100 100

Video_NO_RESPONSE
0
Color: 80 80 80

Evaluation_NO_RESPONSE
0
Color: 0 90 90

Decision_NO_RESPONSE
0
Color: 90 0 90

Feedback_NO_RESPONSE
0
Color: 90 90 0