FileVersion: 1

ResolutionOfTime: msec

Experiment: trustgame_tg11_run5

BackgroundColor: 0 0 0
TextColor: 255 255 255
TimeCourseColor: 0 170 0
TimeCourseThick: 3
ReferenceFuncColor: 113 113 255
ReferenceFuncThick: 3

NrOfConditions: 53

congruent_VIDEO_TTrust_directed
0
Color: 255 255 255

congruent_VIDEO_TTrust_averted
0
Color: 155 155 155

congruent_VIDEO_TUntrust_directed
0
Color: 255 0 255

congruent_VIDEO_TUntrust_averted
0
Color: 155 0 155

congruent_VIDEO_PC
0
Color: 255 255 0

congruent_EVALUATION_TTrust_directed
0
Color: 0 255 255

congruent_EVALUATION_TTrust_averted
0
Color: 228 228 228

congruent_EVALUATION_TUntrust_directed
0
Color: 0 155 155

congruent_EVALUATION_TUntrust_averted
0
Color: 128 128 128

congruent_EVALUATION_PC
0
Color: 238 238 238

congruent_DECISION_TTrust_directed
0
Color: 10 40 40

congruent_DECISION_TTrust_averted
0
Color: 140 50 0

congruent_DECISION_TUntrust_directed
0
Color: 0 30 40

congruent_DECISION_TUntrust_averted
0
Color: 240 30 0

congruent_DECISION_PC
0
Color: 0 50 70

congruent_FEEDBACK_TTrust_directed
0
Color: 90 10 70

congruent_FEEDBACK_TTrust_averted
0
Color: 60 20 50

congruent_FEEDBACK_TUntrust_directed
0
Color: 80 30 60

congruent_FEEDBACK_TUntrust_averted
0
Color: 40 50 20

congruent_FEEDBACK_PC
0
Color: 200 200 70

incongruent_VIDEO_TTrust_directed
1
112078 116639
Color: 255 255 255

incongruent_VIDEO_TTrust_averted
2
34076 38750
62077 66732
Color: 155 155 155

incongruent_VIDEO_TTrust_averted_excluded
1
336078 340833
Color: 100 100 100

incongruent_VIDEO_TUntrust_directed
2
252077 256635
416078 420648
Color: 255 0 255

incongruent_VIDEO_TUntrust_directed_excluded
2
8077 12642
390077 394632
Color: 100 100 100

incongruent_VIDEO_TUntrust_averted
2
88077 92638
196077 200636
Color: 155 0 155

incongruent_VIDEO_PC
2
142077 146152
168077 172151
Color: 255 255 0

incongruent_VIDEO_PC_excluded
2
224077 228150
280078 284149
Color: 100 100 100

incongruent_EVALUATION_TTrust_directed
1
116653 120760
Color: 0 255 255

incongruent_EVALUATION_TTrust_averted
0
Color: 228 228 228

incongruent_EVALUATION_TUntrust_directed
1
420662 424767
Color: 0 155 155

incongruent_EVALUATION_TUntrust_averted
0
Color: 128 128 128

incongruent_EVALUATION_PC
1
172167 176272
Color: 238 238 238

incongruent_DECISION_TTrust_directed
1
122785 126890
Color: 10 40 40

incongruent_DECISION_TTrust_averted
2
40771 44872
68753 72859
Color: 140 50 0

incongruent_DECISION_TTrust_averted_excluded
1
342864 346969
Color: 100 100 100

incongruent_DECISION_TUntrust_directed
2
258666 262771
426795 430900
Color: 0 30 40

incongruent_DECISION_TUntrust_directed_excluded
2
14722 18828
396662 400768
Color: 100 100 100

incongruent_DECISION_TUntrust_averted
2
94669 98774
206783 210889
Color: 240 30 0

incongruent_DECISION_PC
2
148185 152286
178301 182406
Color: 0 50 70

incongruent_DECISION_PC_excluded
2
230183 234288
290298 294403
Color: 100 100 100

incongruent_FEEDBACK_TTrust_directed
1
132903 134918
Color: 90 10 70

incongruent_FEEDBACK_TTrust_averted
2
50890 52903
76871 78886
Color: 60 20 50

incongruent_FEEDBACK_TTrust_averted_excluded
1
350981 352996
Color: 100 100 100

incongruent_FEEDBACK_TUntrust_directed
2
268783 270798
436913 438928
Color: 80 30 60

incongruent_FEEDBACK_TUntrust_directed_excluded
2
24862 26871
404780 406795
Color: 100 100 100

incongruent_FEEDBACK_TUntrust_averted
2
102787 104802
214901 216916
Color: 40 50 20

incongruent_FEEDBACK_PC
2
158302 160318
186418 188433
Color: 200 200 70

incongruent_FEEDBACK_PC_excluded
2
240300 242316
300416 302431
Color: 100 100 100

Video_NO_RESPONSE
2
312078 316633
362078 366735
Color: 80 80 80

Evaluation_NO_RESPONSE
3
200650 204756
284165 288270
366747 370851
Color: 0 90 90

Decision_NO_RESPONSE
2
318664 322765
372880 376985
Color: 90 0 90

Feedback_NO_RESPONSE
2
326782 328797
380997 383012
Color: 90 90 0