FileVersion: 1

ResolutionOfTime: msec

Experiment: trustgame_tg17_run7

BackgroundColor: 0 0 0
TextColor: 255 255 255
TimeCourseColor: 0 170 0
TimeCourseThick: 3
ReferenceFuncColor: 113 113 255
ReferenceFuncThick: 3

NrOfConditions: 53

congruent_VIDEO_TTrust_directed
0
Color: 255 255 255

congruent_VIDEO_TTrust_averted
0
Color: 155 155 155

congruent_VIDEO_TUntrust_directed
0
Color: 255 0 255

congruent_VIDEO_TUntrust_averted
0
Color: 155 0 155

congruent_VIDEO_PC
0
Color: 255 255 0

congruent_EVALUATION_TTrust_directed
0
Color: 0 255 255

congruent_EVALUATION_TTrust_averted
0
Color: 228 228 228

congruent_EVALUATION_TUntrust_directed
0
Color: 0 155 155

congruent_EVALUATION_TUntrust_averted
0
Color: 128 128 128

congruent_EVALUATION_PC
0
Color: 238 238 238

congruent_DECISION_TTrust_directed
0
Color: 10 40 40

congruent_DECISION_TTrust_averted
0
Color: 140 50 0

congruent_DECISION_TUntrust_directed
0
Color: 0 30 40

congruent_DECISION_TUntrust_averted
0
Color: 240 30 0

congruent_DECISION_PC
0
Color: 0 50 70

congruent_FEEDBACK_TTrust_directed
0
Color: 90 10 70

congruent_FEEDBACK_TTrust_averted
0
Color: 60 20 50

congruent_FEEDBACK_TUntrust_directed
0
Color: 80 30 60

congruent_FEEDBACK_TUntrust_averted
0
Color: 40 50 20

congruent_FEEDBACK_PC
0
Color: 200 200 70

incongruent_VIDEO_TTrust_directed
2
224004 228566
280004 284567
Color: 255 255 255

incongruent_VIDEO_TTrust_averted
2
144003 148678
304004 308662
Color: 155 155 155

incongruent_VIDEO_TTrust_averted_excluded
2
250004 254659
332005 336661
Color: 100 100 100

incongruent_VIDEO_TUntrust_directed
2
118003 122567
362005 366564
Color: 255 0 255

incongruent_VIDEO_TUntrust_directed_excluded
2
170004 174566
386005 390563
Color: 100 100 100

incongruent_VIDEO_TUntrust_averted
2
34003 38570
198004 202566
Color: 155 0 155

incongruent_VIDEO_PC
2
60003 64082
92003 96082
Color: 255 255 0

incongruent_VIDEO_PC_excluded
2
8003 12083
416005 420078
Color: 100 100 100

incongruent_EVALUATION_TTrust_directed
0
Color: 0 255 255

incongruent_EVALUATION_TTrust_averted
2
254680 258716
336678 340719
Color: 228 228 228

incongruent_EVALUATION_TUntrust_directed
2
174581 178617
390578 394619
Color: 0 155 155

incongruent_EVALUATION_TUntrust_averted
0
Color: 128 128 128

incongruent_EVALUATION_PC
2
64099 68141
420094 424135
Color: 238 238 238

incongruent_DECISION_TTrust_directed
2
230596 234632
286596 290632
Color: 10 40 40

incongruent_DECISION_TTrust_averted
2
150697 154734
310695 314732
Color: 140 50 0

incongruent_DECISION_TTrust_averted_excluded
2
260746 264783
342745 346782
Color: 100 100 100

incongruent_DECISION_TUntrust_directed
2
124598 128635
368595 372630
Color: 0 30 40

incongruent_DECISION_TUntrust_directed_excluded
2
180647 184687
396644 400680
Color: 100 100 100

incongruent_DECISION_TUntrust_averted
2
40599 44639
204597 208637
Color: 240 30 0

incongruent_DECISION_PC
2
70165 74201
98115 102152
Color: 0 50 70

incongruent_DECISION_PC_excluded
2
14167 18203
426160 430201
Color: 100 100 100

incongruent_FEEDBACK_TTrust_directed
2
240647 242663
294647 296662
Color: 90 10 70

incongruent_FEEDBACK_TTrust_averted
2
160748 162764
320746 322762
Color: 60 20 50

incongruent_FEEDBACK_TTrust_averted_excluded
2
268797 270812
350796 352811
Color: 100 100 100

incongruent_FEEDBACK_TUntrust_directed
2
134649 136664
188698 190713
Color: 80 30 60

incongruent_FEEDBACK_TUntrust_directed_excluded
2
376646 378661
406695 408710
Color: 100 100 100

incongruent_FEEDBACK_TUntrust_averted
2
48652 50665
212648 214663
Color: 40 50 20

incongruent_FEEDBACK_PC
2
80216 82231
106166 108181
Color: 200 200 70

incongruent_FEEDBACK_PC_excluded
2
24240 26249
436211 438227
Color: 100 100 100

Video_NO_RESPONSE
0
Color: 80 80 80

Evaluation_NO_RESPONSE
0
Color: 0 90 90

Decision_NO_RESPONSE
0
Color: 90 0 90

Feedback_NO_RESPONSE
0
Color: 90 90 0