FileVersion: 1

ResolutionOfTime: msec

Experiment: trustgame_tg13_run8

BackgroundColor: 0 0 0
TextColor: 255 255 255
TimeCourseColor: 0 170 0
TimeCourseThick: 3
ReferenceFuncColor: 113 113 255
ReferenceFuncThick: 3

NrOfConditions: 53

congruent_VIDEO_TTrust_directed
0
Color: 255 255 255

congruent_VIDEO_TTrust_averted
0
Color: 155 155 155

congruent_VIDEO_TUntrust_directed
0
Color: 255 0 255

congruent_VIDEO_TUntrust_averted
0
Color: 155 0 155

congruent_VIDEO_PC
0
Color: 255 255 0

congruent_EVALUATION_TTrust_directed
0
Color: 0 255 255

congruent_EVALUATION_TTrust_averted
0
Color: 228 228 228

congruent_EVALUATION_TUntrust_directed
0
Color: 0 155 155

congruent_EVALUATION_TUntrust_averted
0
Color: 128 128 128

congruent_EVALUATION_PC
0
Color: 238 238 238

congruent_DECISION_TTrust_directed
0
Color: 10 40 40

congruent_DECISION_TTrust_averted
0
Color: 140 50 0

congruent_DECISION_TUntrust_directed
0
Color: 0 30 40

congruent_DECISION_TUntrust_averted
0
Color: 240 30 0

congruent_DECISION_PC
0
Color: 0 50 70

congruent_FEEDBACK_TTrust_directed
0
Color: 90 10 70

congruent_FEEDBACK_TTrust_averted
0
Color: 60 20 50

congruent_FEEDBACK_TUntrust_directed
0
Color: 80 30 60

congruent_FEEDBACK_TUntrust_averted
0
Color: 40 50 20

congruent_FEEDBACK_PC
0
Color: 200 200 70

incongruent_VIDEO_TTrust_directed
2
224004 228567
280004 284566
Color: 255 255 255

incongruent_VIDEO_TTrust_averted
2
250005 254663
304005 308664
Color: 155 155 155

incongruent_VIDEO_TTrust_averted_excluded
2
144004 148681
332005 336663
Color: 100 100 100

incongruent_VIDEO_TUntrust_directed
2
118004 122569
170004 174569
Color: 255 0 255

incongruent_VIDEO_TUntrust_directed_excluded
2
362004 366565
386006 390565
Color: 100 100 100

incongruent_VIDEO_TUntrust_averted
2
34003 38573
198004 202568
Color: 155 0 155

incongruent_VIDEO_PC
2
8003 12086
60003 64085
Color: 255 255 0

incongruent_VIDEO_PC_excluded
2
92004 96084
416005 420079
Color: 100 100 100

incongruent_EVALUATION_TTrust_directed
0
Color: 0 255 255

incongruent_EVALUATION_TTrust_averted
2
254682 258721
336680 340721
Color: 228 228 228

incongruent_EVALUATION_TUntrust_directed
1
390579 394619
Color: 0 155 155

incongruent_EVALUATION_TUntrust_averted
0
Color: 128 128 128

incongruent_EVALUATION_PC
2
64102 68142
420096 424135
Color: 238 238 238

incongruent_DECISION_TTrust_directed
2
230598 234638
286598 290637
Color: 10 40 40

incongruent_DECISION_TTrust_averted
2
260748 264788
310697 314737
Color: 140 50 0

incongruent_DECISION_TTrust_averted_excluded
2
150716 154756
342747 346787
Color: 100 100 100

incongruent_DECISION_TUntrust_directed
2
124600 128640
180649 184689
Color: 0 30 40

incongruent_DECISION_TUntrust_directed_excluded
2
368596 372636
396646 400686
Color: 100 100 100

incongruent_DECISION_TUntrust_averted
2
40601 44641
204599 208639
Color: 240 30 0

incongruent_DECISION_PC
2
14169 18210
70167 74207
Color: 0 50 70

incongruent_DECISION_PC_excluded
2
98117 102157
426162 430202
Color: 100 100 100

incongruent_FEEDBACK_TTrust_directed
2
240651 242664
294648 296664
Color: 90 10 70

incongruent_FEEDBACK_TTrust_averted
2
268799 270814
320748 322763
Color: 60 20 50

incongruent_FEEDBACK_TTrust_averted_excluded
2
160767 162782
350797 352813
Color: 100 100 100

incongruent_FEEDBACK_TUntrust_directed
2
134651 136666
188700 190715
Color: 80 30 60

incongruent_FEEDBACK_TUntrust_directed_excluded
2
376647 378662
406697 408712
Color: 100 100 100

incongruent_FEEDBACK_TUntrust_averted
2
48654 50667
212650 214665
Color: 40 50 20

incongruent_FEEDBACK_PC
2
24243 26251
80218 82233
Color: 200 200 70

incongruent_FEEDBACK_PC_excluded
2
106168 108183
436215 438228
Color: 100 100 100

Video_NO_RESPONSE
0
Color: 80 80 80

Evaluation_NO_RESPONSE
4
12086 12086
174583 178622
308664 308664
366565 366565
Color: 0 90 90

Decision_NO_RESPONSE
0
Color: 90 0 90

Feedback_NO_RESPONSE
0
Color: 90 90 0