FileVersion: 1

ResolutionOfTime: msec

Experiment: trustgame_tg16_run7

BackgroundColor: 0 0 0
TextColor: 255 255 255
TimeCourseColor: 0 170 0
TimeCourseThick: 3
ReferenceFuncColor: 113 113 255
ReferenceFuncThick: 3

NrOfConditions: 53

congruent_VIDEO_TTrust_directed
0
Color: 255 255 255

congruent_VIDEO_TTrust_averted
0
Color: 155 155 155

congruent_VIDEO_TUntrust_directed
0
Color: 255 0 255

congruent_VIDEO_TUntrust_averted
0
Color: 155 0 155

congruent_VIDEO_PC
0
Color: 255 255 0

congruent_EVALUATION_TTrust_directed
0
Color: 0 255 255

congruent_EVALUATION_TTrust_averted
0
Color: 228 228 228

congruent_EVALUATION_TUntrust_directed
0
Color: 0 155 155

congruent_EVALUATION_TUntrust_averted
0
Color: 128 128 128

congruent_EVALUATION_PC
0
Color: 238 238 238

congruent_DECISION_TTrust_directed
0
Color: 10 40 40

congruent_DECISION_TTrust_averted
0
Color: 140 50 0

congruent_DECISION_TUntrust_directed
0
Color: 0 30 40

congruent_DECISION_TUntrust_averted
0
Color: 240 30 0

congruent_DECISION_PC
0
Color: 0 50 70

congruent_FEEDBACK_TTrust_directed
0
Color: 90 10 70

congruent_FEEDBACK_TTrust_averted
0
Color: 60 20 50

congruent_FEEDBACK_TUntrust_directed
0
Color: 80 30 60

congruent_FEEDBACK_TUntrust_averted
0
Color: 40 50 20

congruent_FEEDBACK_PC
0
Color: 200 200 70

incongruent_VIDEO_TTrust_directed
2
224001 228565
280000 284562
Color: 255 255 255

incongruent_VIDEO_TTrust_averted
2
250000 254756
304000 308655
Color: 155 155 155

incongruent_VIDEO_TTrust_averted_excluded
2
144001 148674
332000 336655
Color: 100 100 100

incongruent_VIDEO_TUntrust_directed
2
118002 122568
362000 366560
Color: 255 0 255

incongruent_VIDEO_TUntrust_directed_excluded
2
170001 174567
386000 390559
Color: 100 100 100

incongruent_VIDEO_TUntrust_averted
2
34002 38572
198001 202568
Color: 155 0 155

incongruent_VIDEO_PC
2
60002 64068
415999 420073
Color: 255 255 0

incongruent_VIDEO_PC_excluded
2
8003 12087
92002 96067
Color: 100 100 100

incongruent_EVALUATION_TTrust_directed
0
Color: 0 255 255

incongruent_EVALUATION_TTrust_averted
2
254778 258814
336675 340715
Color: 228 228 228

incongruent_EVALUATION_TUntrust_directed
2
174581 178620
390573 394614
Color: 0 155 155

incongruent_EVALUATION_TUntrust_averted
0
Color: 128 128 128

incongruent_EVALUATION_PC
2
64085 68126
420089 424129
Color: 238 238 238

incongruent_DECISION_TTrust_directed
2
230595 234635
286593 290634
Color: 10 40 40

incongruent_DECISION_TTrust_averted
2
260844 264884
310676 314716
Color: 140 50 0

incongruent_DECISION_TTrust_averted_excluded
2
150698 154738
342742 346781
Color: 100 100 100

incongruent_DECISION_TUntrust_directed
2
124599 128639
368591 372630
Color: 0 30 40

incongruent_DECISION_TUntrust_directed_excluded
2
180647 184687
396640 400680
Color: 100 100 100

incongruent_DECISION_TUntrust_averted
2
40602 44641
204596 208636
Color: 240 30 0

incongruent_DECISION_PC
2
70151 74190
426156 430196
Color: 0 50 70

incongruent_DECISION_PC_excluded
2
14170 18211
98100 102139
Color: 100 100 100

incongruent_FEEDBACK_TTrust_directed
2
240646 242661
294644 296659
Color: 90 10 70

incongruent_FEEDBACK_TTrust_averted
2
268895 270910
320727 322742
Color: 60 20 50

incongruent_FEEDBACK_TTrust_averted_excluded
2
160749 162764
350792 352808
Color: 100 100 100

incongruent_FEEDBACK_TUntrust_directed
2
134650 136665
376642 378657
Color: 80 30 60

incongruent_FEEDBACK_TUntrust_directed_excluded
2
188698 190713
406691 408706
Color: 100 100 100

incongruent_FEEDBACK_TUntrust_averted
2
48654 50668
212647 214662
Color: 40 50 20

incongruent_FEEDBACK_PC
2
80202 82217
436206 438221
Color: 200 200 70

incongruent_FEEDBACK_PC_excluded
2
24243 26252
106150 108166
Color: 100 100 100

Video_NO_RESPONSE
0
Color: 80 80 80

Evaluation_NO_RESPONSE
3
12087 12087
96067 96067
122568 122568
Color: 0 90 90

Decision_NO_RESPONSE
0
Color: 90 0 90

Feedback_NO_RESPONSE
0
Color: 90 90 0