FileVersion: 1

ResolutionOfTime: msec

Experiment: trustgame_tg06_run6

BackgroundColor: 0 0 0
TextColor: 255 255 255
TimeCourseColor: 0 170 0
TimeCourseThick: 3
ReferenceFuncColor: 113 113 255
ReferenceFuncThick: 3

NrOfConditions: 53

congruent_VIDEO_TTrust_directed
0
Color: 255 255 255

congruent_VIDEO_TTrust_averted
0
Color: 155 155 155

congruent_VIDEO_TUntrust_directed
0
Color: 255 0 255

congruent_VIDEO_TUntrust_averted
0
Color: 155 0 155

congruent_VIDEO_PC
0
Color: 255 255 0

congruent_EVALUATION_TTrust_directed
0
Color: 0 255 255

congruent_EVALUATION_TTrust_averted
0
Color: 228 228 228

congruent_EVALUATION_TUntrust_directed
0
Color: 0 155 155

congruent_EVALUATION_TUntrust_averted
0
Color: 128 128 128

congruent_EVALUATION_PC
0
Color: 238 238 238

congruent_DECISION_TTrust_directed
0
Color: 10 40 40

congruent_DECISION_TTrust_averted
0
Color: 140 50 0

congruent_DECISION_TUntrust_directed
0
Color: 0 30 40

congruent_DECISION_TUntrust_averted
0
Color: 240 30 0

congruent_DECISION_PC
0
Color: 0 50 70

congruent_FEEDBACK_TTrust_directed
0
Color: 90 10 70

congruent_FEEDBACK_TTrust_averted
0
Color: 60 20 50

congruent_FEEDBACK_TUntrust_directed
0
Color: 80 30 60

congruent_FEEDBACK_TUntrust_averted
0
Color: 40 50 20

congruent_FEEDBACK_PC
0
Color: 200 200 70

incongruent_VIDEO_TTrust_directed
2
32002 36566
222001 226560
Color: 255 255 255

incongruent_VIDEO_TTrust_averted
2
8002 12683
86002 90758
Color: 155 155 155

incongruent_VIDEO_TTrust_averted_excluded
2
142001 146658
275999 280654
Color: 100 100 100

incongruent_VIDEO_TUntrust_directed
2
250000 254558
303999 308557
Color: 255 0 255

incongruent_VIDEO_TUntrust_directed_excluded
2
116002 120564
379999 384554
Color: 100 100 100

incongruent_VIDEO_TUntrust_averted
2
58002 62565
355999 360555
Color: 155 0 155

incongruent_VIDEO_PC
2
194001 198075
331999 336071
Color: 255 255 0

incongruent_VIDEO_PC_excluded
2
170001 174093
405998 410068
Color: 100 100 100

incongruent_EVALUATION_TTrust_directed
0
Color: 0 255 255

incongruent_EVALUATION_TTrust_averted
2
90779 92233
280672 281995
Color: 228 228 228

incongruent_EVALUATION_TUntrust_directed
2
254573 255916
384569 386695
Color: 0 155 155

incongruent_EVALUATION_TUntrust_averted
0
Color: 128 128 128

incongruent_EVALUATION_PC
2
198091 200247
410084 412583
Color: 238 238 238

incongruent_DECISION_TTrust_directed
2
38597 42618
228590 232610
Color: 10 40 40

incongruent_DECISION_TTrust_averted
2
94261 98281
148693 152710
Color: 140 50 0

incongruent_DECISION_TTrust_averted_excluded
2
14765 18786
284022 288038
Color: 100 100 100

incongruent_DECISION_TUntrust_directed
2
257939 261960
310588 314608
Color: 0 30 40

incongruent_DECISION_TUntrust_directed_excluded
2
122594 126614
388718 392738
Color: 100 100 100

incongruent_DECISION_TUntrust_averted
2
64596 68615
362586 366606
Color: 240 30 0

incongruent_DECISION_PC
2
202275 206295
338103 342119
Color: 0 50 70

incongruent_DECISION_PC_excluded
2
176125 180146
414617 418637
Color: 100 100 100

incongruent_FEEDBACK_TTrust_directed
2
48632 50646
238624 240640
Color: 90 10 70

incongruent_FEEDBACK_TTrust_averted
2
104296 106311
158727 160742
Color: 60 20 50

incongruent_FEEDBACK_TTrust_averted_excluded
2
22821 24830
294056 296071
Color: 100 100 100

incongruent_FEEDBACK_TUntrust_directed
2
265973 267989
320622 322637
Color: 80 30 60

incongruent_FEEDBACK_TUntrust_directed
2
132628 134643
396752 398768
Color: 100 100 100

incongruent_FEEDBACK_TUntrust_averted
2
74630 76645
370620 372635
Color: 40 50 20

incongruent_FEEDBACK_PC
2
210309 212324
346137 348153
Color: 200 200 70

incongruent_FEEDBACK_PC_excluded
2
184160 186175
422651 424667
Color: 100 100 100

Video_NO_RESPONSE
0
Color: 80 80 80

Evaluation_NO_RESPONSE
0
Color: 0 90 90

Decision_NO_RESPONSE
0
Color: 90 0 90

Feedback_NO_RESPONSE
0
Color: 90 90 0