FileVersion: 1

ResolutionOfTime: msec

Experiment: trustgame_tg20_run6

BackgroundColor: 0 0 0
TextColor: 255 255 255
TimeCourseColor: 0 170 0
TimeCourseThick: 3
ReferenceFuncColor: 113 113 255
ReferenceFuncThick: 3

NrOfConditions: 53

congruent_VIDEO_TTrust_directed
0
Color: 255 255 255

congruent_VIDEO_TTrust_averted
0
Color: 155 155 155

congruent_VIDEO_TUntrust_directed
0
Color: 255 0 255

congruent_VIDEO_TUntrust_averted
0
Color: 155 0 155

congruent_VIDEO_PC
0
Color: 255 255 0

congruent_EVALUATION_TTrust_directed
0
Color: 0 255 255

congruent_EVALUATION_TTrust_averted
0
Color: 228 228 228

congruent_EVALUATION_TUntrust_directed
0
Color: 0 155 155

congruent_EVALUATION_TUntrust_averted
0
Color: 128 128 128

congruent_EVALUATION_PC
0
Color: 238 238 238

congruent_DECISION_TTrust_directed
0
Color: 10 40 40

congruent_DECISION_TTrust_averted
0
Color: 140 50 0

congruent_DECISION_TUntrust_directed
0
Color: 0 30 40

congruent_DECISION_TUntrust_averted
0
Color: 240 30 0

congruent_DECISION_PC
0
Color: 0 50 70

congruent_FEEDBACK_TTrust_directed
0
Color: 90 10 70

congruent_FEEDBACK_TTrust_averted
0
Color: 60 20 50

congruent_FEEDBACK_TUntrust_directed
0
Color: 80 30 60

congruent_FEEDBACK_TUntrust_averted
0
Color: 40 50 20

congruent_FEEDBACK_PC
0
Color: 200 200 70

incongruent_VIDEO_TTrust_directed
2
32002 36567
226003 230563
Color: 255 255 255

incongruent_VIDEO_TTrust_averted
2
8003 12682
284003 288657
Color: 155 155 155

incongruent_VIDEO_TTrust_averted_excluded
2
86003 90760
144003 148659
Color: 100 100 100

incongruent_VIDEO_TUntrust_directed
0
Color: 255 0 255

incongruent_VIDEO_TUntrust_averted
2
58002 62566
366002 370561
Color: 155 0 155

incongruent_VIDEO_PC
2
342002 346075
418002 422073
Color: 255 255 0

incongruent_VIDEO_PC_excluded
2
172003 176078
196003 200078
Color: 100 100 100

incongruent_EVALUATION_TTrust_directed
0
Color: 0 255 255

incongruent_EVALUATION_TTrust_averted
2
90780 94818
288676 292713
Color: 228 228 228

incongruent_EVALUATION_TUntrust_directed
1
258576 262616
Color: 0 155 155

incongruent_EVALUATION_TUntrust_averted
0
Color: 128 128 128

incongruent_EVALUATION_PC
2
200094 204130
422090 426126
Color: 238 238 238

incongruent_DECISION_TTrust_directed
2
38597 42634
232593 236629
Color: 10 40 40

incongruent_DECISION_TTrust_averted
2
14765 18801
294742 298778
Color: 140 50 0

incongruent_DECISION_TTrust_averted_excluded
2
96846 100882
150695 154731
Color: 100 100 100

incongruent_DECISION_TUntrust_directed
0
Color: 0 30 40

incongruent_DECISION_TUntrust_averted
2
64597 68633
372591 376627
Color: 240 30 0

incongruent_DECISION_PC
2
348108 352148
428156 432193
Color: 0 50 70

incongruent_DECISION_PC_excluded
2
178111 182151
206160 210196
Color: 100 100 100

incongruent_FEEDBACK_TTrust_directed
2
48650 50663
242644 244659
Color: 90 10 70

incongruent_FEEDBACK_TTrust_averted
2
22838 24847
304793 306808
Color: 60 20 50

incongruent_FEEDBACK_TTrust_averted_excluded
2
106897 108912
160746 162761
Color: 100 100 100

incongruent_FEEDBACK_TUntrust_directed
0
Color: 80 30 60

incongruent_FEEDBACK_TUntrust_averted
2
74647 76663
380642 382657
Color: 40 50 20

incongruent_FEEDBACK_PC
2
356159 358174
436207 438222
Color: 200 200 70

incongruent_FEEDBACK_PC_excluded
2
186162 188177
214211 216227
Color: 100 100 100

Video_NO_RESPONSE
4
118003 122565
254003 258561
314002 318561
390003 394559
Color: 80 80 80

Evaluation_NO_RESPONSE
1
394574 398615
Color: 0 90 90

Decision_NO_RESPONSE
4
124595 128631
264643 268680
320592 324628
400640 404676
Color: 90 0 90

Feedback_NO_RESPONSE
4
134646 136662
272694 274709
330642 332658
408691 410706
Color: 90 90 0