FileVersion: 1

ResolutionOfTime: msec

Experiment: trustgame_tg18_run7

BackgroundColor: 0 0 0
TextColor: 255 255 255
TimeCourseColor: 0 170 0
TimeCourseThick: 3
ReferenceFuncColor: 113 113 255
ReferenceFuncThick: 3

NrOfConditions: 53

congruent_VIDEO_TTrust_directed
0
Color: 255 255 255

congruent_VIDEO_TTrust_averted
0
Color: 155 155 155

congruent_VIDEO_TUntrust_directed
0
Color: 255 0 255

congruent_VIDEO_TUntrust_averted
0
Color: 155 0 155

congruent_VIDEO_PC
0
Color: 255 255 0

congruent_EVALUATION_TTrust_directed
0
Color: 0 255 255

congruent_EVALUATION_TTrust_averted
0
Color: 228 228 228

congruent_EVALUATION_TUntrust_directed
0
Color: 0 155 155

congruent_EVALUATION_TUntrust_averted
0
Color: 128 128 128

congruent_EVALUATION_PC
0
Color: 238 238 238

congruent_DECISION_TTrust_directed
0
Color: 10 40 40

congruent_DECISION_TTrust_averted
0
Color: 140 50 0

congruent_DECISION_TUntrust_directed
0
Color: 0 30 40

congruent_DECISION_TUntrust_averted
0
Color: 240 30 0

congruent_DECISION_PC
0
Color: 0 50 70

congruent_FEEDBACK_TTrust_directed
0
Color: 90 10 70

congruent_FEEDBACK_TTrust_averted
0
Color: 60 20 50

congruent_FEEDBACK_TUntrust_directed
0
Color: 80 30 60

congruent_FEEDBACK_TUntrust_averted
0
Color: 40 50 20

congruent_FEEDBACK_PC
0
Color: 200 200 70

incongruent_VIDEO_TTrust_directed
2
224079 228641
280079 284641
Color: 255 255 255

incongruent_VIDEO_TTrust_averted
2
250079 254734
304080 308736
Color: 155 155 155

incongruent_VIDEO_TTrust_averted_excluded
2
144078 148752
332080 336736
Color: 100 100 100

incongruent_VIDEO_TUntrust_directed
2
170078 174641
386080 390639
Color: 255 0 255

incongruent_VIDEO_TUntrust_directed_excluded
2
118078 122641
362080 366640
Color: 100 100 100

incongruent_VIDEO_TUntrust_averted
2
34077 38643
198079 202641
Color: 155 0 155

incongruent_VIDEO_PC
2
8078 12157
60077 64156
Color: 255 255 0

incongruent_VIDEO_PC_excluded
2
92078 96156
416081 420154
Color: 100 100 100

incongruent_EVALUATION_TTrust_directed
0
Color: 0 255 255

incongruent_EVALUATION_TTrust_averted
2
254755 258857
336754 340855
Color: 228 228 228

incongruent_EVALUATION_TUntrust_directed
2
174672 178777
390654 394759
Color: 0 155 155

incongruent_EVALUATION_TUntrust_averted
0
Color: 128 128 128

incongruent_EVALUATION_PC
2
64173 68279
420170 424271
Color: 238 238 238

incongruent_DECISION_TTrust_directed
2
230671 234776
286671 290776
Color: 10 40 40

incongruent_DECISION_TTrust_averted
2
260888 264990
310771 314872
Color: 140 50 0

incongruent_DECISION_TTrust_averted_excluded
2
150788 154893
342887 346990
Color: 100 100 100

incongruent_DECISION_TUntrust_directed
2
180805 184906
396787 400892
Color: 0 30 40

incongruent_DECISION_TUntrust_directed_excluded
2
124672 128777
368670 372773
Color: 100 100 100

incongruent_DECISION_TUntrust_averted
2
40673 44777
204671 208776
Color: 240 30 0

incongruent_DECISION_PC
2
14240 18341
70306 74411
Color: 0 50 70

incongruent_DECISION_PC_excluded
2
98189 102290
426303 430408
Color: 100 100 100

incongruent_FEEDBACK_TTrust_directed
2
240789 242804
294789 296804
Color: 90 10 70

incongruent_FEEDBACK_TTrust_averted
2
269005 271021
320888 322904
Color: 60 20 50

incongruent_FEEDBACK_TTrust_averted_excluded
2
160906 162921
351005 353020
Color: 100 100 100

incongruent_FEEDBACK_TUntrust_directed
2
188923 190938
406904 408920
Color: 80 30 60

incongruent_FEEDBACK_TUntrust_directed_excluded
2
134790 136805
376788 378803
Color: 100 100 100

incongruent_FEEDBACK_TUntrust_averted
2
48792 50806
212789 214804
Color: 40 50 20

incongruent_FEEDBACK_PC
2
24380 26389
80423 82439
Color: 200 200 70

incongruent_FEEDBACK_PC_excluded
2
106306 108322
436421 438436
Color: 100 100 100

Video_NO_RESPONSE
0
Color: 80 80 80

Evaluation_NO_RESPONSE
1
308736 308736
Color: 0 90 90

Decision_NO_RESPONSE
0
Color: 90 0 90

Feedback_NO_RESPONSE
0
Color: 90 90 0