FileVersion: 1

ResolutionOfTime: msec

Experiment: trustgame_tg14_run5

BackgroundColor: 0 0 0
TextColor: 255 255 255
TimeCourseColor: 0 170 0
TimeCourseThick: 3
ReferenceFuncColor: 113 113 255
ReferenceFuncThick: 3

NrOfConditions: 53

congruent_VIDEO_TTrust_directed
0
Color: 255 255 255

congruent_VIDEO_TTrust_averted
0
Color: 155 155 155

congruent_VIDEO_TUntrust_directed
0
Color: 255 0 255

congruent_VIDEO_TUntrust_averted
0
Color: 155 0 155

congruent_VIDEO_PC
0
Color: 255 255 0

congruent_EVALUATION_TTrust_directed
0
Color: 0 255 255

congruent_EVALUATION_TTrust_averted
0
Color: 228 228 228

congruent_EVALUATION_TUntrust_directed
0
Color: 0 155 155

congruent_EVALUATION_TUntrust_averted
0
Color: 128 128 128

congruent_EVALUATION_PC
0
Color: 238 238 238

congruent_DECISION_TTrust_directed
0
Color: 10 40 40

congruent_DECISION_TTrust_averted
0
Color: 140 50 0

congruent_DECISION_TUntrust_directed
0
Color: 0 30 40

congruent_DECISION_TUntrust_averted
0
Color: 240 30 0

congruent_DECISION_PC
0
Color: 0 50 70

congruent_FEEDBACK_TTrust_directed
0
Color: 90 10 70

congruent_FEEDBACK_TTrust_averted
0
Color: 60 20 50

congruent_FEEDBACK_TUntrust_directed
0
Color: 80 30 60

congruent_FEEDBACK_TUntrust_averted
0
Color: 40 50 20

congruent_FEEDBACK_PC
0
Color: 200 200 70

incongruent_VIDEO_TTrust_directed
2
112077 116647
312076 316642
Color: 255 255 255

incongruent_VIDEO_TTrust_averted
2
34077 38752
62076 66830
Color: 155 155 155

incongruent_VIDEO_TTrust_averted_excluded
2
336076 340832
362076 366732
Color: 100 100 100

incongruent_VIDEO_TUntrust_directed
2
8077 12651
390076 394639
Color: 255 0 255

incongruent_VIDEO_TUntrust_directed_excluded
2
252076 256643
416076 420641
Color: 100 100 100

incongruent_VIDEO_TUntrust_averted
2
88077 92630
196076 200644
Color: 155 0 155

incongruent_VIDEO_PC
2
142077 146161
168076 172143
Color: 255 255 0

incongruent_VIDEO_PC_excluded
2
224076 228142
280076 284141
Color: 100 100 100

incongruent_EVALUATION_TTrust_directed
1
116662 120764
Color: 0 255 255

incongruent_EVALUATION_TTrust_averted
1
366755 370860
Color: 228 228 228

incongruent_EVALUATION_TUntrust_directed
1
420653 424759
Color: 0 155 155

incongruent_EVALUATION_TUntrust_averted
1
200659 204764
Color: 128 128 128

incongruent_EVALUATION_PC
2
172160 176265
284157 288262
Color: 238 238 238

incongruent_DECISION_TTrust_directed
2
122794 126894
318673 322778
Color: 10 40 40

incongruent_DECISION_TTrust_averted
2
40780 44881
68862 72964
Color: 140 50 0

incongruent_DECISION_TTrust_averted_excluded
2
342855 346956
372888 376988
Color: 100 100 100

incongruent_DECISION_TUntrust_directed
2
14731 18833
396671 400772
Color: 0 30 40

incongruent_DECISION_TUntrust_directed_excluded
2
258674 262775
426786 430887
Color: 100 100 100

incongruent_DECISION_TUntrust_averted
2
94661 98767
206792 210892
Color: 240 30 0

incongruent_DECISION_PC
2
148193 152294
178293 182398
Color: 0 50 70

incongruent_DECISION_PC_excluded
2
230175 234280
290290 294395
Color: 100 100 100

incongruent_FEEDBACK_TTrust_directed
2
132912 134927
326790 328805
Color: 90 10 70

incongruent_FEEDBACK_TTrust_averted
2
50899 52912
76980 78995
Color: 60 20 50

incongruent_FEEDBACK_TTrust_averted_excluded
2
350973 352988
381005 383021
Color: 100 100 100

incongruent_FEEDBACK_TUntrust_directed
2
24871 26880
404788 406803
Color: 80 30 60

incongruent_FEEDBACK_TUntrust_directed_excluded
2
268792 270807
436904 438919
Color: 100 100 100

incongruent_FEEDBACK_TUntrust_averted
2
102779 104794
214910 216925
Color: 40 50 20

incongruent_FEEDBACK_PC
2
158311 160326
186410 188425
Color: 200 200 70

incongruent_FEEDBACK_PC_excluded
2
240292 242307
300407 302423
Color: 100 100 100

Video_NO_RESPONSE
0
Color: 80 80 80

Evaluation_NO_RESPONSE
0
Color: 0 90 90

Decision_NO_RESPONSE
0
Color: 90 0 90

Feedback_NO_RESPONSE
0
Color: 90 90 0