FileVersion: 1

ResolutionOfTime: msec

Experiment: trustgame_tg19_run7

BackgroundColor: 0 0 0
TextColor: 255 255 255
TimeCourseColor: 0 170 0
TimeCourseThick: 3
ReferenceFuncColor: 113 113 255
ReferenceFuncThick: 3

NrOfConditions: 53

congruent_VIDEO_TTrust_directed
0
Color: 255 255 255

congruent_VIDEO_TTrust_averted
0
Color: 155 155 155

congruent_VIDEO_TUntrust_directed
0
Color: 255 0 255

congruent_VIDEO_TUntrust_averted
0
Color: 155 0 155

congruent_VIDEO_PC
0
Color: 255 255 0

congruent_EVALUATION_TTrust_directed
0
Color: 0 255 255

congruent_EVALUATION_TTrust_averted
0
Color: 228 228 228

congruent_EVALUATION_TUntrust_directed
0
Color: 0 155 155

congruent_EVALUATION_TUntrust_averted
0
Color: 128 128 128

congruent_EVALUATION_PC
0
Color: 238 238 238

congruent_DECISION_TTrust_directed
0
Color: 10 40 40

congruent_DECISION_TTrust_averted
0
Color: 140 50 0

congruent_DECISION_TUntrust_directed
0
Color: 0 30 40

congruent_DECISION_TUntrust_averted
0
Color: 240 30 0

congruent_DECISION_PC
0
Color: 0 50 70

congruent_FEEDBACK_TTrust_directed
0
Color: 90 10 70

congruent_FEEDBACK_TTrust_averted
0
Color: 60 20 50

congruent_FEEDBACK_TUntrust_directed
0
Color: 80 30 60

congruent_FEEDBACK_TUntrust_averted
0
Color: 40 50 20

congruent_FEEDBACK_PC
0
Color: 200 200 70

incongruent_VIDEO_TTrust_directed
2
224004 228562
280004 284561
Color: 255 255 255

incongruent_VIDEO_TTrust_averted
2
144004 148677
250004 254760
Color: 155 155 155

incongruent_VIDEO_TTrust_averted_excluded
2
304004 308660
332004 336660
Color: 100 100 100

incongruent_VIDEO_TUntrust_directed
2
118004 122563
170004 174563
Color: 255 0 255

incongruent_VIDEO_TUntrust_directed_excluded
2
362005 366561
386005 390562
Color: 100 100 100

incongruent_VIDEO_TUntrust_averted
2
34003 38567
198004 202562
Color: 155 0 155

incongruent_VIDEO_PC
2
60003 64079
92004 96078
Color: 255 255 0

incongruent_VIDEO_PC
1
416005 420074
Color: 100 100 100

incongruent_EVALUATION_TTrust_directed
0
Color: 0 255 255

incongruent_EVALUATION_TTrust_averted
2
254776 258880
336674 340779
Color: 228 228 228

incongruent_EVALUATION_TUntrust_directed
2
174577 178682
390574 394678
Color: 0 155 155

incongruent_EVALUATION_TUntrust_averted
0
Color: 128 128 128

incongruent_EVALUATION_PC
2
64096 68201
420090 424194
Color: 238 238 238

incongruent_DECISION_TTrust_directed
2
230592 234697
286592 290696
Color: 10 40 40

incongruent_DECISION_TTrust_averted
2
150710 154815
260909 265013
Color: 140 50 0

incongruent_DECISION_TTrust_averted_excluded
2
310691 314796
342808 346912
Color: 100 100 100

incongruent_DECISION_TUntrust_directed
2
124594 128699
180710 184815
Color: 0 30 40

incongruent_DECISION_TUntrust_directed_excluded
2
368591 372695
396707 400811
Color: 100 100 100

incongruent_DECISION_TUntrust_averted
2
40595 44701
204593 208698
Color: 240 30 0

incongruent_DECISION_PC
2
70228 74333
98111 102216
Color: 0 50 70

incongruent_DECISION_PC_excluded
1
426223 430328
Color: 100 100 100

incongruent_FEEDBACK_TTrust_directed
2
240710 242725
294709 296725
Color: 90 10 70

incongruent_FEEDBACK_TTrust_averted
2
160828 162843
269026 271042
Color: 60 20 50

incongruent_FEEDBACK_TTrust_averted_excluded
2
320809 322824
350925 352940
Color: 100 100 100

incongruent_FEEDBACK_TUntrust_directed
2
134712 136727
188828 190843
Color: 80 30 60

incongruent_FEEDBACK_TUntrust_directed_excluded
2
376708 378723
406824 408840
Color: 100 100 100

incongruent_FEEDBACK_TUntrust_averted
2
48715 50728
212710 214726
Color: 40 50 20

incongruent_FEEDBACK_PC
2
80346 82361
106229 108244
Color: 200 200 70

incongruent_FEEDBACK_PC_excluded
1
436341 438356
Color: 100 100 100

Video_NO_RESPONSE
1
8003 12080
Color: 80 80 80

Evaluation_NO_RESPONSE
3
12080 12080
38567 38567
148677 148678
Color: 0 90 90

Decision_NO_RESPONSE
1
14163 18269
Color: 90 0 90

Feedback_NO_RESPONSE
1
24303 26312
Color: 90 90 0