FileVersion: 1

ResolutionOfTime: msec

Experiment: trustgame_tg03_run6

BackgroundColor: 0 0 0
TextColor: 255 255 255
TimeCourseColor: 0 170 0
TimeCourseThick: 3
ReferenceFuncColor: 113 113 255
ReferenceFuncThick: 3

NrOfConditions: 53

congruent_VIDEO_TTrust_directed
0
Color: 255 255 255

congruent_VIDEO_TTrust_averted
0
Color: 155 155 155

congruent_VIDEO_TUntrust_directed
0
Color: 255 0 255

congruent_VIDEO_TUntrust_averted
0
Color: 155 0 155

congruent_VIDEO_PC
0
Color: 255 255 0

congruent_EVALUATION_TTrust_directed
0
Color: 0 255 255

congruent_EVALUATION_TTrust_averted
0
Color: 228 228 228

congruent_EVALUATION_TUntrust_directed
0
Color: 0 155 155

congruent_EVALUATION_TUntrust_averted
0
Color: 128 128 128

congruent_EVALUATION_PC
0
Color: 238 238 238

congruent_DECISION_TTrust_directed
0
Color: 10 40 40

congruent_DECISION_TTrust_averted
0
Color: 140 50 0

congruent_DECISION_TUntrust_directed
0
Color: 0 30 40

congruent_DECISION_TUntrust_averted
0
Color: 240 30 0

congruent_DECISION_PC
0
Color: 0 50 70

congruent_FEEDBACK_TTrust_directed
0
Color: 90 10 70

congruent_FEEDBACK_TTrust_averted
0
Color: 60 20 50

congruent_FEEDBACK_TUntrust_directed
0
Color: 80 30 60

congruent_FEEDBACK_TUntrust_averted
0
Color: 40 50 20

congruent_FEEDBACK_PC
0
Color: 200 200 70

incongruent_VIDEO_TTrust_directed
2
218078 222632
272078 276648
Color: 255 255 255

incongruent_VIDEO_TTrust_averted
2
140078 144750
324079 328833
Color: 155 155 155

incongruent_VIDEO_TTrust_averted_excluded
2
244078 248832
296078 300834
Color: 100 100 100

incongruent_VIDEO_TUntrust_directed
2
114077 118636
166078 170633
Color: 255 0 255

incongruent_VIDEO_TUntrust_directed_excluded
2
352079 356646
376079 380646
Color: 100 100 100

incongruent_VIDEO_TUntrust_averted
2
34077 38641
192078 196633
Color: 155 0 155

incongruent_VIDEO_PC
2
60077 64150
88077 92150
Color: 255 255 0

incongruent_VIDEO_PC_excluded
2
8077 12152
404079 408160
Color: 100 100 100

incongruent_EVALUATION_TTrust_directed
0
Color: 0 255 255

incongruent_EVALUATION_TTrust_averted
2
248847 250742
328845 330675
Color: 228 228 228

incongruent_EVALUATION_TUntrust_directed
2
170648 172819
380661 382083
Color: 0 155 155

incongruent_EVALUATION_TUntrust_averted
0
Color: 128 128 128

incongruent_EVALUATION_PC
2
64167 65716
408177 410940
Color: 238 238 238

incongruent_DECISION_TTrust_directed
2
224663 228765
278679 282780
Color: 10 40 40

incongruent_DECISION_TTrust_averted
2
146782 150887
332695 336796
Color: 140 50 0

incongruent_DECISION_TTrust_averted_excluded
2
252763 256869
302862 306968
Color: 100 100 100

incongruent_DECISION_TUntrust_directed
2
120665 124771
174848 178953
Color: 0 30 40

incongruent_DECISION_TUntrust_directed_excluded
2
358678 362778
384110 388212
Color: 100 100 100

incongruent_DECISION_TUntrust_averted
2
40667 44768
198664 202764
Color: 240 30 0

incongruent_DECISION_PC
2
67750 71851
94183 98288
Color: 0 50 70

incongruent_DECISION_PC_excluded
2
14235 18342
412977 417078
Color: 100 100 100

incongruent_FEEDBACK_TTrust_directed
2
234781 236796
286797 288812
Color: 90 10 70

incongruent_FEEDBACK_TTrust_averted
2
156899 158914
340812 342828
Color: 60 20 50

incongruent_FEEDBACK_TTrust_averted_excluded
2
260880 262896
312979 314995
Color: 100 100 100

incongruent_FEEDBACK_TUntrust_directed
2
130783 132798
182965 184981
Color: 80 30 60

incongruent_FEEDBACK_TUntrust_directed_excluded
2
366795 368810
394228 396243
Color: 100 100 100

incongruent_FEEDBACK_TUntrust_averted
2
48786 50800
206781 208797
Color: 40 50 20

incongruent_FEEDBACK_PC
2
77867 79883
102300 104315
Color: 200 200 70

incongruent_FEEDBACK_PC_excluded
2
24375 26384
423094 425109
Color: 100 100 100

Video_NO_RESPONSE
0
Color: 80 80 80

Evaluation_NO_RESPONSE
2
300834 300834
356646 356646
Color: 0 90 90

Decision_NO_RESPONSE
0
Color: 90 0 90

Feedback_NO_RESPONSE
0
Color: 90 90 0