FileVersion: 1

ResolutionOfTime: msec

Experiment: trustgame_tg22_run5

BackgroundColor: 0 0 0
TextColor: 255 255 255
TimeCourseColor: 0 170 0
TimeCourseThick: 3
ReferenceFuncColor: 113 113 255
ReferenceFuncThick: 3

NrOfConditions: 53

congruent_VIDEO_TTrust_directed
0
Color: 255 255 255

congruent_VIDEO_TTrust_averted
0
Color: 155 155 155

congruent_VIDEO_TUntrust_directed
0
Color: 255 0 255

congruent_VIDEO_TUntrust_averted
0
Color: 155 0 155

congruent_VIDEO_PC
0
Color: 255 255 0

congruent_EVALUATION_TTrust_directed
0
Color: 0 255 255

congruent_EVALUATION_TTrust_averted
0
Color: 228 228 228

congruent_EVALUATION_TUntrust_directed
0
Color: 0 155 155

congruent_EVALUATION_TUntrust_averted
0
Color: 128 128 128

congruent_EVALUATION_PC
0
Color: 238 238 238

congruent_DECISION_TTrust_directed
0
Color: 10 40 40

congruent_DECISION_TTrust_averted
0
Color: 140 50 0

congruent_DECISION_TUntrust_directed
0
Color: 0 30 40

congruent_DECISION_TUntrust_averted
0
Color: 240 30 0

congruent_DECISION_PC
0
Color: 0 50 70

congruent_FEEDBACK_TTrust_directed
0
Color: 90 10 70

congruent_FEEDBACK_TTrust_averted
0
Color: 60 20 50

congruent_FEEDBACK_TUntrust_directed
0
Color: 80 30 60

congruent_FEEDBACK_TUntrust_averted
0
Color: 40 50 20

congruent_FEEDBACK_PC
0
Color: 200 200 70

incongruent_VIDEO_TTrust_directed
2
112003 116561
312003 316560
Color: 255 255 255

incongruent_VIDEO_TTrust_averted
2
62003 66658
336004 340762
Color: 155 155 155

incongruent_VIDEO_TTrust_averted_excluded
2
34003 38676
362004 366661
Color: 100 100 100

incongruent_VIDEO_TUntrust_directed
2
252004 256559
390003 394557
Color: 255 0 255

incongruent_VIDEO_TUntrust_directed_excluded
2
8003 12565
416004 420573
Color: 100 100 100

incongruent_VIDEO_TUntrust_averted
2
88003 92562
196003 200560
Color: 155 0 155

incongruent_VIDEO_PC
2
168003 172075
224004 228075
Color: 255 255 0

incongruent_VIDEO_PC_excluded
2
142003 146093
280004 284074
Color: 100 100 100

incongruent_EVALUATION_TTrust_directed
1
116577 120618
Color: 0 255 255

incongruent_EVALUATION_TTrust_averted
1
366672 370708
Color: 228 228 228

incongruent_EVALUATION_TUntrust_directed
1
420588 424624
Color: 0 155 155

incongruent_EVALUATION_TUntrust_averted
1
200575 204614
Color: 128 128 128

incongruent_EVALUATION_PC
2
172092 176132
284090 288130
Color: 238 238 238

incongruent_DECISION_TTrust_directed
2
122643 126682
318589 322630
Color: 10 40 40

incongruent_DECISION_TTrust_averted
2
68693 72734
342789 346830
Color: 140 50 0

incongruent_DECISION_TTrust_averted_excluded
2
40711 44751
372738 376774
Color: 100 100 100

incongruent_DECISION_TUntrust_directed
2
258590 262630
396588 400629
Color: 0 30 40

incongruent_DECISION_TUntrust_directed_excluded
2
14645 18682
426654 430690
Color: 100 100 100

incongruent_DECISION_TUntrust_averted
2
94593 98633
206641 210681
Color: 240 30 0

incongruent_DECISION_PC
2
178158 182198
230107 234148
Color: 0 50 70

incongruent_DECISION_PC_excluded
2
148125 152166
290156 294196
Color: 100 100 100

incongruent_FEEDBACK_TTrust_directed
2
132694 134709
326640 328655
Color: 90 10 70

incongruent_FEEDBACK_TTrust_averted
2
76744 78760
350840 352855
Color: 60 20 50

incongruent_FEEDBACK_TTrust_averted_excluded
2
50763 52777
380789 382805
Color: 100 100 100

incongruent_FEEDBACK_TUntrust_directed
2
268641 270656
404639 406654
Color: 80 30 60

incongruent_FEEDBACK_TUntrust_directed_excluded
2
24718 26727
436705 438720
Color: 100 100 100

incongruent_FEEDBACK_TUntrust_averted
2
102644 104659
214692 216707
Color: 40 50 20

incongruent_FEEDBACK_PC
2
186209 188224
240158 242174
Color: 200 200 70

incongruent_FEEDBACK_PC_excluded
2
158176 160192
300207 302223
Color: 100 100 100

Video_NO_RESPONSE
0
Color: 80 80 80

Evaluation_NO_RESPONSE
2
92562 92562
146093 146093
Color: 0 90 90

Decision_NO_RESPONSE
0
Color: 90 0 90

Feedback_NO_RESPONSE
0
Color: 90 90 0