FileVersion: 1

ResolutionOfTime: msec

Experiment: trustgame_tg08_run8

BackgroundColor: 0 0 0
TextColor: 255 255 255
TimeCourseColor: 0 170 0
TimeCourseThick: 3
ReferenceFuncColor: 113 113 255
ReferenceFuncThick: 3

NrOfConditions: 53

congruent_VIDEO_TTrust_directed
0
Color: 255 255 255

congruent_VIDEO_TTrust_averted
0
Color: 155 155 155

congruent_VIDEO_TUntrust_directed
0
Color: 255 0 255

congruent_VIDEO_TUntrust_averted
0
Color: 155 0 155

congruent_VIDEO_PC
0
Color: 255 255 0

congruent_EVALUATION_TTrust_directed
0
Color: 0 255 255

congruent_EVALUATION_TTrust_averted
0
Color: 228 228 228

congruent_EVALUATION_TUntrust_directed
0
Color: 0 155 155

congruent_EVALUATION_TUntrust_averted
0
Color: 128 128 128

congruent_EVALUATION_PC
0
Color: 238 238 238

congruent_DECISION_TTrust_directed
0
Color: 10 40 40

congruent_DECISION_TTrust_averted
0
Color: 140 50 0

congruent_DECISION_TUntrust_directed
0
Color: 0 30 40

congruent_DECISION_TUntrust_averted
0
Color: 240 30 0

congruent_DECISION_PC
0
Color: 0 50 70

congruent_FEEDBACK_TTrust_directed
0
Color: 90 10 70

congruent_FEEDBACK_TTrust_averted
0
Color: 60 20 50

congruent_FEEDBACK_TUntrust_directed
0
Color: 80 30 60

congruent_FEEDBACK_TUntrust_averted
0
Color: 40 50 20

congruent_FEEDBACK_PC
0
Color: 200 200 70

incongruent_VIDEO_TTrust_directed
2
8003 12581
280001 284570
Color: 255 255 255

incongruent_VIDEO_TTrust_averted
2
224001 228759
306000 310758
Color: 155 155 155

incongruent_VIDEO_TTrust_averted_excluded
2
84002 88678
332000 336659
Color: 100 100 100

incongruent_VIDEO_TUntrust_directed
2
194002 198573
392000 396569
Color: 255 0 255

incongruent_VIDEO_TUntrust_directed_excluded
2
34003 38561
418000 422566
Color: 100 100 100

incongruent_VIDEO_TUntrust_averted
2
58002 62559
254001 258573
Color: 155 0 155

incongruent_VIDEO_PC
2
136002 140073
166002 170072
Color: 255 255 0

incongruent_VIDEO_PC_excluded
2
110002 114090
360000 364083
Color: 100 100 100

incongruent_EVALUATION_TTrust_directed
0
Color: 0 255 255

incongruent_EVALUATION_TTrust_averted
2
228770 232875
336683 340789
Color: 228 228 228

incongruent_EVALUATION_TUntrust_directed
2
198604 202709
422581 426686
Color: 0 155 155

incongruent_EVALUATION_TUntrust_averted
0
Color: 128 128 128

incongruent_EVALUATION_PC
2
140089 144195
364099 368204
Color: 238 238 238

incongruent_DECISION_TTrust_directed
2
14660 18766
286601 290707
Color: 10 40 40

incongruent_DECISION_TTrust_averted
2
234903 239008
312784 316889
Color: 140 50 0

incongruent_DECISION_TTrust_averted_excluded
2
90707 94808
342816 346922
Color: 100 100 100


incongruent_DECISION_TUntrust_directed
2
204737 208841
398598 402703
Color: 0 30 40

incongruent_DECISION_TUntrust_directed_excluded
2
40592 44697
428714 432819
Color: 100 100 100

incongruent_DECISION_TUntrust_averted
2
64591 68696
260602 264707
Color: 240 30 0

incongruent_DECISION_PC
2
146222 150327
172104 176210
Color: 0 50 70

incongruent_DECISION_PC_excluded
2
116123 120223
370232 374337
Color: 100 100 100

incongruent_FEEDBACK_TTrust_directed
2
24800 26809
294719 296734
Color: 90 10 70

incongruent_FEEDBACK_TTrust_averted
2
245020 247035
322901 324916
Color: 60 20 50

incongruent_FEEDBACK_TTrust_averted_excluded
2
98824 100840
350934 352949
Color: 100 100 100

incongruent_FEEDBACK_TUntrust_directed
2
212854 214870
408715 410730
Color: 80 30 60

incongruent_FEEDBACK_TUntrust_directed_excluded
2
48711 50724
436831 438846
Color: 100 100 100

incongruent_FEEDBACK_TUntrust_averted
2
72709 74724
268719 270735
Color: 40 50 20

incongruent_FEEDBACK_PC
2
156339 158355
182222 184237
Color: 200 200 70

incongruent_FEEDBACK_PC_excluded
2
126240 128255
380349 382365
Color: 100 100 100

Video_NO_RESPONSE
0
Color: 80 80 80

Evaluation_NO_RESPONSE
2
38561 38561
258573 258573
Color: 0 90 90

Decision_NO_RESPONSE
0
Color: 90 0 90

Feedback_NO_RESPONSE
0
Color: 90 90 0