FileVersion: 1

ResolutionOfTime: msec

Experiment: trustgame_tg21_run8

BackgroundColor: 0 0 0
TextColor: 255 255 255
TimeCourseColor: 0 170 0
TimeCourseThick: 3
ReferenceFuncColor: 113 113 255
ReferenceFuncThick: 3

NrOfConditions: 53

congruent_VIDEO_TTrust_directed
0
Color: 255 255 255

congruent_VIDEO_TTrust_averted
0
Color: 155 155 155

congruent_VIDEO_TUntrust_directed
0
Color: 255 0 255

congruent_VIDEO_TUntrust_averted
0
Color: 155 0 155

congruent_VIDEO_PC
0
Color: 255 255 0

congruent_EVALUATION_TTrust_directed
0
Color: 0 255 255

congruent_EVALUATION_TTrust_averted
0
Color: 228 228 228

congruent_EVALUATION_TUntrust_directed
0
Color: 0 155 155

congruent_EVALUATION_TUntrust_averted
0
Color: 128 128 128

congruent_EVALUATION_PC
0
Color: 238 238 238

congruent_DECISION_TTrust_directed
0
Color: 10 40 40

congruent_DECISION_TTrust_averted
0
Color: 140 50 0

congruent_DECISION_TUntrust_directed
0
Color: 0 30 40

congruent_DECISION_TUntrust_averted
0
Color: 240 30 0

congruent_DECISION_PC
0
Color: 0 50 70

congruent_FEEDBACK_TTrust_directed
0
Color: 90 10 70

congruent_FEEDBACK_TTrust_averted
0
Color: 60 20 50

congruent_FEEDBACK_TUntrust_directed
0
Color: 80 30 60

congruent_FEEDBACK_TUntrust_averted
0
Color: 40 50 20

congruent_FEEDBACK_PC
0
Color: 200 200 70

incongruent_VIDEO_TTrust_directed
2
112003 116560
312003 316556
Color: 255 255 255

incongruent_VIDEO_TTrust_averted
2
336003 340658
362003 366659
Color: 155 155 155

incongruent_VIDEO_TTrust_averted_excluded
2
34003 38677
62003 66759
Color: 155 155 155

incongruent_VIDEO_TUntrust_directed
2
390003 394571
416003 420572
Color: 255 0 255

incongruent_VIDEO_TUntrust_directed_excluded
2
8003 12583
252002 256558
Color: 100 100 100

incongruent_VIDEO_TUntrust_averted
2
88003 92560
196003 200558
Color: 155 0 155

incongruent_VIDEO_PC
2
168003 172074
280003 284089
Color: 255 255 0

incongruent_VIDEO_PC_excluded
1
142003 146092
Color: 100 100 100

incongruent_EVALUATION_TTrust_directed
1
116576 120679
Color: 0 255 255

incongruent_EVALUATION_TTrust_averted
1
366670 370775
Color: 228 228 228

incongruent_EVALUATION_TUntrust_directed
1
420585 424691
Color: 0 155 155

incongruent_EVALUATION_TUntrust_averted
1
200573 204679
Color: 128 128 128

incongruent_EVALUATION_PC
2
172090 176196
284105 288206
Color: 238 238 238

incongruent_DECISION_TTrust_directed
2
122708 126810
318587 322693
Color: 10 40 40

incongruent_DECISION_TTrust_averted
2
342687 346788
372803 376904
Color: 140 50 0

incongruent_DECISION_TTrust_averted_excluded
2
40710 44811
68793 72894
Color: 100 100 100

incongruent_DECISION_TUntrust_directed
2
396602 400708
426718 430824
Color: 0 30 40

incongruent_DECISION_TUntrust_directed_excluded
2
14661 18767
258589 262694
Color: 100 100 100

incongruent_DECISION_TUntrust_averted
2
94592 98698
206706 210812
Color: 240 30 0

incongruent_DECISION_PC
2
178224 182329
290238 294339
Color: 0 50 70

incongruent_DECISION_PC_excluded
1
148124 152225
Color: 100 100 100

incongruent_FEEDBACK_TTrust_directed
2
132828 134841
326705 328720
Color: 90 10 70

incongruent_FEEDBACK_TTrust_averted
2
350805 352820
380920 382936
Color: 60 20 50

incongruent_FEEDBACK_TTrust_averted_excluded
2
50829 52843
76910 78925
Color: 100 100 100

incongruent_FEEDBACK_TUntrust_directed
2
404720 406735
436836 438851
Color: 80 30 60

incongruent_FEEDBACK_TUntrust_directed_excluded
2
24803 26810
268706 270721
Color: 100 100 100

incongruent_FEEDBACK_TUntrust_averted
2
102710 104725
214824 216839
Color: 40 50 20

incongruent_FEEDBACK_PC
2
186341 188356
300358 302371
Color: 200 200 70

incongruent_FEEDBACK_PC_excluded
1
158242 160257
Color: 100 100 100

Video_NO_RESPONSE
1
224002 228073
Color: 80 80 80

Evaluation_NO_RESPONSE
1
92560 92560
Color: 0 90 90

Decision_NO_RESPONSE
1
230106 234212
Color: 90 0 90

Feedback_NO_RESPONSE
1
240223 242239
Color: 90 90 0