FileVersion: 1

ResolutionOfTime: msec

Experiment: trustgame_tg22_run6

BackgroundColor: 0 0 0
TextColor: 255 255 255
TimeCourseColor: 0 170 0
TimeCourseThick: 3
ReferenceFuncColor: 113 113 255
ReferenceFuncThick: 3

NrOfConditions: 53

congruent_VIDEO_TTrust_directed
0
Color: 255 255 255

congruent_VIDEO_TTrust_averted
0
Color: 155 155 155

congruent_VIDEO_TUntrust_directed
0
Color: 255 0 255

congruent_VIDEO_TUntrust_averted
0
Color: 155 0 155

congruent_VIDEO_PC
0
Color: 255 255 0

congruent_EVALUATION_TTrust_directed
0
Color: 0 255 255

congruent_EVALUATION_TTrust_averted
0
Color: 228 228 228

congruent_EVALUATION_TUntrust_directed
0
Color: 0 155 155

congruent_EVALUATION_TUntrust_averted
0
Color: 128 128 128

congruent_EVALUATION_PC
0
Color: 238 238 238

congruent_DECISION_TTrust_directed
0
Color: 10 40 40

congruent_DECISION_TTrust_averted
0
Color: 140 50 0

congruent_DECISION_TUntrust_directed
0
Color: 0 30 40

congruent_DECISION_TUntrust_averted
0
Color: 240 30 0

congruent_DECISION_PC
0
Color: 0 50 70

congruent_FEEDBACK_TTrust_directed
0
Color: 90 10 70

congruent_FEEDBACK_TTrust_averted
0
Color: 60 20 50

congruent_FEEDBACK_TUntrust_directed
0
Color: 80 30 60

congruent_FEEDBACK_TUntrust_averted
0
Color: 40 50 20

congruent_FEEDBACK_PC
0
Color: 200 200 70

incongruent_VIDEO_TTrust_directed
2
32003 36566
226003 230563
Color: 255 255 255

incongruent_VIDEO_TTrust_averted
2
8003 12682
284004 288760
Color: 155 155 155

incongruent_VIDEO_TTrust_averted_excluded
2
86003 90759
144003 148659
Color: 100 100 100

incongruent_VIDEO_TUntrust_directed
2
118003 122564
314004 318560
Color: 255 0 255

incongruent_VIDEO_TUntrust_directed_excluded
2
254004 258565
390004 394560
Color: 100 100 100

incongruent_VIDEO_TUntrust_averted
2
58002 62565
366004 370559
Color: 155 0 155

incongruent_VIDEO_PC
2
196003 200078
342004 346075
Color: 255 255 0

incongruent_VIDEO_PC_excluded
2
172003 176078
418004 422074
Color: 100 100 100

incongruent_EVALUATION_TTrust_directed
0
Color: 0 255 255

incongruent_EVALUATION_TTrust_averted
2
90780 94821
288776 292816
Color: 228 228 228

incongruent_EVALUATION_TUntrust_directed
2
258577 262616
394574 398615
Color: 0 155 155

incongruent_EVALUATION_TUntrust_averted
0
Color: 128 128 128

incongruent_EVALUATION_PC
2
200094 204134
422090 426130
Color: 238 238 238

incongruent_DECISION_TTrust_directed
2
38597 42637
232593 236633
Color: 10 40 40

incongruent_DECISION_TTrust_averted
2
14764 18805
294842 298882
Color: 140 50 0

incongruent_DECISION_TTrust_averted_excluded
2
96846 100886
150695 154735
Color: 100 100 100

incongruent_DECISION_TUntrust_directed
4
124595 128634
320592 324633
Color: 0 30 40

incongruent_DECISION_TUntrust_directed_excluded
2
264643 268678
400641 404681
Color: 100 100 100

incongruent_DECISION_TUntrust_averted
2
64596 68636
372591 376632
Color: 240 30 0

incongruent_DECISION_PC
2
206160 210201
348108 352149
Color: 0 50 70

incongruent_DECISION_PC_excluded
2
178111 182148
428157 432197
Color: 100 100 100

incongruent_FEEDBACK_TTrust_directed
2
48649 50663
242644 244660
Color: 90 10 70

incongruent_FEEDBACK_TTrust_averted
2
22838 24847
304893 306909
Color: 60 20 50

incongruent_FEEDBACK_TTrust_averted_excluded
2
106897 108912
160746 162761
Color: 100 100 100

incongruent_FEEDBACK_TUntrust_directed
2
134646 136661
330643 332658
Color: 80 30 60

incongruent_FEEDBACK_TUntrust_directed_excluded
2
272694 274709
408692 410707
Color: 100 100 100

incongruent_FEEDBACK_TUntrust_averted
2
74647 76662
380642 382657
Color: 40 50 20

incongruent_FEEDBACK_PC
2
214211 216227
356159 358174
Color: 200 200 70

incongruent_FEEDBACK_PC_excluded
2
186162 188177
436208 438223
Color: 100 100 100

Video_NO_RESPONSE
0
Color: 80 80 80

Evaluation_NO_RESPONSE
2
176078 176078
230563 230563
Color: 0 90 90

Decision_NO_RESPONSE
0
Color: 90 0 90

Feedback_NO_RESPONSE
0
Color: 90 90 0