FileVersion: 1

ResolutionOfTime: msec

Experiment: trustgame_tg21_run7

BackgroundColor: 0 0 0
TextColor: 255 255 255
TimeCourseColor: 0 170 0
TimeCourseThick: 3
ReferenceFuncColor: 113 113 255
ReferenceFuncThick: 3

NrOfConditions: 53

congruent_VIDEO_TTrust_directed
0
Color: 255 255 255

congruent_VIDEO_TTrust_averted
0
Color: 155 155 155

congruent_VIDEO_TUntrust_directed
0
Color: 255 0 255

congruent_VIDEO_TUntrust_averted
0
Color: 155 0 155

congruent_VIDEO_PC
0
Color: 255 255 0

congruent_EVALUATION_TTrust_directed
0
Color: 0 255 255

congruent_EVALUATION_TTrust_averted
0
Color: 228 228 228

congruent_EVALUATION_TUntrust_directed
0
Color: 0 155 155

congruent_EVALUATION_TUntrust_averted
0
Color: 128 128 128

congruent_EVALUATION_PC
0
Color: 238 238 238

congruent_DECISION_TTrust_directed
0
Color: 10 40 40

congruent_DECISION_TTrust_averted
0
Color: 140 50 0

congruent_DECISION_TUntrust_directed
0
Color: 0 30 40

congruent_DECISION_TUntrust_averted
0
Color: 240 30 0

congruent_DECISION_PC
0
Color: 0 50 70

congruent_FEEDBACK_TTrust_directed
0
Color: 90 10 70

congruent_FEEDBACK_TTrust_averted
0
Color: 60 20 50

congruent_FEEDBACK_TUntrust_directed
0
Color: 80 30 60

congruent_FEEDBACK_TUntrust_averted
0
Color: 40 50 20

congruent_FEEDBACK_PC
0
Color: 200 200 70

incongruent_VIDEO_TTrust_directed
2
60003 64559
330003 334571
Color: 255 255 255

incongruent_VIDEO_TTrust_averted
2
196003 200758
274003 278760
Color: 155 155 155

incongruent_VIDEO_TTrust_averted_excluded
1
34003 38691
Color: 100 100 100

incongruent_VIDEO_TUntrust_directed
2
140003 144558
250003 254572
Color: 255 0 255

incongruent_VIDEO_TUntrust_directed_excluded
2
222003 226556
298003 302571
Color: 100 100 100

incongruent_VIDEO_TUntrust_averted
2
88003 92559
166003 170573
Color: 155 0 155

incongruent_VIDEO_PC
2
392002 396084
418002 422083
Color: 255 255 0

incongruent_VIDEO_PC_excluded
1
360003 364085
Color: 255 255 0

incongruent_EVALUATION_TTrust_directed
1
334585 338690
Color: 0 255 255

incongruent_EVALUATION_TTrust_averted
1
116774 120880
Color: 228 228 228

incongruent_EVALUATION_TUntrust_directed
1
302586 306691
Color: 0 155 155

incongruent_EVALUATION_TUntrust_averted
1
170588 174693
Color: 128 128 128

incongruent_EVALUATION_PC
2
364101 368207
422100 426205
Color: 238 238 238

incongruent_DECISION_TTrust_directed
2
66590 70695
340718 344824
Color: 10 40 40

incongruent_DECISION_TTrust_averted
2
202788 206892
280786 284891
Color: 140 50 0

incongruent_DECISION_TTrust_averted_excluded
1
40724 44830
Color: 100 100 100

incongruent_DECISION_TUntrust_directed
2
146589 150694
256603 260708
Color: 0 30 40

incongruent_DECISION_TUntrust_directed_excluded
2
228587 232692
308719 312823
Color: 100 100 100

incongruent_DECISION_TUntrust_averted
2
94590 98691
176721 180826
Color: 240 30 0

incongruent_DECISION_PC
2
398117 402222
428233 432338
Color: 0 50 70

incongruent_DECISION_PC_excluded
2
370234 374340
Color: 100 100 100

incongruent_FEEDBACK_TTrust_directed
2
76708 78723
348836 350851
Color: 90 10 70

incongruent_FEEDBACK_TTrust_averted
2
210905 212920
288903 290919
Color: 60 20 50

incongruent_FEEDBACK_TTrust_averted_excluded
1
50843 52857
Color: 100 100 100

incongruent_FEEDBACK_TUntrust_directed
2
156708 158721
264721 266736
Color: 80 30 60

incongruent_FEEDBACK_TUntrust_directed_excluded
2
238705 240720
318838 320851
Color: 100 100 100

incongruent_FEEDBACK_TUntrust_averted
2
102707 104722
186841 188854
Color: 40 50 20

incongruent_FEEDBACK_PC
2
406234 408250
436350 438366
Color: 200 200 70

incongruent_FEEDBACK_PC_excluded
2
380352 382367
Color: 100 100 100

Video_NO_RESPONSE
2
8003 12092
112003 116758
Color: 80 80 80

Evaluation_NO_RESPONSE
2
12092 12092
254572 254572
Color: 0 90 90

Decision_NO_RESPONSE
2
14175 18281
122906 127010
Color: 90 0 90

Feedback_NO_RESPONSE
2
24318 26324
131023 133039
Color: 90 90 0