FileVersion: 1

ResolutionOfTime: msec

Experiment: trustgame_tg17_run4

BackgroundColor: 0 0 0
TextColor: 255 255 255
TimeCourseColor: 0 170 0
TimeCourseThick: 3
ReferenceFuncColor: 113 113 255
ReferenceFuncThick: 3

NrOfConditions: 53

congruent_VIDEO_TTrust_directed
0
Color: 255 255 255

congruent_VIDEO_TTrust_averted
0
Color: 155 155 155

congruent_VIDEO_TUntrust_directed
0
Color: 255 0 255

congruent_VIDEO_TUntrust_averted
0
Color: 155 0 155

congruent_VIDEO_PC
0
Color: 255 255 0

congruent_EVALUATION_TTrust_directed
0
Color: 0 255 255

congruent_EVALUATION_TTrust_averted
0
Color: 228 228 228

congruent_EVALUATION_TUntrust_directed
0
Color: 0 155 155

congruent_EVALUATION_TUntrust_averted
0
Color: 128 128 128

congruent_EVALUATION_PC
0
Color: 238 238 238

congruent_DECISION_TTrust_directed
0
Color: 10 40 40

congruent_DECISION_TTrust_averted
0
Color: 140 50 0

congruent_DECISION_TUntrust_directed
0
Color: 0 30 40

congruent_DECISION_TUntrust_averted
0
Color: 240 30 0

congruent_DECISION_PC
0
Color: 0 50 70

congruent_FEEDBACK_TTrust_directed
0
Color: 90 10 70

congruent_FEEDBACK_TTrust_averted
0
Color: 60 20 50

congruent_FEEDBACK_TUntrust_directed
0
Color: 80 30 60

congruent_FEEDBACK_TUntrust_averted
0
Color: 40 50 20

congruent_FEEDBACK_PC
0
Color: 200 200 70

incongruent_VIDEO_TTrust_directed
2
60003 64561
330005 334573
Color: 255 255 255

incongruent_VIDEO_TTrust_averted
2
112003 116758
274004 278763
Color: 155 155 155

incongruent_VIDEO_TTrust_averted_excluded
2
34003 38682
196004 200758
Color: 100 100 100

incongruent_VIDEO_TUntrust_directed
2
222004 226557
298004 302574
Color: 255 0 255

incongruent_VIDEO_TUntrust_directed_excluded
2
140003 144559
250004 254573
Color: 100 100 100

incongruent_VIDEO_TUntrust_averted
2
88003 92560
166003 170558
Color: 155 0 155

incongruent_VIDEO_PC
2
360005 364087
418005 422070
Color: 255 255 0

incongruent_VIDEO_PC_excluded
2
8003 12093
392005 396070
Color: 100 100 100

incongruent_EVALUATION_TTrust_directed
1
334587 338624
Color: 0 255 255

incongruent_EVALUATION_TTrust_averted
1
116775 120813
Color: 228 228 228

incongruent_EVALUATION_TUntrust_directed
1
302588 306625
Color: 0 155 155

incongruent_EVALUATION_TUntrust_averted
1
170573 174609
Color: 128 128 128

incongruent_EVALUATION_PC
2
364103 368142
422086 426123
Color: 238 238 238

incongruent_DECISION_TTrust_directed
2
66591 70627
340654 344690
Color: 10 40 40

incongruent_DECISION_TTrust_averted
2
122840 126877
280788 284825
Color: 140 50 0

incongruent_DECISION_TTrust_averted_excluded
2
40708 44745
202789 206826
Color: 100 100 100

incongruent_DECISION_TUntrust_directed
2
228589 232625
308654 312692
Color: 0 30 40

incongruent_DECISION_TUntrust_directed_excluded
2
146590 150627
256605 260641
Color: 100 100 100

incongruent_DECISION_TUntrust_averted
2
94591 98627
176639 180680
Color: 240 30 0

incongruent_DECISION_PC
2
370170 374209
428152 432190
Color: 0 50 70

incongruent_DECISION_PC_excluded
2
14176 18215
398103 402140
Color: 100 100 100

incongruent_FEEDBACK_TTrust_directed
2
76642 78657
348705 350720
Color: 90 10 70

incongruent_FEEDBACK_TTrust_averted
2
130891 132907
288839 290854
Color: 60 20 50

incongruent_FEEDBACK_TTrust_averted_excluded
2
50761 52774
210840 212855
Color: 100 100 100

incongruent_FEEDBACK_TUntrust_directed
2
238640 240655
318705 320720
Color: 80 30 60

incongruent_FEEDBACK_TUntrust_directed_excluded
2
156641 158656
264656 266671
Color: 100 100 100

incongruent_FEEDBACK_TUntrust_averted
2
102642 104657
186690 188706
Color: 40 50 20

incongruent_FEEDBACK_PC
2
380221 382236
436203 438219
Color: 200 200 70

incongruent_FEEDBACK_PC_excluded
2
24249 26258
406154 408169
Color: 100 100 100

Video_NO_RESPONSE
0
Color: 80 80 80

Evaluation_NO_RESPONSE
1
144559 144559
Color: 0 90 90

Decision_NO_RESPONSE
0
Color: 90 0 90

Feedback_NO_RESPONSE
0
Color: 90 90 0