FileVersion: 1

ResolutionOfTime: msec

Experiment: trustgame_tg11_run8

BackgroundColor: 0 0 0
TextColor: 255 255 255
TimeCourseColor: 0 170 0
TimeCourseThick: 3
ReferenceFuncColor: 113 113 255
ReferenceFuncThick: 3

NrOfConditions: 53

congruent_VIDEO_TTrust_directed
0
Color: 255 255 255

congruent_VIDEO_TTrust_averted
0
Color: 155 155 155

congruent_VIDEO_TUntrust_directed
0
Color: 255 0 255

congruent_VIDEO_TUntrust_averted
0
Color: 155 0 155

congruent_VIDEO_PC
0
Color: 255 255 0

congruent_EVALUATION_TTrust_directed
0
Color: 0 255 255

congruent_EVALUATION_TTrust_averted
0
Color: 228 228 228

congruent_EVALUATION_TUntrust_directed
0
Color: 0 155 155

congruent_EVALUATION_TUntrust_averted
0
Color: 128 128 128

congruent_EVALUATION_PC
0
Color: 238 238 238

congruent_DECISION_TTrust_directed
0
Color: 10 40 40

congruent_DECISION_TTrust_averted
0
Color: 140 50 0

congruent_DECISION_TUntrust_directed
0
Color: 0 30 40

congruent_DECISION_TUntrust_averted
0
Color: 240 30 0

congruent_DECISION_PC
0
Color: 0 50 70

congruent_FEEDBACK_TTrust_directed
0
Color: 90 10 70

congruent_FEEDBACK_TTrust_averted
0
Color: 60 20 50

congruent_FEEDBACK_TUntrust_directed
0
Color: 80 30 60

congruent_FEEDBACK_TUntrust_averted
0
Color: 40 50 20

congruent_FEEDBACK_PC
0
Color: 200 200 70

incongruent_VIDEO_TTrust_directed
2
8077 12645
280077 284636
Color: 255 255 255

incongruent_VIDEO_TTrust_averted
2
84077 88751
306078 310832
Color: 155 155 155

incongruent_VIDEO_TTrust_averted_excluded
1
332078 336735
Color: 100 100 100

incongruent_VIDEO_TUntrust_directed
2
34077 38640
392078 396632
Color: 255 0 255

incongruent_VIDEO_TUntrust_directed_excluded
2
194077 198636
418078 422649
Color: 100 100 100

incongruent_VIDEO_TUntrust_averted
2
58077 62639
254077 258635
Color: 155 0 155

incongruent_VIDEO_PC
2
136077 140152
166078 170152
Color: 255 255 0

incongruent_VIDEO_PC_excluded
2
110077 114153
360078 364148
Color: 100 100 100

incongruent_EVALUATION_TTrust_directed
0
Color: 0 255 255

incongruent_EVALUATION_TTrust_averted
2
228750 232852
336748 340849
Color: 228 228 228

incongruent_EVALUATION_TUntrust_directed
2
198651 202756
422663 426769
Color: 0 155 155

incongruent_EVALUATION_TUntrust_averted
0
Color: 128 128 128

incongruent_EVALUATION_PC
2
140169 144275
364164 368269
Color: 238 238 238

incongruent_DECISION_TTrust_directed
2
14722 18828
286665 290770
Color: 10 40 40

incongruent_DECISION_TTrust_averted
2
90786 94891
312865 316970
Color: 140 50 0

incongruent_DECISION_TTrust_averted_excluded
1
342881 346986
Color: 100 100 100

incongruent_DECISION_TUntrust_directed
2
40671 44776
398663 402763
Color: 0 30 40

incongruent_DECISION_TUntrust_directed_excluded
2
204784 208885
428796 432901
Color: 100 100 100

incongruent_DECISION_TUntrust_averted
2
64670 68775
260666 264771
Color: 240 30 0

incongruent_DECISION_PC
2
146302 150406
172184 176285
Color: 0 50 70

incongruent_DECISION_PC_excluded
2
116186 120291
370297 374401
Color: 100 100 100

incongruent_FEEDBACK_TTrust_directed
2
24862 26871
294783 296798
Color: 90 10 70

incongruent_FEEDBACK_TTrust_averted
2
98904 100919
322982 324998
Color: 60 20 50

incongruent_FEEDBACK_TTrust_averted_excluded
1
350999 353014
Color: 100 100 100

incongruent_FEEDBACK_TUntrust_directed
2
48790 50803
408781 410796
Color: 80 30 60

incongruent_FEEDBACK_TUntrust_directed_excluded
2
212901 214917
436913 438929
Color: 100 100 100

incongruent_FEEDBACK_TUntrust_averted
2
72788 74803
268783 270799
Color: 40 50 20

incongruent_FEEDBACK_PC
2
156419 158434
182302 184317
Color: 200 200 70

incongruent_FEEDBACK_PC_excluded
2
126303 128318
380415 382430
Color: 100 100 100

Video_NO_RESPONSE
1
224077 228733
Color: 80 80 80

Evaluation_NO_RESPONSE
1
114153 114153
Color: 0 90 90

Decision_NO_RESPONSE
1
234883 238989
Color: 90 0 90

Feedback_NO_RESPONSE
1
245001 247016
Color: 90 90 0