FileVersion: 1

ResolutionOfTime: msec

Experiment: trustgame_tg23_run7

BackgroundColor: 0 0 0
TextColor: 255 255 255
TimeCourseColor: 0 170 0
TimeCourseThick: 3
ReferenceFuncColor: 113 113 255
ReferenceFuncThick: 3

NrOfConditions: 53

congruent_VIDEO_TTrust_directed
0
Color: 255 255 255

congruent_VIDEO_TTrust_averted
0
Color: 155 155 155

congruent_VIDEO_TUntrust_directed
0
Color: 255 0 255

congruent_VIDEO_TUntrust_averted
0
Color: 155 0 155

congruent_VIDEO_PC
0
Color: 255 255 0

congruent_EVALUATION_TTrust_directed
0
Color: 0 255 255

congruent_EVALUATION_TTrust_averted
0
Color: 228 228 228

congruent_EVALUATION_TUntrust_directed
0
Color: 0 155 155

congruent_EVALUATION_TUntrust_averted
0
Color: 128 128 128

congruent_EVALUATION_PC
0
Color: 238 238 238

congruent_DECISION_TTrust_directed
0
Color: 10 40 40

congruent_DECISION_TTrust_averted
0
Color: 140 50 0

congruent_DECISION_TUntrust_directed
0
Color: 0 30 40

congruent_DECISION_TUntrust_averted
0
Color: 240 30 0

congruent_DECISION_PC
0
Color: 0 50 70

congruent_FEEDBACK_TTrust_directed
0
Color: 90 10 70

congruent_FEEDBACK_TTrust_averted
0
Color: 60 20 50

congruent_FEEDBACK_TUntrust_directed
0
Color: 80 30 60

congruent_FEEDBACK_TUntrust_averted
0
Color: 40 50 20

congruent_FEEDBACK_PC
0
Color: 200 200 70

incongruent_VIDEO_TTrust_directed
2
224078 228636
280079 284637
Color: 255 255 255

incongruent_VIDEO_TTrust_averted
2
144078 148751
250079 254833
Color: 155 155 155

incongruent_VIDEO_TTrust_averted_excluded
2
304079 308736
332080 336735
Color: 100 100 100

incongruent_VIDEO_TUntrust_directed
2
118077 122639
170078 174638
Color: 255 0 255

incongruent_VIDEO_TUntrust_directed_excluded
2
362080 366636
386080 390636
Color: 100 100 100

incongruent_VIDEO_TUntrust_averted
2
34077 38643
198078 202638
Color: 155 0 155

incongruent_VIDEO_PC
2
8077 12156
60077 64155
Color: 255 255 0

incongruent_VIDEO_PC_excluded
2
92077 96154
416080 420165
Color: 100 100 100

incongruent_EVALUATION_TTrust_directed
0
Color: 0 255 255

incongruent_EVALUATION_TTrust_averted
2
254851 258952
336750 340851
Color: 228 228 228

incongruent_EVALUATION_TUntrust_directed
2
174653 178754
390649 394756
Color: 0 155 155

incongruent_EVALUATION_TUntrust_averted
0
Color: 128 128 128

incongruent_EVALUATION_PC
2
64172 68278
420182 424288
Color: 238 238 238

incongruent_DECISION_TTrust_directed
2
230668 234770
286667 290769
Color: 10 40 40

incongruent_DECISION_TTrust_averted
2
150786 154888
260984 265085
Color: 140 50 0

incongruent_DECISION_TTrust_averted_excluded
2
310767 314868
342883 346985
Color: 100 100 100

incongruent_DECISION_TUntrust_directed
2
124670 128776
180786 184888
Color: 0 30 40

incongruent_DECISION_TUntrust_directed_excluded
2
368666 372771
396782 400883
Color: 100 100 100

incongruent_DECISION_TUntrust_averted
2
40672 44772
204669 208770
Color: 240 30 0

incongruent_DECISION_PC
2
14239 18341
70304 74405
Color: 0 50 70

incongruent_DECISION_PC_excluded
2
98187 102289
426315 430420
Color: 100 100 100

incongruent_FEEDBACK_TTrust_directed
2
240786 242801
294785 296800
Color: 90 10 70

incongruent_FEEDBACK_TTrust_averted
2
160904 162919
269102 271117
Color: 60 20 50

incongruent_FEEDBACK_TTrust_averted_excluded
2
320884 322900
351000 353016
Color: 100 100 100

incongruent_FEEDBACK_TUntrust_directed
2
134788 136803
188903 190919
Color: 80 30 60

incongruent_FEEDBACK_TUntrust_directed_excluded
2
376783 378799
406900 408915
Color: 100 100 100

incongruent_FEEDBACK_TUntrust_averted
2
48791 50804
212786 214802
Color: 40 50 20

incongruent_FEEDBACK_PC
2
24379 26388
80422 82437
Color: 200 200 70

incongruent_FEEDBACK_PC_excluded
2
106305 108320
436432 438448
Color: 100 100 100

Video_NO_RESPONSE
0
Color: 80 80 80

Evaluation_NO_RESPONSE
0
Color: 0 90 90

Decision_NO_RESPONSE
0
Color: 90 0 90

Feedback_NO_RESPONSE
0
Color: 90 90 0