FileVersion: 1

ResolutionOfTime: msec

Experiment: trustgame_tg20_run5

BackgroundColor: 0 0 0
TextColor: 255 255 255
TimeCourseColor: 0 170 0
TimeCourseThick: 3
ReferenceFuncColor: 113 113 255
ReferenceFuncThick: 3

NrOfConditions: 53

congruent_VIDEO_TTrust_directed
0
Color: 255 255 255

congruent_VIDEO_TTrust_averted
0
Color: 155 155 155

congruent_VIDEO_TUntrust_directed
0
Color: 255 0 255

congruent_VIDEO_TUntrust_averted
0
Color: 155 0 155

congruent_VIDEO_PC
0
Color: 255 255 0

congruent_EVALUATION_TTrust_directed
0
Color: 0 255 255

congruent_EVALUATION_TTrust_averted
0
Color: 228 228 228

congruent_EVALUATION_TUntrust_directed
0
Color: 0 155 155

congruent_EVALUATION_TUntrust_averted
0
Color: 128 128 128

congruent_EVALUATION_PC
0
Color: 238 238 238

congruent_DECISION_TTrust_directed
0
Color: 10 40 40

congruent_DECISION_TTrust_averted
0
Color: 140 50 0

congruent_DECISION_TUntrust_directed
0
Color: 0 30 40

congruent_DECISION_TUntrust_averted
0
Color: 240 30 0

congruent_DECISION_PC
0
Color: 0 50 70

congruent_FEEDBACK_TTrust_directed
0
Color: 90 10 70

congruent_FEEDBACK_TTrust_averted
0
Color: 60 20 50

congruent_FEEDBACK_TUntrust_directed
0
Color: 80 30 60

congruent_FEEDBACK_TUntrust_averted
0
Color: 40 50 20

congruent_FEEDBACK_PC
0
Color: 200 200 70

incongruent_VIDEO_TTrust_directed
2
112002 116562
312003 316559
Color: 255 255 255

incongruent_VIDEO_TTrust_averted
2
62003 66657
336003 340758
Color: 155 155 155

incongruent_VIDEO_TTrust_averted_excluded
2
34002 38676
362003 366658
Color: 155 155 155

incongruent_VIDEO_TUntrust_directed
2
8003 12566
252003 256559
Color: 255 0 255

incongruent_VIDEO_TUntrust_averted
2
88003 92562
196003 200560
Color: 155 0 155

incongruent_VIDEO_PC
2
168003 172076
280003 284074
Color: 255 255 0

incongruent_VIDEO_PC_excluded
2
142003 146077
224003 228075
Color: 100 100 100

incongruent_EVALUATION_TTrust_directed
1
116578 120615
Color: 0 255 255

incongruent_EVALUATION_TTrust_averted
1
366672 370708
Color: 228 228 228

incongruent_EVALUATION_TUntrust_directed
0
Color: 0 155 155

incongruent_EVALUATION_TUntrust_averted
1
200575 204615
Color: 128 128 128

incongruent_EVALUATION_PC
2
172092 176129
284090 288130
Color: 238 238 238

incongruent_DECISION_TTrust_directed
2
122643 126679
318589 322630
Color: 10 40 40

incongruent_DECISION_TTrust_averted
2
68678 72714
342789 346824
Color: 140 50 0

incongruent_DECISION_TTrust_averted_excluded
2
40712 44748
372738 376775
Color: 100 100 100

incongruent_DECISION_TUntrust_directed
2
14646 18682
258590 262627
Color: 0 30 40

incongruent_DECISION_TUntrust_averted
2
94594 98630
206641 210680
Color: 240 30 0

incongruent_DECISION_PC
2
178159 182195
290156 294192
Color: 0 50 70

incongruent_DECISION_PC_excluded
2
148109 152145
230108 234144
Color: 100 100 100

incongruent_FEEDBACK_TTrust_directed
2
132694 134709
326640 328655
Color: 90 10 70

incongruent_FEEDBACK_TTrust_averted
2
76728 78744
350840 352855
Color: 60 20 50

incongruent_FEEDBACK_TTrust_averted_excluded
2
50764 52778
380789 382804
Color: 100 100 100

incongruent_FEEDBACK_TUntrust_directed
2
24719 26728
268641 270656
Color: 80 30 60

incongruent_FEEDBACK_TUntrust_averted
2
102645 104660
214692 216708
Color: 40 50 20

incongruent_FEEDBACK_PC
2
186210 188225
300207 302223
Color: 200 200 70

incongruent_FEEDBACK_PC_excluded
2
158160 160175
240158 242174
Color: 100 100 100

Video_NO_RESPONSE
2
390003 394575
416003 420573
Color: 80 80 80

Evaluation_NO_RESPONSE
2
340758 340758
420587 424628
Color: 0 90 90

Decision_NO_RESPONSE
2
396604 400641
426654 430690
Color: 90 0 90

Feedback_NO_RESPONSE
2
404655 406670
436705 438720
Color: 90 90 0