FileVersion: 1

ResolutionOfTime: msec

Experiment: trustgame_tg08_run5

BackgroundColor: 0 0 0
TextColor: 255 255 255
TimeCourseColor: 0 170 0
TimeCourseThick: 3
ReferenceFuncColor: 113 113 255
ReferenceFuncThick: 3

NrOfConditions: 53

congruent_VIDEO_TTrust_directed
0
Color: 255 255 255

congruent_VIDEO_TTrust_averted
0
Color: 155 155 155

congruent_VIDEO_TUntrust_directed
0
Color: 255 0 255

congruent_VIDEO_TUntrust_averted
0
Color: 155 0 155

congruent_VIDEO_PC
0
Color: 255 255 0

congruent_EVALUATION_TTrust_directed
0
Color: 0 255 255

congruent_EVALUATION_TTrust_averted
0
Color: 228 228 228

congruent_EVALUATION_TUntrust_directed
0
Color: 0 155 155

congruent_EVALUATION_TUntrust_averted
0
Color: 128 128 128

congruent_EVALUATION_PC
0
Color: 238 238 238

congruent_DECISION_TTrust_directed
0
Color: 10 40 40

congruent_DECISION_TTrust_averted
0
Color: 140 50 0

congruent_DECISION_TUntrust_directed
0
Color: 0 30 40

congruent_DECISION_TUntrust_averted
0
Color: 240 30 0

congruent_DECISION_PC
0
Color: 0 50 70

congruent_FEEDBACK_TTrust_directed
0
Color: 90 10 70

congruent_FEEDBACK_TTrust_averted
0
Color: 60 20 50

congruent_FEEDBACK_TUntrust_directed
0
Color: 80 30 60

congruent_FEEDBACK_TUntrust_averted
0
Color: 40 50 20

congruent_FEEDBACK_PC
0
Color: 200 200 70

incongruent_VIDEO_TTrust_directed
2
112002 116561
312000 316571
Color: 255 255 255

incongruent_VIDEO_TTrust_averted
2
62002 66760
362000 366657
Color: 155 155 155

incongruent_VIDEO_TTrust_averted_excluded
2
34002 38677
336000 340757
Color: 100 100 100

incongruent_VIDEO_TUntrust_directed
2
8003 12566
252001 256574
Color: 255 0 255

incongruent_VIDEO_TUntrust_directed_excluded
2
390000 394570
416000 420568
Color: 100 100 100

incongruent_VIDEO_TUntrust_averted
2
88002 92562
196002 200558
Color: 155 0 155

incongruent_VIDEO_PC
2
142002 146092
224002 228072
Color: 255 255 0

incongruent_VIDEO_PC_excluded
2
168002 172074
280001 284070
Color: 100 100 100

incongruent_EVALUATION_TTrust_directed
1
116576 120683
Color: 0 255 255

incongruent_EVALUATION_TTrust_averted
1
366667 370769
Color: 228 228 228

incongruent_EVALUATION_TUntrust_directed
1
420582 424687
Color: 0 155 155

incongruent_EVALUATION_TUntrust_averted
1
200573 204678
Color: 128 128 128

incongruent_EVALUATION_PC
2
172090 176195
284086 288192
Color: 238 238 238

incongruent_DECISION_TTrust_directed
2
122708 126813
318602 322707
Color: 10 40 40

incongruent_DECISION_TTrust_averted
2
68794 72895
372800 376903
Color: 140 50 0

incongruent_DECISION_TTrust_averted_excluded
2
40711 44814
342785 346887
Color: 100 100 100

incongruent_DECISION_TUntrust_directed
2
14646 18747
258604 262709
Color: 0 30 40

incongruent_DECISION_TUntrust_directed
2
396599 400700
426715 430820
Color: 100 100 100

incongruent_DECISION_TUntrust_averted
2
94593 98694
206706 210807
Color: 240 30 0

incongruent_DECISION_PC
2
148124 152229
230105 234210
Color: 0 50 70

incongruent_DECISION_PC_excluded
2
178223 182328
290220 294321
Color: 100 100 100

incongruent_FEEDBACK_TTrust_directed
2
132826 134841
326719 328735
Color: 90 10 70

incongruent_FEEDBACK_TTrust_averted
2
76911 78926
380918 382933
Color: 60 20 50

incongruent_FEEDBACK_TTrust_averted_excluded
2
50830 52844
350902 352917
Color: 100 100 100

incongruent_FEEDBACK_TUntrust_directed
2
24786 26795
268721 270737
Color: 80 30 60

incongruent_FEEDBACK_TUntrust_directed_excluded
2
404717 406732
436833 438848
Color: 100 100 100

incongruent_FEEDBACK_TUntrust_averted
2
102710 104725
214823 216838
Color: 40 50 20

incongruent_FEEDBACK_PC
2
158242 160257
240222 242237
Color: 200 200 70

incongruent_FEEDBACK_PC_excluded
2
186341 188356
300337 302352
Color: 100 100 100

Video_NO_RESPONSE
0
Color: 80 80 80

Evaluation_NO_RESPONSE
2
256574 256574
394570 394570
Color: 0 90 90

Decision_NO_RESPONSE
0
Color: 90 0 90

Feedback_NO_RESPONSE
0
Color: 90 90 0