FileVersion: 1

ResolutionOfTime: msec

Experiment: trustgame_tg20_run7

BackgroundColor: 0 0 0
TextColor: 255 255 255
TimeCourseColor: 0 170 0
TimeCourseThick: 3
ReferenceFuncColor: 113 113 255
ReferenceFuncThick: 3

NrOfConditions: 53

congruent_VIDEO_TTrust_directed
0
Color: 255 255 255

congruent_VIDEO_TTrust_averted
0
Color: 155 155 155

congruent_VIDEO_TUntrust_directed
0
Color: 255 0 255

congruent_VIDEO_TUntrust_averted
0
Color: 155 0 155

congruent_VIDEO_PC
0
Color: 255 255 0

congruent_EVALUATION_TTrust_directed
0
Color: 0 255 255

congruent_EVALUATION_TTrust_averted
0
Color: 228 228 228

congruent_EVALUATION_TUntrust_directed
0
Color: 0 155 155

congruent_EVALUATION_TUntrust_averted
0
Color: 128 128 128

congruent_EVALUATION_PC
0
Color: 238 238 238

congruent_DECISION_TTrust_directed
0
Color: 10 40 40

congruent_DECISION_TTrust_averted
0
Color: 140 50 0

congruent_DECISION_TUntrust_directed
0
Color: 0 30 40

congruent_DECISION_TUntrust_averted
0
Color: 240 30 0

congruent_DECISION_PC
0
Color: 0 50 70

congruent_FEEDBACK_TTrust_directed
0
Color: 90 10 70

congruent_FEEDBACK_TTrust_averted
0
Color: 60 20 50

congruent_FEEDBACK_TUntrust_directed
0
Color: 80 30 60

congruent_FEEDBACK_TUntrust_averted
0
Color: 40 50 20

congruent_FEEDBACK_PC
0
Color: 200 200 70

incongruent_VIDEO_TTrust_directed
1
224002 228566
Color: 255 255 255

incongruent_VIDEO_TTrust_averted
2
144002 148675
304003 308760
Color: 155 155 155

incongruent_VIDEO_TTrust_averted_excluded
2
250003 254658
332003 336659
Color: 100 100 100

incongruent_VIDEO_TUntrust_directed
1
118002 122567
Color: 255 0 255

incongruent_VIDEO_TUntrust_averted
2
34003 38571
198003 202566
Color: 155 0 155

incongruent_VIDEO_PC
2
8003 12084
60002 64083
Color: 255 255 0

incongruent_VIDEO_PC_excluded
2
92002 96082
416003 420076
Color: 100 100 100

incongruent_EVALUATION_TTrust_directed
0
Color: 0 255 255

incongruent_EVALUATION_TTrust_averted
2
254679 258719
336678 340718
Color: 228 228 228

incongruent_EVALUATION_TUntrust_directed
2
174581 178621
390577 394616
Color: 0 155 155

incongruent_EVALUATION_TUntrust_averted
0
Color: 128 128 128

incongruent_EVALUATION_PC
2
64100 68136
420093 424132
Color: 238 238 238

incongruent_DECISION_TTrust_directed
1
230596 234636
Color: 10 40 40

incongruent_DECISION_TTrust_averted
2
150697 154738
310795 314834
Color: 140 50 0

incongruent_DECISION_TTrust_averted_excluded
2
260745 264785
342744 346784
Color: 100 100 100

incongruent_DECISION_TUntrust_directed
1
124598 128638
Color: 0 30 40

incongruent_DECISION_TUntrust_averted
2
40600 44640
204596 208637
Color: 240 30 0

incongruent_DECISION_PC
2
14168 18209
70166 74202
Color: 0 50 70

incongruent_DECISION_PC_excluded
2
98115 102155
426159 430199
Color: 100 100 100

incongruent_FEEDBACK_TTrust_directed
1
240647 242662
Color: 90 10 70

incongruent_FEEDBACK_TTrust_averted
2
160748 162764
320845 322861
Color: 60 20 50

incongruent_FEEDBACK_TTrust_averted_excluded
2
268796 270812
350795 352810
Color: 100 100 100

incongruent_FEEDBACK_TUntrust_directed
1
134649 136664
Color: 80 30 60

incongruent_FEEDBACK_TUntrust_averted
2
48652 50666
212647 214663
Color: 40 50 20

incongruent_FEEDBACK_PC
2
24241 26250
80217 82232
Color: 200 200 70

incongruent_FEEDBACK_PC_excluded
2
106166 108181
436210 438225
Color: 100 100 100

Video_NO_RESPONSE
4
170002 174566
280003 284566
362003 366563
386003 390562
Color: 80 80 80

Evaluation_NO_RESPONSE
1
148675 148675
Color: 0 90 90

Decision_NO_RESPONSE
4
180647 184686
286595 290634
368593 372633
396643 400682
Color: 90 0 90

Feedback_NO_RESPONSE
4
188698 190713
294646 296661
376644 378660
406694 408709
Color: 90 90 0