FileVersion: 1

ResolutionOfTime: msec

Experiment: trustgame_tg18_run5

BackgroundColor: 0 0 0
TextColor: 255 255 255
TimeCourseColor: 0 170 0
TimeCourseThick: 3
ReferenceFuncColor: 113 113 255
ReferenceFuncThick: 3

NrOfConditions: 53

congruent_VIDEO_TTrust_directed
0
Color: 255 255 255

congruent_VIDEO_TTrust_averted
0
Color: 155 155 155

congruent_VIDEO_TUntrust_directed
0
Color: 255 0 255

congruent_VIDEO_TUntrust_averted
0
Color: 155 0 155

congruent_VIDEO_PC
0
Color: 255 255 0

congruent_EVALUATION_TTrust_directed
0
Color: 0 255 255

congruent_EVALUATION_TTrust_averted
0
Color: 228 228 228

congruent_EVALUATION_TUntrust_directed
0
Color: 0 155 155

congruent_EVALUATION_TUntrust_averted
0
Color: 128 128 128

congruent_EVALUATION_PC
0
Color: 238 238 238

congruent_DECISION_TTrust_directed
0
Color: 10 40 40

congruent_DECISION_TTrust_averted
0
Color: 140 50 0

congruent_DECISION_TUntrust_directed
0
Color: 0 30 40

congruent_DECISION_TUntrust_averted
0
Color: 240 30 0

congruent_DECISION_PC
0
Color: 0 50 70

congruent_FEEDBACK_TTrust_directed
0
Color: 90 10 70

congruent_FEEDBACK_TTrust_averted
0
Color: 60 20 50

congruent_FEEDBACK_TUntrust_directed
0
Color: 80 30 60

congruent_FEEDBACK_TUntrust_averted
0
Color: 40 50 20

congruent_FEEDBACK_PC
0
Color: 200 200 70

incongruent_VIDEO_TTrust_directed
2
112078 116635
312080 316632
Color: 255 255 255

incongruent_VIDEO_TTrust_averted
2
34077 38753
62078 66834
Color: 155 155 155

incongruent_VIDEO_TTrust_averted_excluded
2
336080 340835
362080 366735
Color: 155 155 155

incongruent_VIDEO_TUntrust_directed
2
8077 12637
390080 394632
Color: 255 0 255

incongruent_VIDEO_TUntrust_directed_excluded
2
252079 256634
416080 420652
Color: 100 100 100

incongruent_VIDEO_TUntrust_averted
2
88078 92635
196078 200634
Color: 155 0 155

incongruent_VIDEO_PC
2
168079 172149
224078 228149
Color: 255 255 0

incongruent_VIDEO_PC_excluded
2
142078 146166
280079 284148
Color: 100 100 100

incongruent_EVALUATION_TTrust_directed
1
116650 120756
Color: 0 255 255

incongruent_EVALUATION_TTrust_averted
1
366748 370852
Color: 228 228 228

incongruent_EVALUATION_TUntrust_directed
1
420681 424786
Color: 0 155 155

incongruent_EVALUATION_TUntrust_averted
1
200665 204771
Color: 128 128 128

incongruent_EVALUATION_PC
2
172165 176271
284165 288269
Color: 238 238 238

incongruent_DECISION_TTrust_directed
2
122783 126888
318664 322769
Color: 10 40 40

incongruent_DECISION_TTrust_averted
2
40783 44884
68866 72971
Color: 140 50 0

incongruent_DECISION_TTrust_averted_excluded
2
342864 346970
372881 376982
Color: 100 100 100

incongruent_DECISION_TUntrust_directed
2
14717 18823
396664 400765
Color: 0 30 40

incongruent_DECISION_TUntrust_directed_excluded
2
258665 262770
426814 430919
Color: 100 100 100

incongruent_DECISION_TUntrust_averted
2
94666 98770
206799 210904
Color: 240 30 0

incongruent_DECISION_PC
2
178299 182400
230182 234283
Color: 0 50 70

incongruent_DECISION_PC_excluded
2
148199 152304
290298 294403
Color: 100 100 100

incongruent_FEEDBACK_TTrust_directed
2
132900 134915
326782 328797
Color: 90 10 70

incongruent_FEEDBACK_TTrust_averted
2
50902 52916
76984 78999
Color: 60 20 50

incongruent_FEEDBACK_TTrust_averted_excluded
2
350982 352997
380998 383014
Color: 100 100 100

incongruent_FEEDBACK_TUntrust_directed
2
24858 26866
404782 406797
Color: 80 30 60

incongruent_FEEDBACK_TUntrust_directed_excluded
2
268783 270798
436931 438947
Color: 100 100 100

incongruent_FEEDBACK_TUntrust_averted
2
102784 104799
214916 216931
Color: 40 50 20

incongruent_FEEDBACK_PC
2
186416 188432
240299 242315
Color: 200 200 70

incongruent_FEEDBACK_PC_excluded
2
158317 160332
300416 302431
Color: 100 100 100

Video_NO_RESPONSE
0
Color: 80 80 80

Evaluation_NO_RESPONSE
3
146166 146166
340835 340835
394632 394632
Color: 0 90 90

Decision_NO_RESPONSE
0
Color: 90 0 90

Feedback_NO_RESPONSE
0
Color: 90 90 0