FileVersion: 1

ResolutionOfTime: msec

Experiment: trustgame_tg06_run5

BackgroundColor: 0 0 0
TextColor: 255 255 255
TimeCourseColor: 0 170 0
TimeCourseThick: 3
ReferenceFuncColor: 113 113 255
ReferenceFuncThick: 3

NrOfConditions: 53

congruent_VIDEO_TTrust_directed
0
Color: 255 255 255

congruent_VIDEO_TTrust_averted
0
Color: 155 155 155

congruent_VIDEO_TUntrust_directed
0
Color: 255 0 255

congruent_VIDEO_TUntrust_averted
0
Color: 155 0 155

congruent_VIDEO_PC
0
Color: 255 255 0

congruent_EVALUATION_TTrust_directed
0
Color: 0 255 255

congruent_EVALUATION_TTrust_averted
0
Color: 228 228 228

congruent_EVALUATION_TUntrust_directed
0
Color: 0 155 155

congruent_EVALUATION_TUntrust_averted
0
Color: 128 128 128

congruent_EVALUATION_PC
0
Color: 238 238 238

congruent_DECISION_TTrust_directed
0
Color: 10 40 40

congruent_DECISION_TTrust_averted
0
Color: 140 50 0

congruent_DECISION_TUntrust_directed
0
Color: 0 30 40

congruent_DECISION_TUntrust_averted
0
Color: 240 30 0

congruent_DECISION_PC
0
Color: 0 50 70

congruent_FEEDBACK_TTrust_directed
0
Color: 90 10 70

congruent_FEEDBACK_TTrust_averted
0
Color: 60 20 50

congruent_FEEDBACK_TUntrust_directed
0
Color: 80 30 60

congruent_FEEDBACK_TUntrust_averted
0
Color: 40 50 20

congruent_FEEDBACK_PC
0
Color: 200 200 70

incongruent_VIDEO_TTrust_directed
2
112002 116565
299999 304559
Color: 255 255 255

incongruent_VIDEO_TTrust_averted
2
324000 328655
349999 354654
Color: 155 155 155

incongruent_VIDEO_TTrust_averted_excluded
2
34002 38677
62002 66757
Color: 100 100 100

incongruent_VIDEO_TUntrust_directed
2
8003 12571
401998 406555
Color: 255 0 255

incongruent_VIDEO_TUntrust_directed_excluded
2
244001 248559
375998 380556
Color: 100 100 100

incongruent_VIDEO_TUntrust_averted
2
88002 92565
190001 194563
Color: 155 0 155

incongruent_VIDEO_PC
2
166001 170078
216001 220076
Color: 255 255 0

incongruent_VIDEO_PC_excluded
2
140001 144079
272000 276074
Color: 100 100 100

incongruent_EVALUATION_TTrust_directed
1
116580 118184
Color: 0 255 255

incongruent_EVALUATION_TTrust_averted
1
354671 356199
Color: 228 228 228

incongruent_EVALUATION_TUntrust_directed
1
406569 407891
Color: 0 155 155

incongruent_EVALUATION_TUntrust_averted
1
194577 196310
Color: 128 128 128

incongruent_EVALUATION_PC
2
170094 171767
276090 277875
Color: 238 238 238

incongruent_DECISION_TTrust_directed
2
120212 124232
306589 310610
Color: 10 40 40

incongruent_DECISION_TTrust_averted
2
330689 334708
358221 362242
Color: 140 50 0

incongruent_DECISION_TTrust_averted_excluded
2
40698 44719
68781 72800
Color: 100 100 100

incongruent_DECISION_TUntrust_directed
2
14650 18670
409919 413939
Color: 0 30 40

incongruent_DECISION_TUntrust_directed_excluded
2
250591 254611
382587 386607
Color: 100 100 100

incongruent_DECISION_TUntrust_averted
2
94596 98616
198343 202362
Color: 240 30 0

incongruent_DECISION_PC
2
173794 177814
222109 226128
Color: 0 50 70

incongruent_DECISION_PC_excluded
2
146111 150131
279907 283927
Color: 100 100 100

incongruent_FEEDBACK_TTrust_directed
2
130246 132262
314623 316639
Color: 90 10 70

incongruent_FEEDBACK_TTrust_averted
2
338723 340738
366255 368270
Color: 60 20 50

incongruent_FEEDBACK_TTrust_averted_excluded
2
50734 52748
76815 78830
Color: 100 100 100

incongruent_FEEDBACK_TUntrust_directed
2
24707 26715
419953 421968
Color: 80 30 60


incongruent_FEEDBACK_TUntrust_directed_excluded
2
260625 262641
390621 392636
Color: 100 100 100

incongruent_FEEDBACK_TUntrust_averted
2
102631 104646
206377 208392
Color: 40 50 20

incongruent_FEEDBACK_PC
2
181828 183843
232143 234158
Color: 200 200 70

incongruent_FEEDBACK_PC_excluded
2
156146 158161
289941 291956
Color: 100 100 100

Video_NO_RESPONSE
0
Color: 80 80 80

Evaluation_NO_RESPONSE
2
38677 38677
248559 248560
Color: 0 90 90

Decision_NO_RESPONSE
0
Color: 90 0 90

Feedback_NO_RESPONSE
0
Color: 90 90 0