FileVersion: 1

ResolutionOfTime: msec

Experiment: trustgame_tg07_run5

BackgroundColor: 0 0 0
TextColor: 255 255 255
TimeCourseColor: 0 170 0
TimeCourseThick: 3
ReferenceFuncColor: 113 113 255
ReferenceFuncThick: 3

NrOfConditions: 53

congruent_VIDEO_TTrust_directed
0
Color: 255 255 255

congruent_VIDEO_TTrust_averted
0
Color: 155 155 155

congruent_VIDEO_TUntrust_directed
0
Color: 255 0 255

congruent_VIDEO_TUntrust_averted
0
Color: 155 0 155

congruent_VIDEO_PC
0
Color: 255 255 0

congruent_EVALUATION_TTrust_directed
0
Color: 0 255 255

congruent_EVALUATION_TTrust_averted
0
Color: 228 228 228

congruent_EVALUATION_TUntrust_directed
0
Color: 0 155 155

congruent_EVALUATION_TUntrust_averted
0
Color: 128 128 128

congruent_EVALUATION_PC
0
Color: 238 238 238

congruent_DECISION_TTrust_directed
0
Color: 10 40 40

congruent_DECISION_TTrust_averted
0
Color: 140 50 0

congruent_DECISION_TUntrust_directed
0
Color: 0 30 40

congruent_DECISION_TUntrust_averted
0
Color: 240 30 0

congruent_DECISION_PC
0
Color: 0 50 70

congruent_FEEDBACK_TTrust_directed
0
Color: 90 10 70

congruent_FEEDBACK_TTrust_averted
0
Color: 60 20 50

congruent_FEEDBACK_TUntrust_directed
0
Color: 80 30 60

congruent_FEEDBACK_TUntrust_averted
0
Color: 40 50 20

congruent_FEEDBACK_PC
0
Color: 200 200 70

incongruent_VIDEO_TTrust_directed
2
112076 116629
312075 316641
Color: 255 255 255

incongruent_VIDEO_TTrust_averted
2
34076 38751
362075 366732
Color: 155 155 155

incongruent_VIDEO_TTrust_averted_excluded
2
62076 66834
336075 340831
Color: 100 100 100

incongruent_VIDEO_TUntrust_directed
2
8078 12652
252076 256643
Color: 255 0 255

incongruent_VIDEO_TUntrust_directed_excluded
2
390075 394639
416075 420638
Color: 100 100 100

incongruent_VIDEO_TUntrust_averted
2
88076 92631
196076 200644
Color: 155 0 155

incongruent_VIDEO_PC
2
168076 172143
280075 284156
Color: 255 255 0

incongruent_VIDEO_PC_excluded
2
142076 146161
224076 228141
Color: 100 100 100

incongruent_EVALUATION_TTrust_directed
1
116645 120748
Color: 0 255 255

incongruent_EVALUATION_TTrust_averted
1
366754 370859
Color: 228 228 228

incongruent_EVALUATION_TUntrust_directed
1
420652 424756
Color: 0 155 155

incongruent_EVALUATION_TUntrust_averted
1
200658 204763
Color: 128 128 128

incongruent_EVALUATION_PC
2
172159 176265
284172 288276
Color: 238 238 238

incongruent_DECISION_TTrust_directed
2
122777 126879
318671 322776
Color: 10 40 40

incongruent_DECISION_TTrust_averted
2
40780 44885
372886 376992
Color: 140 50 0

incongruent_DECISION_TTrust_averted_excluded
2
68862 72967
342854 346959
Color: 100 100 100

incongruent_DECISION_TUntrust_directed
2
14731 18837
258673 262778
Color: 0 30 40

incongruent_DECISION_TUntrust_directed_excluded
2
396669 400769
426785 430891
Color: 100 100 100

incongruent_DECISION_TUntrust_averted
2
94661 98767
206791 210896
Color: 240 30 0

incongruent_DECISION_PC
2
178292 182398
290356 294459
Color: 0 50 70

incongruent_DECISION_PC_excluded
2
148193 152299
230174 234280
Color: 100 100 100

incongruent_FEEDBACK_TTrust_directed
2
132895 134910
326789 328804
Color: 90 10 70

incongruent_FEEDBACK_TTrust_averted
2
50899 52912
381004 383019
Color: 60 20 50

incongruent_FEEDBACK_TTrust_averted_excluded
2
76980 78995
350971 352987
Color: 100 100 100

incongruent_FEEDBACK_TUntrust_directed
4
24871 26880
268791 270806
Color: 80 30 60

incongruent_FEEDBACK_TUntrust_directed_excluded
2
404787 406802
436902 438917
Color: 100 100 100

incongruent_FEEDBACK_TUntrust_averted
2
102779 104794
214909 216924
Color: 40 50 20

incongruent_FEEDBACK_PC
2
186410 188425
300473 302488
Color: 200 200 70

incongruent_FEEDBACK_PC_excluded
2
158311 160326
240291 242307
Color: 100 100 100

Video_NO_RESPONSE
0
Color: 80 80 80

Evaluation_NO_RESPONSE
1
146161 146161
Color: 0 90 90

Decision_NO_RESPONSE
0
Color: 90 0 90

Feedback_NO_RESPONSE
0
Color: 90 90 0