FileVersion: 1

ResolutionOfTime: msec

Experiment: trustgame_tg20_run8

BackgroundColor: 0 0 0
TextColor: 255 255 255
TimeCourseColor: 0 170 0
TimeCourseThick: 3
ReferenceFuncColor: 113 113 255
ReferenceFuncThick: 3

NrOfConditions: 53

congruent_VIDEO_TTrust_directed
0
Color: 255 255 255

congruent_VIDEO_TTrust_averted
0
Color: 155 155 155

congruent_VIDEO_TUntrust_directed
0
Color: 255 0 255

congruent_VIDEO_TUntrust_averted
0
Color: 155 0 155

congruent_VIDEO_PC
0
Color: 255 255 0

congruent_EVALUATION_TTrust_directed
0
Color: 0 255 255

congruent_EVALUATION_TTrust_averted
0
Color: 228 228 228

congruent_EVALUATION_TUntrust_directed
0
Color: 0 155 155

congruent_EVALUATION_TUntrust_averted
0
Color: 128 128 128

congruent_EVALUATION_PC
0
Color: 238 238 238

congruent_DECISION_TTrust_directed
0
Color: 10 40 40

congruent_DECISION_TTrust_averted
0
Color: 140 50 0

congruent_DECISION_TUntrust_directed
0
Color: 0 30 40

congruent_DECISION_TUntrust_averted
0
Color: 240 30 0

congruent_DECISION_PC
0
Color: 0 50 70

congruent_FEEDBACK_TTrust_directed
0
Color: 90 10 70

congruent_FEEDBACK_TTrust_averted
0
Color: 60 20 50

congruent_FEEDBACK_TUntrust_directed
0
Color: 80 30 60

congruent_FEEDBACK_TUntrust_averted
0
Color: 40 50 20

congruent_FEEDBACK_PC
0
Color: 200 200 70

incongruent_VIDEO_TTrust_directed
1
8003 12573
Color: 255 255 255

incongruent_VIDEO_TTrust_averted
2
306003 310661
332003 336661
Color: 155 155 155

incongruent_VIDEO_TTrust_averted_excluded
2
84002 88675
224003 228758
Color: 100 100 100

incongruent_VIDEO_TUntrust_directed
2
34003 38570
392002 396564
Color: 255 0 255

incongruent_VIDEO_TUntrust_averted
2
58003 62570
254003 258567
Color: 155 0 155

incongruent_VIDEO_PC
2
136003 140083
360003 364079
Color: 255 255 0

incongruent_VIDEO_PC_excluded
2
110002 114084
166003 170083
Color: 100 100 100

incongruent_EVALUATION_TTrust_directed
0
Color: 0 255 255

incongruent_EVALUATION_TTrust_averted
2
228765 232804
336679 340720
Color: 228 228 228

incongruent_EVALUATION_TUntrust_directed
2
198582 202621
422578 426618
Color: 0 155 155

incongruent_EVALUATION_TUntrust_averted
0
Color: 128 128 128

incongruent_EVALUATION_PC
2
140100 144141
364096 368136
Color: 238 238 238

incongruent_DECISION_TTrust_directed
1
14653 18692
Color: 10 40 40

incongruent_DECISION_TTrust_averted
2
312696 316736
342746 346786
Color: 140 50 0

incongruent_DECISION_TTrust_averted_excluded
2
90700 94740
234831 238871
Color: 100 100 100

incongruent_DECISION_TUntrust_directed
2
40601 44641
398595 402636
Color: 0 30 40

incongruent_DECISION_TUntrust_averted
2
64601 68641
260597 264638
Color: 240 30 0

incongruent_DECISION_PC
2
146166 150205
370162 374202
Color: 0 50 70

incongruent_DECISION_PC_excluded
2
116117 120156
172116 176156
Color: 100 100 100

incongruent_FEEDBACK_TTrust_directed
1
24725 26735
Color: 90 10 70

incongruent_FEEDBACK_TTrust_averted
2
322747 324763
350797 352812
Color: 60 20 50

incongruent_FEEDBACK_TTrust_averted_excluded
2
98751 100767
244882 246897
Color: 100 100 100

incongruent_FEEDBACK_TUntrust_directed
2
48654 50667
408646 410661
Color: 80 30 60

incongruent_FEEDBACK_TUntrust_averted
2
72652 74667
268648 270664
Color: 40 50 20

incongruent_FEEDBACK_PC
2
156217 158232
380213 382228
Color: 200 200 70

incongruent_FEEDBACK_PC_excluded
2
126167 128183
182167 184182
Color: 100 100 100

Video_NO_RESPONSE
3
194003 198568
280003 284566
418003 422564
Color: 80 80 80

Evaluation_NO_RESPONSE
1
38570 38570
Color: 0 90 90

Decision_NO_RESPONSE
3
204648 208688
286597 290636
428644 432684
Color: 90 0 90

Feedback_NO_RESPONSE
3
212699 214715
294648 296663
436695 438711
Color: 90 90 0