FileVersion: 1

ResolutionOfTime: msec

Experiment: trustgame_tg04_run8

BackgroundColor: 0 0 0
TextColor: 255 255 255
TimeCourseColor: 0 170 0
TimeCourseThick: 3
ReferenceFuncColor: 113 113 255
ReferenceFuncThick: 3

NrOfConditions: 53

congruent_VIDEO_TTrust_directed
0
Color: 255 255 255

congruent_VIDEO_TTrust_averted
0
Color: 155 155 155

congruent_VIDEO_TUntrust_directed
0
Color: 255 0 255

congruent_VIDEO_TUntrust_averted
0
Color: 155 0 155

congruent_VIDEO_PC
0
Color: 255 255 0

congruent_EVALUATION_TTrust_directed
0
Color: 0 255 255

congruent_EVALUATION_TTrust_averted
0
Color: 228 228 228

congruent_EVALUATION_TUntrust_directed
0
Color: 0 155 155

congruent_EVALUATION_TUntrust_averted
0
Color: 128 128 128

congruent_EVALUATION_PC
0
Color: 238 238 238

congruent_DECISION_TTrust_directed
0
Color: 10 40 40

congruent_DECISION_TTrust_averted
0
Color: 140 50 0

congruent_DECISION_TUntrust_directed
0
Color: 0 30 40

congruent_DECISION_TUntrust_averted
0
Color: 240 30 0

congruent_DECISION_PC
0
Color: 0 50 70

congruent_FEEDBACK_TTrust_directed
0
Color: 90 10 70

congruent_FEEDBACK_TTrust_averted
0
Color: 60 20 50

congruent_FEEDBACK_TUntrust_directed
0
Color: 80 30 60

congruent_FEEDBACK_TUntrust_averted
0
Color: 40 50 20

congruent_FEEDBACK_PC
0
Color: 200 200 70

incongruent_VIDEO_TTrust_directed
2
112003 116567
378004 382563
Color: 255 255 255

incongruent_VIDEO_TTrust_averted
2
32003 36660
246004 250659
Color: 155 155 155

incongruent_VIDEO_TTrust_averted_excluded
2
6003 10683
142003 146659
Color: 100 100 100

incongruent_VIDEO_TUntrust_directed
2
166003 170565
352004 356562
Color: 255 0 255

incongruent_VIDEO_TUntrust_directed_excluded
2
58003 62568
272004 276563
Color: 100 100 100

incongruent_VIDEO_TUntrust_averted
2
86003 90567
408005 412578
Color: 155 0 155

incongruent_VIDEO_PC
2
218003 222080
300004 304078
Color: 255 255 0

incongruent_VIDEO_PC_excluded
2
194003 198097
324004 328077
Color: 100 100 100

incongruent_EVALUATION_TTrust_directed
2
116582 118092
382576 384230
Color: 0 255 255

incongruent_EVALUATION_TTrust_averted
0
Color: 228 228 228

incongruent_EVALUATION_TUntrust_directed
1
170580 172826
Color: 0 155 155

incongruent_EVALUATION_TUntrust_averted
1
412592 414793
Color: 128 128 128

incongruent_EVALUATION_PC
2
222096 224308
328094 330390
Color: 238 238 238

incongruent_DECISION_TTrust_directed
2
120115 124155
386259 390299
Color: 10 40 40

incongruent_DECISION_TTrust_averted
2
38683 42720
252695 256731
Color: 140 50 0

incongruent_DECISION_TTrust_averted_excluded
2
12767 16805
148681 152717
Color: 100 100 100

incongruent_DECISION_TUntrust_directed
2
174847 178887
358593 362634
Color: 0 30 40

incongruent_DECISION_TUntrust_directed_excluded
2
64599 68640
278595 282630
Color: 100 100 100

incongruent_DECISION_TUntrust_averted
2
92599 96639
416825 420860
Color: 240 30 0

incongruent_DECISION_PC
2
226329 230370
306111 310151
Color: 0 50 70

incongruent_DECISION_PC_excluded
2
200130 204170
332410 336451
Color: 100 100 100

incongruent_FEEDBACK_TTrust_directed
2
130166 132181
396310 398325
Color: 90 10 70

incongruent_FEEDBACK_TTrust_averted
2
48734 50749
262746 264761
Color: 60 20 50

incongruent_FEEDBACK_TTrust_averted_excluded
2
20841 22850
156732 158747
Color: 100 100 100

incongruent_FEEDBACK_TUntrust_directed
2
182898 184913
366644 368659
Color: 80 30 60

incongruent_FEEDBACK_TUntrust_directed_excluded
2
74650 76665
288646 290661
Color: 100 100 100

incongruent_FEEDBACK_TUntrust_averted
2
102650 104665
424876 426891
Color: 40 50 20

incongruent_FEEDBACK_PC
2
234380 236395
314162 316177
Color: 200 200 70

incongruent_FEEDBACK_PC_excluded
2
208181 210196
342461 344476
Color: 100 100 100

Video_NO_RESPONSE
0
Color: 80 80 80

Evaluation_NO_RESPONSE
1
304078 304078
Color: 0 90 90

Decision_NO_RESPONSE
0
Color: 90 0 90

Feedback_NO_RESPONSE
0
Color: 90 90 0