FileVersion: 1

ResolutionOfTime: msec

Experiment: trustgame_tg07_run7

BackgroundColor: 0 0 0
TextColor: 255 255 255
TimeCourseColor: 0 170 0
TimeCourseThick: 3
ReferenceFuncColor: 113 113 255
ReferenceFuncThick: 3

NrOfConditions: 53

congruent_VIDEO_TTrust_directed
0
Color: 255 255 255

congruent_VIDEO_TTrust_averted
0
Color: 155 155 155

congruent_VIDEO_TUntrust_directed
0
Color: 255 0 255

congruent_VIDEO_TUntrust_averted
0
Color: 155 0 155

congruent_VIDEO_PC
0
Color: 255 255 0

congruent_EVALUATION_TTrust_directed
0
Color: 0 255 255

congruent_EVALUATION_TTrust_averted
0
Color: 228 228 228

congruent_EVALUATION_TUntrust_directed
0
Color: 0 155 155

congruent_EVALUATION_TUntrust_averted
0
Color: 128 128 128

congruent_EVALUATION_PC
0
Color: 238 238 238

congruent_DECISION_TTrust_directed
0
Color: 10 40 40

congruent_DECISION_TTrust_averted
0
Color: 140 50 0

congruent_DECISION_TUntrust_directed
0
Color: 0 30 40

congruent_DECISION_TUntrust_averted
0
Color: 240 30 0

congruent_DECISION_PC
0
Color: 0 50 70

congruent_FEEDBACK_TTrust_directed
0
Color: 90 10 70

congruent_FEEDBACK_TTrust_averted
0
Color: 60 20 50

congruent_FEEDBACK_TUntrust_directed
0
Color: 80 30 60

congruent_FEEDBACK_TUntrust_averted
0
Color: 40 50 20

congruent_FEEDBACK_PC
0
Color: 200 200 70

incongruent_VIDEO_TTrust_directed
2
224076 228640
280075 284638
Color: 255 255 255

incongruent_VIDEO_TTrust_averted
2
304076 308733
332075 336732
Color: 155 155 155

incongruent_VIDEO_TTrust_averted_excluded
2
144076 148752
250076 254731
Color: 100 100 100

incongruent_VIDEO_TUntrust_directed
2
170076 174641
362075 366636
Color: 255 0 255

incongruent_VIDEO_TUntrust_directed_excluded
2
118076 122641
386075 390634
Color: 100 100 100

incongruent_VIDEO_TUntrust_averted
2
34077 38647
198076 202639
Color: 155 0 155

incongruent_VIDEO_PC
2
8077 12160
60076 64158
Color: 255 255 0

incongruent_VIDEO_PC_excluded
2
92076 96157
416075 420147
Color: 100 100 100

incongruent_EVALUATION_TTrust_directed
0
Color: 0 255 255

incongruent_EVALUATION_TTrust_averted
2
254752 258857
336749 340853
Color: 228 228 228

incongruent_EVALUATION_TUntrust_directed
2
174654 178759
390648 394752
Color: 0 155 155

incongruent_EVALUATION_TUntrust_averted
0
Color: 128 128 128

incongruent_EVALUATION_PC
1
420164 424265
Color: 238 238 238

incongruent_DECISION_TTrust_directed
2
230669 234770
286668 290773
Color: 10 40 40

incongruent_DECISION_TTrust_averted
2
310767 314871
342882 346988
Color: 140 50 0

incongruent_DECISION_TTrust_averted_excluded
2
150788 154893
260885 264991
Color: 100 100 100

incongruent_DECISION_TUntrust_directed
2
180787 184892
368665 372770
Color: 0 30 40

incongruent_DECISION_TUntrust_directed_excluded
2
124672 128777
396781 400884
Color: 100 100 100

incongruent_DECISION_TUntrust_averted
2
40675 44780
204670 208775
Color: 240 30 0

incongruent_DECISION_PC
2
14243 18349
70307 74411
Color: 0 50 70

incongruent_DECISION_PC_excluded
2
98190 102295
426297 430403
Color: 100 100 100

incongruent_FEEDBACK_TTrust_directed
2
240787 242802
294785 296800
Color: 90 10 70

incongruent_FEEDBACK_TTrust_averted
2
320884 322899
351000 353015
Color: 60 20 50

incongruent_FEEDBACK_TTrust_averted_excluded
2
160906 162921
269002 271018
Color: 100 100 100

incongruent_FEEDBACK_TUntrust_directed
2
188905 190920
376783 378798
Color: 80 30 60

incongruent_FEEDBACK_TUntrust_directed_excluded
2
134790 136805
406898 408914
Color: 100 100 100

incongruent_FEEDBACK_TUntrust_averted
2
48794 50808
212787 214803
Color: 40 50 20

incongruent_FEEDBACK_PC
2
24383 26392
80425 82440
Color: 200 200 70

incongruent_FEEDBACK_PC_excluded
2
106307 108323
436414 438429
Color: 100 100 100

Video_NO_RESPONSE
0
Color: 80 80 80

Evaluation_NO_RESPONSE
1
64175 68277
Color: 0 90 90

Decision_NO_RESPONSE
0
Color: 90 0 90

Feedback_NO_RESPONSE
0
Color: 90 90 0