FileVersion: 1

ResolutionOfTime: msec

Experiment: trustgame_tg19_run6

BackgroundColor: 0 0 0
TextColor: 255 255 255
TimeCourseColor: 0 170 0
TimeCourseThick: 3
ReferenceFuncColor: 113 113 255
ReferenceFuncThick: 3

NrOfConditions: 53

congruent_VIDEO_TTrust_directed
0
Color: 255 255 255

congruent_VIDEO_TTrust_averted
0
Color: 155 155 155

congruent_VIDEO_TUntrust_directed
0
Color: 255 0 255

congruent_VIDEO_TUntrust_averted
0
Color: 155 0 155

congruent_VIDEO_PC
0
Color: 255 255 0

congruent_EVALUATION_TTrust_directed
0
Color: 0 255 255

congruent_EVALUATION_TTrust_averted
0
Color: 228 228 228

congruent_EVALUATION_TUntrust_directed
0
Color: 0 155 155

congruent_EVALUATION_TUntrust_averted
0
Color: 128 128 128

congruent_EVALUATION_PC
0
Color: 238 238 238

congruent_DECISION_TTrust_directed
0
Color: 10 40 40

congruent_DECISION_TTrust_averted
0
Color: 140 50 0

congruent_DECISION_TUntrust_directed
0
Color: 0 30 40

congruent_DECISION_TUntrust_averted
0
Color: 240 30 0

congruent_DECISION_PC
0
Color: 0 50 70

congruent_FEEDBACK_TTrust_directed
0
Color: 90 10 70

congruent_FEEDBACK_TTrust_averted
0
Color: 60 20 50

congruent_FEEDBACK_TUntrust_directed
0
Color: 80 30 60

congruent_FEEDBACK_TUntrust_averted
0
Color: 40 50 20

congruent_FEEDBACK_PC
0
Color: 200 200 70

incongruent_VIDEO_TTrust_directed
2
32003 36564
226004 230561
Color: 255 255 255

incongruent_VIDEO_TTrust_averted
2
8003 12682
86003 90759
Color: 155 155 155

incongruent_VIDEO_TTrust_averted_excluded
2
144004 148761
284004 288660
Color: 100 100 100

incongruent_VIDEO_TUntrust_directed
2
118004 122563
254004 258559
Color: 255 0 255

incongruent_VIDEO_TUntrust_directed_excluded
2
314005 318559
390005 394575
Color: 100 100 100

incongruent_VIDEO_TUntrust_averted
2
58003 62562
366005 370574
Color: 155 0 155

incongruent_VIDEO_PC
2
172003 176093
196004 200076
Color: 255 255 0

incongruent_VIDEO_PC_excluded
2
342005 346073
418005 422089
Color: 100 100 100

incongruent_EVALUATION_TTrust_directed
0
Color: 0 255 255

incongruent_EVALUATION_TTrust_averted
2
90778 94880
288674 292780
Color: 228 228 228

incongruent_EVALUATION_TUntrust_directed
2
258574 262675
394589 398694
Color: 0 155 155

incongruent_EVALUATION_TUntrust_averted
0
Color: 128 128 128

incongruent_EVALUATION_PC
2
200092 204197
422105 426211
Color: 238 238 238

incongruent_DECISION_TTrust_directed
2
38595 42696
232591 236692
Color: 10 40 40

incongruent_DECISION_TTrust_averted
2
14762 18864
96910 101011
Color: 140 50 0

incongruent_DECISION_TTrust_averted_excluded
2
150793 154894
294807 298908
Color: 100 100 100

incongruent_DECISION_TUntrust_directed
2
124593 128694
264707 268809
Color: 0 30 40

incongruent_DECISION_TUntrust_directed_excluded
2
320590 324695
400722 404823
Color: 100 100 100

incongruent_DECISION_TUntrust_averted
2
64594 68696
372606 376710
Color: 240 30 0

incongruent_DECISION_PC
2
178126 182227
206225 210326
Color: 0 50 70

incongruent_DECISION_PC_excluded
2
348106 352207
428238 432344
Color: 100 100 100

incongruent_FEEDBACK_TTrust_directed
2
48714 50727
242709 244724
Color: 90 10 70

incongruent_FEEDBACK_TTrust_averted
2
22902 24911
107028 109043
Color: 60 20 50

incongruent_FEEDBACK_TTrust_averted_excluded
2
160910 162925
304924 306940
Color: 100 100 100

incongruent_FEEDBACK_TUntrust_directed
2
134711 136726
272825 274840
Color: 80 30 60

incongruent_FEEDBACK_TUntrust_directed_excluded
2
330707 332723
408840 410855
Color: 100 100 100

incongruent_FEEDBACK_TUntrust_averted
2
74712 76727
380723 382739
Color: 40 50 20

incongruent_FEEDBACK_PC
2
186243 188258
214343 216358
Color: 200 200 70

incongruent_FEEDBACK_PC_exluded
2
356224 358239
436356 438371
Color: 100 100 100

Video_NO_RESPONSE
0
Color: 80 80 80

Evaluation_NO_RESPONSE
3
148761 148761
230561 230561
346073 346073
Color: 0 90 90

Decision_NO_RESPONSE
0
Color: 90 0 90

Feedback_NO_RESPONSE
0
Color: 90 90 0