FileVersion: 1

ResolutionOfTime: msec

Experiment: trustgame_tg19_run5

BackgroundColor: 0 0 0
TextColor: 255 255 255
TimeCourseColor: 0 170 0
TimeCourseThick: 3
ReferenceFuncColor: 113 113 255
ReferenceFuncThick: 3

NrOfConditions: 53

congruent_VIDEO_TTrust_directed
0
Color: 255 255 255

congruent_VIDEO_TTrust_averted
0
Color: 155 155 155

congruent_VIDEO_TUntrust_directed
0
Color: 255 0 255

congruent_VIDEO_TUntrust_averted
0
Color: 155 0 155

congruent_VIDEO_PC
0
Color: 255 255 0

congruent_EVALUATION_TTrust_directed
0
Color: 0 255 255

congruent_EVALUATION_TTrust_averted
0
Color: 228 228 228

congruent_EVALUATION_TUntrust_directed
0
Color: 0 155 155

congruent_EVALUATION_TUntrust_averted
0
Color: 128 128 128

congruent_EVALUATION_PC
0
Color: 238 238 238

congruent_DECISION_TTrust_directed
0
Color: 10 40 40

congruent_DECISION_TTrust_averted
0
Color: 140 50 0

congruent_DECISION_TUntrust_directed
0
Color: 0 30 40

congruent_DECISION_TUntrust_averted
0
Color: 240 30 0

congruent_DECISION_PC
0
Color: 0 50 70

congruent_FEEDBACK_TTrust_directed
0
Color: 90 10 70

congruent_FEEDBACK_TTrust_averted
0
Color: 60 20 50

congruent_FEEDBACK_TUntrust_directed
0
Color: 80 30 60

congruent_FEEDBACK_TUntrust_averted
0
Color: 40 50 20

congruent_FEEDBACK_PC
0
Color: 200 200 70

incongruent_VIDEO_TTrust_directed
2
17015 17019
17215 17219
Color: 255 255 255

incongruent_VIDEO_TTrust_averted
2
16937 16941
16965 16969
Color: 155 155 155

incongruent_VIDEO_TTrust_averted_excluded
2
17239 17243
17265 17269
Color: 100 100 100

incongruent_VIDEO_TUntrust_directed
2
16911 16915
17155 17159
Color: 255 0 255

incongruent_VIDEO_TUntrust_directed_excluded
2
17293 17297
17319 17323
Color: 100 100 100

incongruent_VIDEO_TUntrust_averted
2
16991 16995
17099 17103
Color: 155 0 155

incongruent_VIDEO_PC
2
17045 17049
17071 17075
Color: 100 100 100

incongruent_VIDEO_PC_excluded
2
17127 17131
17183 17187
Color: 100 100 100

incongruent_EVALUATION_TTrust_directed
1
17019 17023
Color: 0 255 255

incongruent_EVALUATION_TTrust_averted
1
17269 17273
Color: 228 228 228

incongruent_EVALUATION_TUntrust_directed
1
17323 17327
Color: 0 155 155

incongruent_EVALUATION_TUntrust_averted
1
17103 17107
Color: 128 128 128

incongruent_EVALUATION_PC
2
17075 17079
17187 17191
Color: 238 238 238

incongruent_DECISION_TTrust_directed
2
17025 17030
17221 17225
Color: 10 40 40

incongruent_DECISION_TTrust_averted
2
16943 16948
16971 16975
Color: 140 50 0

incongruent_DECISION_TTrust_averted_excluded
2
17245 17250
17275 17280
Color: 100 100 100

incongruent_DECISION_TUntrust_directed
2
16917 16921
17161 17165
Color: 0 30 40

incongruent_DECISION_TUntrust_directed_excluded
2
17299 17303
17329 17334
Color: 100 100 100

incongruent_DECISION_TUntrust_averted
2
16997 17001
17109 17114
Color: 240 30 0

incongruent_DECISION_PC
2
17051 17055
17081 17085
Color: 0 50 70

incongruent_DECISION_PC_excluded
2
17133 17137
17193 17197
Color: 100 100 100

incongruent_FEEDBACK_TTrust_directed
2
17036 17038
17229 17231
Color: 90 10 70

incongruent_FEEDBACK_TTrust_averted
2
16954 16956
16979 16981
Color: 60 20 50

incongruent_FEEDBACK_TTrust_averted_excluded
2
17254 17256
17284 17286
Color: 100 100 100

incongruent_FEEDBACK_TUntrust_directed
2
16927 16929
17171 17173
Color: 80 30 60

incongruent_FEEDBACK_TUntrust_directed_excluded
2
17307 17309
17340 17342
Color: 100 100 100

incongruent_FEEDBACK_TUntrust_averted
2
17005 17007
17118 17120
Color: 40 50 20

incongruent_FEEDBACK_PC
2
17061 17063
17089 17091
Color: 200 200 70

incongruent_FEEDBACK_PC_excluded
2
17143 17145
17203 17205
Color: 100 100 100

Video_NO_RESPONSE
0
Color: 80 80 80

Evaluation_NO_RESPONSE
1
17131 17131
Color: 0 90 90

Decision_NO_RESPONSE
0
Color: 90 0 90

Feedback_NO_RESPONSE
0
Color: 90 90 0