FileVersion: 1

ResolutionOfTime: msec

Experiment: trustgame_tg14_run8

BackgroundColor: 0 0 0
TextColor: 255 255 255
TimeCourseColor: 0 170 0
TimeCourseThick: 3
ReferenceFuncColor: 113 113 255
ReferenceFuncThick: 3

NrOfConditions: 53

congruent_VIDEO_TTrust_directed
0
Color: 255 255 255

congruent_VIDEO_TTrust_averted
0
Color: 155 155 155

congruent_VIDEO_TUntrust_directed
0
Color: 255 0 255

congruent_VIDEO_TUntrust_averted
0
Color: 155 0 155

congruent_VIDEO_PC
0
Color: 255 255 0

congruent_EVALUATION_TTrust_directed
0
Color: 0 255 255

congruent_EVALUATION_TTrust_averted
0
Color: 228 228 228

congruent_EVALUATION_TUntrust_directed
0
Color: 0 155 155

congruent_EVALUATION_TUntrust_averted
0
Color: 128 128 128

congruent_EVALUATION_PC
0
Color: 238 238 238

congruent_DECISION_TTrust_directed
0
Color: 10 40 40

congruent_DECISION_TTrust_averted
0
Color: 140 50 0

congruent_DECISION_TUntrust_directed
0
Color: 0 30 40

congruent_DECISION_TUntrust_averted
0
Color: 240 30 0

congruent_DECISION_PC
0
Color: 0 50 70

congruent_FEEDBACK_TTrust_directed
0
Color: 90 10 70

congruent_FEEDBACK_TTrust_averted
0
Color: 60 20 50

congruent_FEEDBACK_TUntrust_directed
0
Color: 80 30 60

congruent_FEEDBACK_TUntrust_averted
0
Color: 40 50 20

congruent_FEEDBACK_PC
0
Color: 200 200 70

incongruent_VIDEO_TTrust_directed
2
8078 12640
280076 284632
Color: 255 255 255

incongruent_VIDEO_TTrust_averted
2
84077 88750
306076 310732
Color: 155 155 155

incongruent_VIDEO_TTrust_averted_excluded
2
224077 228832
332076 336732
Color: 100 100 100

incongruent_VIDEO_TUntrust_directed
2
392075 396629
418075 422646
Color: 255 0 255

incongruent_VIDEO_TUntrust_directed_excluded
2
34077 38638
194076 198633
Color: 100 100 100

incongruent_VIDEO_TUntrust_averted
2
58077 62636
254077 258632
Color: 155 0 155

incongruent_VIDEO_PC
2
110076 114150
136076 140149
Color: 255 255 0

incongruent_VIDEO_PC_excluded
2
166076 170149
360076 364144
Color: 100 100 100

incongruent_EVALUATION_TTrust_directed
0
Color: 0 255 255

incongruent_EVALUATION_TTrust_averted
2
228847 232953
336745 340850
Color: 228 228 228

incongruent_EVALUATION_TUntrust_directed
2
198648 202754
422659 426765
Color: 0 155 155

incongruent_EVALUATION_TUntrust_averted
0
Color: 128 128 128

incongruent_EVALUATION_PC
2
140166 144272
364161 368263
Color: 238 238 238

incongruent_DECISION_TTrust_directed
2
14719 18821
286662 290763
Color: 10 40 40

incongruent_DECISION_TTrust_averted
2
90783 94884
312762 316863
Color: 140 50 0

incongruent_DECISION_TTrust_averted_excluded
2
234980 239086
342878 346979
Color: 100 100 100

incongruent_DECISION_TUntrust_directed
2
398660 402761
428793 432894
Color: 0 30 40

incongruent_DECISION_TUntrust_directed_excluded
2
40668 44774
204781 208882
Color: 100 100 100

incongruent_DECISION_TUntrust_averted
2
64667 68768
260663 264764
Color: 240 30 0

incongruent_DECISION_PC
2
116183 120288
146299 150400
Color: 0 50 70

incongruent_DECISION_PC_excluded
2
172182 176284
370294 374397
Color: 100 100 100

incongruent_FEEDBACK_TTrust_directed
2
24859 26868
294780 296795
Color: 90 10 70

incongruent_FEEDBACK_TTrust_averted
2
98901 100916
Color: 60 20 50

incongruent_FEEDBACK_TTrust_averted_excluded
2
245098 247113
350995 353011
Color: 100 100 100

incongruent_FEEDBACK_TUntrust_directed
2
408777 410793
436910 438925
Color: 80 30 60

incongruent_FEEDBACK_TUntrust_directed_excluded
2
48787 50801
212898 214914
Color: 100 100 100

incongruent_FEEDBACK_TUntrust_averted
2
72785 74800
268780 270796
Color: 40 50 20

incongruent_FEEDBACK_PC
2
126300 128316
156416 158432
Color: 200 200 70

incongruent_FEEDBACK_PC_excluded
2
182299 184314
380411 382427
Color: 100 100 100

Video_NO_RESPONSE
0
Color: 80 80 80

Evaluation_NO_RESPONSE
2
114150 114150
258632 258632
Color: 0 90 90

Decision_NO_RESPONSE
0
Color: 90 0 90

Feedback_NO_RESPONSE
0
Color: 90 90 0