FileVersion: 1

ResolutionOfTime: msec

Experiment: trustgame_tg12_run7

BackgroundColor: 0 0 0
TextColor: 255 255 255
TimeCourseColor: 0 170 0
TimeCourseThick: 3
ReferenceFuncColor: 113 113 255
ReferenceFuncThick: 3

NrOfConditions: 53

congruent_VIDEO_TTrust_directed
0
Color: 255 255 255

congruent_VIDEO_TTrust_averted
0
Color: 155 155 155

congruent_VIDEO_TUntrust_directed
0
Color: 255 0 255

congruent_VIDEO_TUntrust_averted
0
Color: 155 0 155

congruent_VIDEO_PC
0
Color: 255 255 0

congruent_EVALUATION_TTrust_directed
0
Color: 0 255 255

congruent_EVALUATION_TTrust_averted
0
Color: 228 228 228

congruent_EVALUATION_TUntrust_directed
0
Color: 0 155 155

congruent_EVALUATION_TUntrust_averted
0
Color: 128 128 128

congruent_EVALUATION_PC
0
Color: 238 238 238

congruent_DECISION_TTrust_directed
0
Color: 10 40 40

congruent_DECISION_TTrust_averted
0
Color: 140 50 0

congruent_DECISION_TUntrust_directed
0
Color: 0 30 40

congruent_DECISION_TUntrust_averted
0
Color: 240 30 0

congruent_DECISION_PC
0
Color: 0 50 70

congruent_FEEDBACK_TTrust_directed
0
Color: 90 10 70

congruent_FEEDBACK_TTrust_averted
0
Color: 60 20 50

congruent_FEEDBACK_TUntrust_directed
0
Color: 80 30 60

congruent_FEEDBACK_TUntrust_averted
0
Color: 40 50 20

congruent_FEEDBACK_PC
0
Color: 200 200 70

incongruent_VIDEO_TTrust_directed
2
224078 228642
280078 284641
Color: 255 255 255

incongruent_VIDEO_TTrust_averted
2
304078 308735
332078 336735
Color: 155 155 155

incongruent_VIDEO_TTrust_averted_excluded
2
144078 148754
250079 254735
Color: 100 100 100

incongruent_VIDEO_TUntrust_directed
2
170078 174643
386078 390640
Color: 255 0 255

incongruent_VIDEO_TUntrust_directed_excluded
2
118078 122644
362078 366641
Color: 100 100 100

incongruent_VIDEO_TUntrust_averted
2
34077 38648
198078 202642
Color: 155 0 155

incongruent_VIDEO_PC
2
60077 64159
416079 420153
Color: 255 255 0

incongruent_VIDEO_PC_excluded
2
8077 12160
92078 96159
Color: 100 100 100

incongruent_EVALUATION_TTrust_directed
0
Color: 0 255 255

incongruent_EVALUATION_TTrust_averted
2
254756 258857
336754 340856
Color: 228 228 228

incongruent_EVALUATION_TUntrust_directed
2
174657 178758
390654 394759
Color: 0 155 155

incongruent_EVALUATION_TUntrust_averted
0
Color: 128 128 128

incongruent_EVALUATION_PC
2
64176 68278
420170 424270
Color: 238 238 238

incongruent_DECISION_TTrust_directed
2
230673 234778
286672 290772
Color: 10 40 40

incongruent_DECISION_TTrust_averted
2
310755 314855
342887 346989
Color: 140 50 0

incongruent_DECISION_TTrust_averted_excluded
2
150774 154874
260889 264990
Color: 100 100 100

incongruent_DECISION_TUntrust_directed
2
180790 184892
396786 400892
Color: 0 30 40

incongruent_DECISION_TUntrust_directed_excluded
2
124674 128775
368670 372772
Color: 100 100 100

incongruent_DECISION_TUntrust_averted
2
40676 44781
204673 208779
Color: 240 30 0

incongruent_DECISION_PC
2
70309 74411
426303 430403
Color: 0 50 70

incongruent_DECISION_PC_excluded
2
14244 18347
98192 102297
Color: 100 100 100

incongruent_FEEDBACK_TTrust_directed
2
240790 242805
294789 296804
Color: 90 10 70

incongruent_FEEDBACK_TTrust_averted
2
320872 322887
351005 353020
Color: 60 20 50

incongruent_FEEDBACK_TTrust_averted_excluded
2
160892 162907
269006 271022
Color: 100 100 100

incongruent_FEEDBACK_TUntrust_directed
2
188908 190923
406904 408919
Color: 80 30 60

incongruent_FEEDBACK_TUntrust_directed_excluded
2
134792 136807
376788 378803
Color: 100 100 100

incongruent_FEEDBACK_TUntrust_averted
2
48795 50809
212791 214806
Color: 40 50 20

incongruent_FEEDBACK_PC
2
80426 82442
436420 438435
Color: 200 200 70

incongruent_FEEDBACK_PC_excluded
2
24384 26393
106309 108324
Color: 100 100 100

Video_NO_RESPONSE
0
Color: 80 80 80

Evaluation_NO_RESPONSE
2
12160 12160
122644 122644
Color: 0 90 90

Decision_NO_RESPONSE
0
Color: 90 0 90

Feedback_NO_RESPONSE
0
Color: 90 90 0