FileVersion: 1

ResolutionOfTime: msec

Experiment: trustgame_tg15_run6

BackgroundColor: 0 0 0
TextColor: 255 255 255
TimeCourseColor: 0 170 0
TimeCourseThick: 3
ReferenceFuncColor: 113 113 255
ReferenceFuncThick: 3

NrOfConditions: 53

congruent_VIDEO_TTrust_directed
0
Color: 255 255 255

congruent_VIDEO_TTrust_averted
0
Color: 155 155 155

congruent_VIDEO_TUntrust_directed
0
Color: 255 0 255

congruent_VIDEO_TUntrust_averted
0
Color: 155 0 155

congruent_VIDEO_PC
0
Color: 255 255 0

congruent_EVALUATION_TTrust_directed
0
Color: 0 255 255

congruent_EVALUATION_TTrust_averted
0
Color: 228 228 228

congruent_EVALUATION_TUntrust_directed
0
Color: 0 155 155

congruent_EVALUATION_TUntrust_averted
0
Color: 128 128 128

congruent_EVALUATION_PC
0
Color: 238 238 238

congruent_DECISION_TTrust_directed
0
Color: 10 40 40

congruent_DECISION_TTrust_averted
0
Color: 140 50 0

congruent_DECISION_TUntrust_directed
0
Color: 0 30 40

congruent_DECISION_TUntrust_averted
0
Color: 240 30 0

congruent_DECISION_PC
0
Color: 0 50 70

congruent_FEEDBACK_TTrust_directed
0
Color: 90 10 70

congruent_FEEDBACK_TTrust_averted
0
Color: 60 20 50

congruent_FEEDBACK_TUntrust_directed
0
Color: 80 30 60

congruent_FEEDBACK_TUntrust_averted
0
Color: 40 50 20

congruent_FEEDBACK_PC
0
Color: 200 200 70

incongruent_VIDEO_TTrust_directed
2
32077 36641
226075 230637
Color: 255 255 255

incongruent_VIDEO_TTrust_averted
2
8077 12757
86076 90833
Color: 155 155 155

incongruent_VIDEO_TTrust_averted_excluded
2
144076 148733
284075 288730
Color: 100 100 100

incongruent_VIDEO_TUntrust_directed
2
118077 122639
254075 258635
Color: 255 0 255

incongruent_VIDEO_TUntrust_directed_excluded
2
314075 318635
390074 394633
Color: 100 100 100

incongruent_VIDEO_TUntrust_averted
2
58077 62639
366075 370633
Color: 155 0 155

incongruent_VIDEO_PC
2
172075 176152
342075 346148
Color: 255 255 0

incongruent_VIDEO_PC_excluded
2
196076 200151
418074 422147
Color: 100 100 100

incongruent_EVALUATION_TTrust_directed
0
Color: 0 255 255

incongruent_EVALUATION_TTrust_averted
2
90854 94961
288749 292855
Color: 228 228 228

incongruent_EVALUATION_TUntrust_directed
2
258650 262751
394664 398770
Color: 0 155 155

incongruent_EVALUATION_TUntrust_averted
0
Color: 128 128 128

incongruent_EVALUATION_PC
2
200168 204272
422163 426268
Color: 238 238 238

incongruent_DECISION_TTrust_directed
2
38671 42776
232667 236767
Color: 10 40 40

incongruent_DECISION_TTrust_averted
2
14839 18941
96986 101088
Color: 140 50 0

incongruent_DECISION_TTrust_averted_excluded
2
150768 154874
294882 298983
Color: 100 100 100

incongruent_DECISION_TUntrust_directed
2
124669 128774
264783 268888
Color: 0 30 40

incongruent_DECISION_TUntrust_directed_excluded
2
320665 324770
400797 404902
Color: 100 100 100

incongruent_DECISION_TUntrust_averted
2
64670 68776
372664 376768
Color: 240 30 0

incongruent_DECISION_PC
2
178185 182287
348181 352287
Color: 0 50 70

incongruent_DECISION_PC_excluded
2
206301 210407
428296 432401
Color: 100 100 100

incongruent_FEEDBACK_TTrust_directed
2
48790 50804
242785 244800
Color: 90 10 70

incongruent_FEEDBACK_TTrust_averted
2
22979 24988
107104 109119
Color: 60 20 50

incongruent_FEEDBACK_TTrust_averted_excluded
2
160886 162901
305000 307015
Color: 100 100 100

incongruent_FEEDBACK_TUntrust_directed
2
134787 136802
272901 274916
Color: 80 30 60

incongruent_FEEDBACK_TUntrust_directed_excluded
2
330783 332798
408914 410930
Color: 100 100 100

incongruent_FEEDBACK_TUntrust_averted
2
74788 76803
380782 382797
Color: 40 50 20

incongruent_FEEDBACK_PC
2
186302 188317
356299 358314
Color: 200 200 70

incongruent_FEEDBACK_PC_excluded
2
214418 216434
436414 438429
Color: 100 100 100

Video_NO_RESPONSE
0
Color: 80 80 80

Evaluation_NO_RESPONSE
0
Color: 0 90 90

Decision_NO_RESPONSE
0
Color: 90 0 90

Feedback_NO_RESPONSE
0
Color: 90 90 0