FileVersion: 1

ResolutionOfTime: msec

Experiment: trustgame_tg08_run6

BackgroundColor: 0 0 0
TextColor: 255 255 255
TimeCourseColor: 0 170 0
TimeCourseThick: 3
ReferenceFuncColor: 113 113 255
ReferenceFuncThick: 3

NrOfConditions: 53

congruent_VIDEO_TTrust_directed
0
Color: 255 255 255

congruent_VIDEO_TTrust_averted
0
Color: 155 155 155

congruent_VIDEO_TUntrust_directed
0
Color: 255 0 255

congruent_VIDEO_TUntrust_averted
0
Color: 155 0 155

congruent_VIDEO_PC
0
Color: 255 255 0

congruent_EVALUATION_TTrust_directed
0
Color: 0 255 255

congruent_EVALUATION_TTrust_averted
0
Color: 228 228 228

congruent_EVALUATION_TUntrust_directed
0
Color: 0 155 155

congruent_EVALUATION_TUntrust_averted
0
Color: 128 128 128

congruent_EVALUATION_PC
0
Color: 238 238 238

congruent_DECISION_TTrust_directed
0
Color: 10 40 40

congruent_DECISION_TTrust_averted
0
Color: 140 50 0

congruent_DECISION_TUntrust_directed
0
Color: 0 30 40

congruent_DECISION_TUntrust_averted
0
Color: 240 30 0

congruent_DECISION_PC
0
Color: 0 50 70

congruent_FEEDBACK_TTrust_directed
0
Color: 90 10 70

congruent_FEEDBACK_TTrust_averted
0
Color: 60 20 50

congruent_FEEDBACK_TUntrust_directed
0
Color: 80 30 60

congruent_FEEDBACK_TUntrust_averted
0
Color: 40 50 20

congruent_FEEDBACK_PC
0
Color: 200 200 70

incongruent_VIDEO_TTrust_directed
2
32002 36566
226002 230559
Color: 255 255 255

incongruent_VIDEO_TTrust_averted
2
8003 12681
86002 90760
Color: 155 155 155

incongruent_VIDEO_TTrust_averted_excluded
2
144002 148660
284001 288759
Color: 100 100 100

incongruent_VIDEO_TUntrust_directed
2
118002 122562
390000 394569
Color: 255 0 255

incongruent_VIDEO_TUntrust_directed_excluded
2
254001 258557
314001 318573
Color: 100 100 100

incongruent_VIDEO_TUntrust_averted
2
58002 62564
366000 370572
Color: 155 0 155

incongruent_VIDEO_PC
2
196002 200074
342001 346086
Color: 255 255 0

incongruent_VIDEO_PC_excluded
2
172002 176092
418000 422067
Color: 100 100 100

incongruent_EVALUATION_TTrust_directed
0
Color: 0 255 255

incongruent_EVALUATION_TTrust_averted
2
90778 94881
288771 292873
Color: 228 228 228

incongruent_EVALUATION_TUntrust_directed
2
258572 262673
394584 398686
Color: 0 155 155

incongruent_EVALUATION_TUntrust_averted
0
Color: 128 128 128

incongruent_EVALUATION_PC
2
200090 204191
422083 426185
Color: 238 238 238

incongruent_DECISION_TTrust_directed
2
38595 42698
232589 236691
Color: 10 40 40

incongruent_DECISION_TTrust_averted
2
14764 18867
96910 101013
Color: 140 50 0

incongruent_DECISION_TTrust_averted_excluded
2
150692 154793
294904 299007
Color: 100 100 100

incongruent_DECISION_TUntrust_directed
2
124593 128695
400717 404819
Color: 0 30 40

incongruent_DECISION_TUntrust_directed_excluded
2
264705 268807
320603 324705
Color: 100 100 100

incongruent_DECISION_TUntrust_averted
2
64595 68697
372601 376704
Color: 240 30 0

incongruent_DECISION_PC
2
206223 210325
Color: 0 50 70

incongruent_DECISION_PC_excluded
2
178124 182226
428216 432319
Color: 100 100 100

incongruent_FEEDBACK_TTrust_directed
2
48715 50728
242707 244722
Color: 90 10 70

incongruent_FEEDBACK_TTrust_averted
2
22903 24912
107028 109043
Color: 60 20 50

incongruent_FEEDBACK_TTrust_averted_excluded
2
160810 162824
305021 307036
Color: 100 100 100

incongruent_FEEDBACK_TUntrust_directed
2
134710 136725
408835 410850
Color: 80 30 60

incongruent_FEEDBACK_TUntrust_directed_excluded
2
272822 274838
330721 332736
Color: 100 100 100

incongruent_FEEDBACK_TUntrust_averted
2
74712 76727
380719 382734
Color: 40 50 20

incongruent_FEEDBACK_PC
2
214341 216356
356236 358252
Color: 200 200 70

incongruent_FEEDBACK_PC_excluded
2
186242 188257
436334 438349
Color: 100 100 100

Video_NO_RESPONSE
0
Color: 80 80 80

Evaluation_NO_RESPONSE
0
Color: 0 90 90

Decision_NO_RESPONSE
0
Color: 90 0 90

Feedback_NO_RESPONSE
0
Color: 90 90 0