FileVersion: 1

ResolutionOfTime: msec

Experiment: trustgame_tg15_run5

BackgroundColor: 0 0 0
TextColor: 255 255 255
TimeCourseColor: 0 170 0
TimeCourseThick: 3
ReferenceFuncColor: 113 113 255
ReferenceFuncThick: 3

NrOfConditions: 53

congruent_VIDEO_TTrust_directed
0
Color: 255 255 255

congruent_VIDEO_TTrust_averted
0
Color: 155 155 155

congruent_VIDEO_TUntrust_directed
0
Color: 255 0 255

congruent_VIDEO_TUntrust_averted
0
Color: 155 0 155

congruent_VIDEO_PC
0
Color: 255 255 0

congruent_EVALUATION_TTrust_directed
0
Color: 0 255 255

congruent_EVALUATION_TTrust_averted
0
Color: 228 228 228

congruent_EVALUATION_TUntrust_directed
0
Color: 0 155 155

congruent_EVALUATION_TUntrust_averted
0
Color: 128 128 128

congruent_EVALUATION_PC
0
Color: 238 238 238

congruent_DECISION_TTrust_directed
0
Color: 10 40 40

congruent_DECISION_TTrust_averted
0
Color: 140 50 0

congruent_DECISION_TUntrust_directed
0
Color: 0 30 40

congruent_DECISION_TUntrust_averted
0
Color: 240 30 0

congruent_DECISION_PC
0
Color: 0 50 70

congruent_FEEDBACK_TTrust_directed
0
Color: 90 10 70

congruent_FEEDBACK_TTrust_averted
0
Color: 60 20 50

congruent_FEEDBACK_TUntrust_directed
0
Color: 80 30 60

congruent_FEEDBACK_TUntrust_averted
0
Color: 40 50 20

congruent_FEEDBACK_PC
0
Color: 200 200 70

incongruent_VIDEO_TTrust_directed
2
112076 116642
312076 316638
Color: 255 255 255

incongruent_VIDEO_TTrust_averted
2
62076 66832
362075 366730
Color: 155 155 155

incongruent_VIDEO_TTrust_averted_excluded
2
34076 38752
336075 340730
Color: 100 100 100

incongruent_VIDEO_TUntrust_directed
2
8078 12648
416075 420637
Color: 255 0 255

incongruent_VIDEO_TUntrust_directed_excluded
2
252076 256639
390075 394636
Color: 100 100 100

incongruent_VIDEO_TUntrust_averted
2
88076 92642
196076 200640
Color: 155 0 155

incongruent_VIDEO_PC
2
168076 172156
224076 228154
Color: 255 255 0

incongruent_VIDEO_PC_excluded
2
142076 146156
280075 284153
Color: 100 100 100

incongruent_EVALUATION_TTrust_directed
1
116657 120763
Color: 0 255 255

incongruent_EVALUATION_TTrust_averted
1
366751 370852
Color: 228 228 228

incongruent_EVALUATION_TUntrust_directed
1
420650 424755
Color: 0 155 155

incongruent_EVALUATION_TUntrust_averted
1
200655 204760
Color: 128 128 128

incongruent_EVALUATION_PC
2
172172 176277
284170 288275
Color: 238 238 238

incongruent_DECISION_TTrust_directed
2
122790 126895
318669 322774
Color: 10 40 40

incongruent_DECISION_TTrust_averted
2
68857 72959
372884 376986
Color: 140 50 0

incongruent_DECISION_TTrust_averted_excluded
2
40775 44876
342752 346854
Color: 100 100 100

incongruent_DECISION_TUntrust_directed
2
14726 18832
426783 430888
Color: 0 30 40

incongruent_DECISION_TUntrust_directed_excluded
2
258670 262776
396667 400772
Color: 100 100 100

incongruent_DECISION_TUntrust_averted
2
94673 98779
206788 210893
Color: 240 30 0

incongruent_DECISION_PC
2
178305 182410
230187 234293
Color: 0 50 70

incongruent_DECISION_PC_excluded
2
148189 152294
290303 294408
Color: 100 100 100

incongruent_FEEDBACK_TTrust_directed
2
132907 134922
326786 328802
Color: 90 10 70

incongruent_FEEDBACK_TTrust_averted
2
76975 78990
381002 383017
Color: 60 20 50

incongruent_FEEDBACK_TTrust_averted_excluded
2
50894 52907
350869 352884
Color: 100 100 100

incongruent_FEEDBACK_TUntrust_directed
2
24866 26875
436901 438916
Color: 80 30 60

incongruent_FEEDBACK_TUntrust_directed_excluded
2
268788 270803
404785 406800
Color: 100 100 100

incongruent_FEEDBACK_TUntrust_averted
2
102791 104806
214905 216921
Color: 40 50 20

incongruent_FEEDBACK_PC
2
186423 188438
240305 242320
Color: 200 200 70

incongruent_FEEDBACK_PC_excluded
2
158307 160322
300420 302435
Color: 100 100 100

Video_NO_RESPONSE
0
Color: 80 80 80

Evaluation_NO_RESPONSE
1
146156 146156
Color: 0 90 90

Decision_NO_RESPONSE
0
Color: 90 0 90

Feedback_NO_RESPONSE
0
Color: 90 90 0