FileVersion: 1

ResolutionOfTime: msec

Experiment: trustgame_tg14_run6

BackgroundColor: 0 0 0
TextColor: 255 255 255
TimeCourseColor: 0 170 0
TimeCourseThick: 3
ReferenceFuncColor: 113 113 255
ReferenceFuncThick: 3

NrOfConditions: 53

congruent_VIDEO_TTrust_directed
0
Color: 255 255 255

congruent_VIDEO_TTrust_averted
0
Color: 155 155 155

congruent_VIDEO_TUntrust_directed
0
Color: 255 0 255

congruent_VIDEO_TUntrust_averted
0
Color: 155 0 155

congruent_VIDEO_PC
0
Color: 255 255 0

congruent_EVALUATION_TTrust_directed
0
Color: 0 255 255

congruent_EVALUATION_TTrust_averted
0
Color: 228 228 228

congruent_EVALUATION_TUntrust_directed
0
Color: 0 155 155

congruent_EVALUATION_TUntrust_averted
0
Color: 128 128 128

congruent_EVALUATION_PC
0
Color: 238 238 238

congruent_DECISION_TTrust_directed
0
Color: 10 40 40

congruent_DECISION_TTrust_averted
0
Color: 140 50 0

congruent_DECISION_TUntrust_directed
0
Color: 0 30 40

congruent_DECISION_TUntrust_averted
0
Color: 240 30 0

congruent_DECISION_PC
0
Color: 0 50 70

congruent_FEEDBACK_TTrust_directed
0
Color: 90 10 70

congruent_FEEDBACK_TTrust_averted
0
Color: 60 20 50

congruent_FEEDBACK_TUntrust_directed
0
Color: 80 30 60

congruent_FEEDBACK_TUntrust_averted
0
Color: 40 50 20

congruent_FEEDBACK_PC
0
Color: 200 200 70

incongruent_VIDEO_TTrust_directed
2
32077 36633
226077 230644
Color: 255 255 255

incongruent_VIDEO_TTrust_averted
2
8077 12756
144077 148833
Color: 155 155 155

incongruent_VIDEO_TTrust_averted_excluded
2
86077 90833
284076 288831
Color: 100 100 100

incongruent_VIDEO_TUntrust_directed
2
118077 122647
254077 258643
Color: 255 0 255

incongruent_VIDEO_TUntrust_directed_excluded
2
314076 318643
390075 394640
Color: 100 100 100

incongruent_VIDEO_TUntrust_averted
2
58077 62631
366076 370641
Color: 155 0 155

incongruent_VIDEO_PC
2
196077 200143
342076 346156
Color: 255 255 0

incongruent_VIDEO_PC_excluded
2
172077 176160
418075 422154
Color: 100 100 100

incongruent_EVALUATION_TTrust_directed
0
Color: 0 255 255

incongruent_EVALUATION_TTrust_averted
2
90846 94950
288840 292942
Color: 228 228 228

incongruent_EVALUATION_TUntrust_directed
2
258658 262761
394654 398756
Color: 0 155 155

incongruent_EVALUATION_TUntrust_averted
0
Color: 128 128 128

incongruent_EVALUATION_PC
2
200159 204260
422170 426272
Color: 238 238 238

incongruent_DECISION_TTrust_directed
2
38663 42765
232675 236777
Color: 10 40 40

incongruent_DECISION_TTrust_averted
2
14831 18933
150860 154962
Color: 140 50 0

incongruent_DECISION_TTrust_averted_excluded
2
96978 101080
294973 299075
Color: 100 100 100

incongruent_DECISION_TUntrust_directed
2
124677 128778
264791 268895
Color: 0 30 40

incongruent_DECISION_TUntrust_directed_excluded
2
320673 324774
400787 404890
Color: 100 100 100

incongruent_DECISION_TUntrust_averted
2
64662 68766
372671 376773
Color: 240 30 0

incongruent_DECISION_PC
2
206292 210393
348189 352290
Color: 0 50 70

incongruent_DECISION_PC_excluded
2
178193 182294
428303 432404
Color: 100 100 100

incongruent_FEEDBACK_TTrust_directed
2
48782 50796
242792 244807
Color: 90 10 70

incongruent_FEEDBACK_TTrust_averted
2
22971 24980
160978 162993
Color: 60 20 50

incongruent_FEEDBACK_TTrust_averted_excluded
2
107096 109111
305091 307106
Color: 100 100 100

incongruent_FEEDBACK_TUntrust_directed
2
134795 136810
272908 274923
Color: 80 30 60

incongruent_FEEDBACK_TUntrust_directed_excluded
2
330790 332805
408905 410920
Color: 100 100 100

incongruent_FEEDBACK_TUntrust_averted
2
74780 76795
380789 382804
Color: 40 50 20

incongruent_FEEDBACK_PC
2
214410 216425
356306 358321
Color: 200 200 70

incongruent_FEEDBACK_PC_excluded
2
186310 188326
436421 438436
Color: 100 100 100

Video_NO_RESPONSE
0
Color: 80 80 80

Evaluation_NO_RESPONSE
1
176160 176160
Color: 0 90 90

Decision_NO_RESPONSE
0
Color: 90 0 90

Feedback_NO_RESPONSE
0
Color: 90 90 0