FileVersion: 1

ResolutionOfTime: msec

Experiment: trustgame_tg11_run7

BackgroundColor: 0 0 0
TextColor: 255 255 255
TimeCourseColor: 0 170 0
TimeCourseThick: 3
ReferenceFuncColor: 113 113 255
ReferenceFuncThick: 3

NrOfConditions: 53

congruent_VIDEO_TTrust_directed
0
Color: 255 255 255

congruent_VIDEO_TTrust_averted
0
Color: 155 155 155

congruent_VIDEO_TUntrust_directed
0
Color: 255 0 255

congruent_VIDEO_TUntrust_averted
0
Color: 155 0 155

congruent_VIDEO_PC
0
Color: 255 255 0

congruent_EVALUATION_TTrust_directed
0
Color: 0 255 255

congruent_EVALUATION_TTrust_averted
0
Color: 228 228 228

congruent_EVALUATION_TUntrust_directed
0
Color: 0 155 155

congruent_EVALUATION_TUntrust_averted
0
Color: 128 128 128

congruent_EVALUATION_PC
0
Color: 238 238 238

congruent_DECISION_TTrust_directed
0
Color: 10 40 40

congruent_DECISION_TTrust_averted
0
Color: 140 50 0

congruent_DECISION_TUntrust_directed
0
Color: 0 30 40

congruent_DECISION_TUntrust_averted
0
Color: 240 30 0

congruent_DECISION_PC
0
Color: 0 50 70

congruent_FEEDBACK_TTrust_directed
0
Color: 90 10 70

congruent_FEEDBACK_TTrust_averted
0
Color: 60 20 50

congruent_FEEDBACK_TUntrust_directed
0
Color: 80 30 60

congruent_FEEDBACK_TUntrust_averted
0
Color: 40 50 20

congruent_FEEDBACK_PC
0
Color: 200 200 70

incongruent_VIDEO_TTrust_directed
2
224078 228634
280078 284649
Color: 255 255 255

incongruent_VIDEO_TTrust_averted
2
304078 308833
332078 336834
Color: 155 155 155

incongruent_VIDEO_TUntrust_directed
2
118077 122636
170077 174635
Color: 255 0 255

incongruent_VIDEO_TUntrust_directed_excluded
2
362077 366648
386077 390647
Color: 100 100 100

incongruent_VIDEO_TUntrust_averted
2
34077 38639
198077 202634
Color: 155 0 155

incongruent_VIDEO_PC
2
8077 12153
60077 64152
Color: 255 255 0

incongruent_VIDEO_PC_excluded
1
416077 420144
Color: 100 100 100

incongruent_EVALUATION_TTrust_directed
0
Color: 0 255 255

incongruent_EVALUATION_TTrust_averted
2
254847 258953
336846 340950
Color: 228 228 228

incongruent_EVALUATION_TUntrust_directed
2
174649 178754
390661 394767
Color: 0 155 155

incongruent_EVALUATION_TUntrust_averted
0
Color: 128 128 128

incongruent_EVALUATION_PC
1
64169 68271
Color: 238 238 238

incongruent_DECISION_TTrust_directed
2
230664 234765
286680 290785
Color: 10 40 40

incongruent_DECISION_TTrust_averted
2
310863 314968
342979 347080
Color: 140 50 0

incongruent_DECISION_TUntrust_directed
2
124666 128772
180782 184887
Color: 0 30 40

incongruent_DECISION_TUntrust_directed_excluded
2
368678 372784
396794 400895
Color: 100 100 100

incongruent_DECISION_TUntrust_averted
2
40668 44774
204665 208770
Color: 240 30 0

incongruent_DECISION_PC
2
14236 18342
70301 74402
Color: 0 50 70

incongruent_DECISION_PC_excluded
1
426293 430395
Color: 100 100 100

incongruent_FEEDBACK_TTrust_directed
2
240782 242797
294797 296813
Color: 90 10 70

incongruent_FEEDBACK_TTrust_averted
2
320980 322995
351096 353111
Color: 60 20 50

incongruent_FEEDBACK_TUntrust_directed
2
134784 136799
188900 190915
Color: 80 30 60

incongruent_FEEDBACK_TUntrust_directed_excluded
2
376796 378811
406912 408927
Color: 100 100 100

incongruent_FEEDBACK_TUntrust_averted
2
48788 50801
212782 214798
Color: 40 50 20

incongruent_FEEDBACK_PC
2
24377 26385
80419 82434
Color: 200 200 70

incongruent_FEEDBACK_PC_excluded
1
436411 438426
Color: 100 100 100

Video_NO_RESPONSE
3
92077 96151
144077 148752
250078 254834
Color: 80 80 80

Evaluation_NO_RESPONSE
2
96151 96151
420160 424265
Color: 0 90 90

Decision_NO_RESPONSE
3
98184 102285
150783 154888
260980 265086
Color: 90 0 90

Feedback_NO_RESPONSE
3
106301 108317
160900 162915
269098 271113
Color: 90 90 0