FileVersion: 1

ResolutionOfTime: msec

Experiment: trustgame_tg22_run7

BackgroundColor: 0 0 0
TextColor: 255 255 255
TimeCourseColor: 0 170 0
TimeCourseThick: 3
ReferenceFuncColor: 113 113 255
ReferenceFuncThick: 3

NrOfConditions: 53

congruent_VIDEO_TTrust_directed
0
Color: 255 255 255

congruent_VIDEO_TTrust_averted
0
Color: 155 155 155

congruent_VIDEO_TUntrust_directed
0
Color: 255 0 255

congruent_VIDEO_TUntrust_averted
0
Color: 155 0 155

congruent_VIDEO_PC
0
Color: 255 255 0

congruent_EVALUATION_TTrust_directed
0
Color: 0 255 255

congruent_EVALUATION_TTrust_averted
0
Color: 228 228 228

congruent_EVALUATION_TUntrust_directed
0
Color: 0 155 155

congruent_EVALUATION_TUntrust_averted
0
Color: 128 128 128

congruent_EVALUATION_PC
0
Color: 238 238 238

congruent_DECISION_TTrust_directed
0
Color: 10 40 40

congruent_DECISION_TTrust_averted
0
Color: 140 50 0

congruent_DECISION_TUntrust_directed
0
Color: 0 30 40

congruent_DECISION_TUntrust_averted
0
Color: 240 30 0

congruent_DECISION_PC
0
Color: 0 50 70

congruent_FEEDBACK_TTrust_directed
0
Color: 90 10 70

congruent_FEEDBACK_TTrust_averted
0
Color: 60 20 50

congruent_FEEDBACK_TUntrust_directed
0
Color: 80 30 60

congruent_FEEDBACK_TUntrust_averted
0
Color: 40 50 20

congruent_FEEDBACK_PC
0
Color: 200 200 70

incongruent_VIDEO_TTrust_directed
2
224004 228565
280004 284565
Color: 255 255 255

incongruent_VIDEO_TTrust_averted
2
144003 148678
332004 336761
Color: 155 155 155

incongruent_VIDEO_TTrust_averted_excluded
1
250004 254662
Color: 100 100 100

incongruent_VIDEO_TUntrust_directed
2
118003 122567
386005 390562
Color: 255 0 255

incongruent_VIDEO_TUntrust_directed_excluded
2
170004 174567
362005 366563
Color: 100 100 100

incongruent_VIDEO_TUntrust_averted
2
34003 38570
198004 202566
Color: 155 0 155

incongruent_VIDEO_PC
2
60003 64082
416004 420077
Color: 255 255 0

incongruent_VIDEO_PC_excluded
2
8003 12083
92003 96082
Color: 100 100 100

incongruent_EVALUATION_TTrust_directed
0
Color: 0 255 255

incongruent_EVALUATION_TTrust_averted
2
254679 258719
336778 340818
Color: 228 228 228

incongruent_EVALUATION_TUntrust_directed
2
174580 178620
390577 394617
Color: 0 155 155

incongruent_EVALUATION_TUntrust_averted
0
Color: 128 128 128

incongruent_EVALUATION_PC
2
64099 68140
420093 424129
Color: 238 238 238

incongruent_DECISION_TTrust_directed
2
230596 234636
286595 290636
Color: 10 40 40

incongruent_DECISION_TTrust_averted
2
150714 154754
342844 346881
Color: 140 50 0

incongruent_DECISION_TTrust_averted_excluded
1
260745 264785
Color: 100 100 100

incongruent_DECISION_TUntrust_directed
2
124597 128638
396643 400683
Color: 0 30 40

incongruent_DECISION_TUntrust_directed_excluded
2
180647 184687
368594 372630
Color: 100 100 100

incongruent_DECISION_TUntrust_averted
2
40599 44638
204596 208636
Color: 240 30 0

incongruent_DECISION_PC
2
70165 74206
426159 430200
Color: 0 50 70

incongruent_DECISION_PC_excluded
2
14167 18207
98115 102154
Color: 100 100 100

incongruent_FEEDBACK_TTrust_directed
2
240647 242662
294646 296661
Color: 90 10 70

incongruent_FEEDBACK_TTrust_averted
2
160765 162780
350895 352910
Color: 60 20 50

incongruent_FEEDBACK_TTrust_averted_excluded
1
268796 270812
Color: 100 100 100

incongruent_FEEDBACK_TUntrust_directed
2
134649 136664
406694 408709
Color: 80 30 60

incongruent_FEEDBACK_TUntrust_directed_excluded
2
188698 190713
376645 378660
Color: 100 100 100

incongruent_FEEDBACK_TUntrust_averted
2
48651 50665
212647 214662
Color: 40 50 20

incongruent_FEEDBACK_PC
2
80216 82231
436210 438226
Color: 200 200 70

incongruent_FEEDBACK_PC_excluded
2
24240 26249
106165 108181
Color: 100 100 100

Video_NO_RESPONSE
1
304004 308763
Color: 80 80 80

Evaluation_NO_RESPONSE
4
12083 12083
96082 96082
308763 308763
366563 366563
Color: 0 90 90

Decision_NO_RESPONSE
1
310795 314831
Color: 90 0 90

Feedback_NO_RESPONSE
1
320845 322861
Color: 90 90 0