FileVersion: 1

ResolutionOfTime: msec

Experiment: trustgame_tg18_run8

BackgroundColor: 0 0 0
TextColor: 255 255 255
TimeCourseColor: 0 170 0
TimeCourseThick: 3
ReferenceFuncColor: 113 113 255
ReferenceFuncThick: 3

NrOfConditions: 53

congruent_VIDEO_TTrust_directed
0
Color: 255 255 255

congruent_VIDEO_TTrust_averted
0
Color: 155 155 155

congruent_VIDEO_TUntrust_directed
0
Color: 255 0 255

congruent_VIDEO_TUntrust_averted
0
Color: 155 0 155

congruent_VIDEO_PC
0
Color: 255 255 0

congruent_EVALUATION_TTrust_directed
0
Color: 0 255 255

congruent_EVALUATION_TTrust_averted
0
Color: 228 228 228

congruent_EVALUATION_TUntrust_directed
0
Color: 0 155 155

congruent_EVALUATION_TUntrust_averted
0
Color: 128 128 128

congruent_EVALUATION_PC
0
Color: 238 238 238

congruent_DECISION_TTrust_directed
0
Color: 10 40 40

congruent_DECISION_TTrust_averted
0
Color: 140 50 0

congruent_DECISION_TUntrust_directed
0
Color: 0 30 40

congruent_DECISION_TUntrust_averted
0
Color: 240 30 0

congruent_DECISION_PC
0
Color: 0 50 70

congruent_FEEDBACK_TTrust_directed
0
Color: 90 10 70

congruent_FEEDBACK_TTrust_averted
0
Color: 60 20 50

congruent_FEEDBACK_TUntrust_directed
0
Color: 80 30 60

congruent_FEEDBACK_TUntrust_averted
0
Color: 40 50 20

congruent_FEEDBACK_PC
0
Color: 200 200 70

incongruent_VIDEO_TTrust_directed
2
8077 12649
280079 284645
Color: 255 255 255

incongruent_VIDEO_TTrust_averted
2
306079 310833
332080 336737
Color: 155 155 155

incongruent_VIDEO_TTrust_averted_excluded
2
84078 88751
224078 228833
Color: 100 100 100

incongruent_VIDEO_TUntrust_directed
2
194079 198645
418080 422644
Color: 255 0 255

incongruent_VIDEO_TUntrust_directed_excluded
2
34077 38647
392080 396645
Color: 100 100 100

incongruent_VIDEO_TUntrust_averted
2
58078 62646
254079 258644
Color: 155 0 155

incongruent_VIDEO_PC
2
166079 170143
360080 364159
Color: 255 255 0

incongruent_VIDEO_PC_excluded
2
110078 114160
136078 140160
Color: 100 100 100

incongruent_EVALUATION_TTrust_directed
0
Color: 0 255 255

incongruent_EVALUATION_TTrust_averted
2
228843 232944
336759 340861
Color: 228 228 228

incongruent_EVALUATION_TUntrust_directed
2
198659 202764
422658 426761
Color: 0 155 155

incongruent_EVALUATION_TUntrust_averted
0
Color: 128 128 128

incongruent_EVALUATION_PC
2
140177 144283
364175 368276
Color: 238 238 238

incongruent_DECISION_TTrust_directed
2
14728 18830
286675 290781
Color: 10 40 40

incongruent_DECISION_TTrust_averted
2
312859 316960
342892 346994
Color: 140 50 0

incongruent_DECISION_TTrust_averted_excluded
2
90777 94877
234976 239077
Color: 100 100 100

incongruent_DECISION_TUntrust_directed
2
204793 208898
428791 432892
Color: 0 30 40

incongruent_DECISION_TUntrust_directed_excluded
2
40677 44779
398675 402777
Color: 100 100 100

incongruent_DECISION_TUntrust_averted
2
64677 68778
260676 264779
Color: 240 30 0

incongruent_DECISION_PC
2
172176 176277
370308 374409
Color: 0 50 70

incongruent_DECISION_PC_excluded
2
116193 120298
146310 150411
Color: 0 50 70

incongruent_FEEDBACK_TTrust_directed
2
24868 26877
294793 296808
Color: 90 10 70

incongruent_FEEDBACK_TTrust_averted
2
322976 324991
351009 353025
Color: 60 20 50

incongruent_FEEDBACK_TTrust_averted_excluded
2
98894 100910
245093 247109
Color: 100 100 100

incongruent_FEEDBACK_TUntrust_directed
2
212910 214926
436909 438924
Color: 80 30 60

incongruent_FEEDBACK_TUntrust_directed_excluded
2
48796 50810
408792 410808
Color: 100 100 100

incongruent_FEEDBACK_TUntrust_averted
2
72794 74810
268793 270808
Color: 40 50 20

incongruent_FEEDBACK_PC
2
182294 184309
380426 382441
Color: 200 200 70

incongruent_FEEDBACK_PC_excluded
2
126311 128326
156427 158443
Color: 100 100 100

Video_NO_RESPONSE
0
Color: 80 80 80

Evaluation_NO_RESPONSE
0
Color: 0 90 90

Decision_NO_RESPONSE
0
Color: 90 0 90

Feedback_NO_RESPONSE
0
Color: 90 90 0