FileVersion: 1

ResolutionOfTime: msec

Experiment: trustgame_tg07_run8

BackgroundColor: 0 0 0
TextColor: 255 255 255
TimeCourseColor: 0 170 0
TimeCourseThick: 3
ReferenceFuncColor: 113 113 255
ReferenceFuncThick: 3

NrOfConditions: 53

congruent_VIDEO_TTrust_directed
0
Color: 255 255 255

congruent_VIDEO_TTrust_averted
0
Color: 155 155 155

congruent_VIDEO_TUntrust_directed
0
Color: 255 0 255

congruent_VIDEO_TUntrust_averted
0
Color: 155 0 155

congruent_VIDEO_PC
0
Color: 255 255 0

congruent_EVALUATION_TTrust_directed
0
Color: 0 255 255

congruent_EVALUATION_TTrust_averted
0
Color: 228 228 228

congruent_EVALUATION_TUntrust_directed
0
Color: 0 155 155

congruent_EVALUATION_TUntrust_averted
0
Color: 128 128 128

congruent_EVALUATION_PC
0
Color: 238 238 238

congruent_DECISION_TTrust_directed
0
Color: 10 40 40

congruent_DECISION_TTrust_averted
0
Color: 140 50 0

congruent_DECISION_TUntrust_directed
0
Color: 0 30 40

congruent_DECISION_TUntrust_averted
0
Color: 240 30 0

congruent_DECISION_PC
0
Color: 0 50 70

congruent_FEEDBACK_TTrust_directed
0
Color: 90 10 70

congruent_FEEDBACK_TTrust_averted
0
Color: 60 20 50

congruent_FEEDBACK_TUntrust_directed
0
Color: 80 30 60

congruent_FEEDBACK_TUntrust_averted
0
Color: 40 50 20

congruent_FEEDBACK_PC
0
Color: 200 200 70

incongruent_VIDEO_TTrust_directed
2
8077 12647
280076 284637
Color: 255 255 255

incongruent_VIDEO_TTrust_averted
2
84077 88752
224076 228731
Color: 155 155 155

incongruent_VIDEO_TTrust_averted_excluded
2
306076 310732
332076 336733
Color: 100 100 100

incongruent_VIDEO_TUntrust_directed
2
34077 38644
194076 198639
Color: 255 0 255

incongruent_VIDEO_TUntrust_directed_excluded
2
392076 396634
418076 422632
Color: 100 100 100

incongruent_VIDEO_TUntrust_averted
2
58077 62643
254076 258637
Color: 155 0 155

incongruent_VIDEO_PC
2
136077 140155
360076 364148
Color: 255 255 0

incongruent_VIDEO_PC_excluded
2
110077 114156
166076 170154
Color: 100 100 100

incongruent_EVALUATION_TTrust_directed
0
Color: 0 255 255

incongruent_EVALUATION_TTrust_averted
2
228752 232857
336749 340854
Color: 228 228 228

incongruent_EVALUATION_TUntrust_directed
2
198653 202759
422646 426752
Color: 0 155 155

incongruent_EVALUATION_TUntrust_averted
0
Color: 128 128 128

incongruent_EVALUATION_PC
2
140172 144275
364165 368270
Color: 238 238 238

incongruent_DECISION_TTrust_directed
2
14726 18827
286667 290768
Color: 10 40 40

incongruent_DECISION_TTrust_averted
2
90773 94873
234885 238986
Color: 140 50 0

incongruent_DECISION_TTrust_averted_excluded
2
312766 316872
342882 346983
Color: 100 100 100

incongruent_DECISION_TUntrust_directed
2
398664 402768
428779 432880
Color: 0 30 40

incongruent_DECISION_TUntrust_directed_excluded
2
40674 44780
204786 208889
Color: 100 100 100

incongruent_DECISION_TUntrust_averted
2
64674 68774
260668 264773
Color: 240 30 0

incongruent_DECISION_PC
2
146304 150410
370298 374403
Color: 0 50 70

incongruent_DECISION_PC_excluded
2
116189 120290
172187 176288
Color: 100 100 100

incongruent_FEEDBACK_TTrust_directed
2
24866 26875
294785 296800
Color: 90 10 70

incongruent_FEEDBACK_TTrust_averted
2
98890 100905
245003 247018
Color: 60 20 50

incongruent_FEEDBACK_TTrust_averted_excluded
2
322884 324899
351000 353015
Color: 100 100 100

incongruent_FEEDBACK_TUntrust_directed
2
48794 50807
212904 214919
Color: 80 30 60

incongruent_FEEDBACK_TUntrust_directed_excluded
2
408781 410796
436897 438912
Color: 100 100 100

incongruent_FEEDBACK_TUntrust_averted
2
72791 74806
268785 270800
Color: 40 50 20

incongruent_FEEDBACK_PC
2
156422 158437
380415 382430
Color: 200 200 70

incongruent_FEEDBACK_PC_excluded
2
126306 128321
182305 184320
Color: 100 100 100

Video_NO_RESPONSE
0
Color: 80 80 80

Evaluation_NO_RESPONSE
1
88752 88752
Color: 0 90 90

Decision_NO_RESPONSE
0
Color: 90 0 90

Feedback_NO_RESPONSE
0
Color: 90 90 0