FileVersion: 1

ResolutionOfTime: msec

Experiment: trustgame_tg18_run6

BackgroundColor: 0 0 0
TextColor: 255 255 255
TimeCourseColor: 0 170 0
TimeCourseThick: 3
ReferenceFuncColor: 113 113 255
ReferenceFuncThick: 3

NrOfConditions: 53

congruent_VIDEO_TTrust_directed
0
Color: 255 255 255

congruent_VIDEO_TTrust_averted
0
Color: 155 155 155

congruent_VIDEO_TUntrust_directed
0
Color: 255 0 255

congruent_VIDEO_TUntrust_averted
0
Color: 155 0 155

congruent_VIDEO_PC
0
Color: 255 255 0

congruent_EVALUATION_TTrust_directed
0
Color: 0 255 255

congruent_EVALUATION_TTrust_averted
0
Color: 228 228 228

congruent_EVALUATION_TUntrust_directed
0
Color: 0 155 155

congruent_EVALUATION_TUntrust_averted
0
Color: 128 128 128

congruent_EVALUATION_PC
0
Color: 238 238 238

congruent_DECISION_TTrust_directed
0
Color: 10 40 40

congruent_DECISION_TTrust_averted
0
Color: 140 50 0

congruent_DECISION_TUntrust_directed
0
Color: 0 30 40

congruent_DECISION_TUntrust_averted
0
Color: 240 30 0

congruent_DECISION_PC
0
Color: 0 50 70

congruent_FEEDBACK_TTrust_directed
0
Color: 90 10 70

congruent_FEEDBACK_TTrust_averted
0
Color: 60 20 50

congruent_FEEDBACK_TUntrust_directed
0
Color: 80 30 60

congruent_FEEDBACK_TUntrust_averted
0
Color: 40 50 20

congruent_FEEDBACK_PC
0
Color: 200 200 70

incongruent_VIDEO_TTrust_directed
2
32077 36638
226079 230637
Color: 255 255 255

incongruent_VIDEO_TTrust_averted
2
86077 90834
144078 148835
Color: 155 155 155

incongruent_VIDEO_TTrust_averted_excluded
2
8077 12757
284080 288735
Color: 100 100 100

incongruent_VIDEO_TUntrust_directed
2
254079 258636
390081 394638
Color: 255 0 255

incongruent_VIDEO_TUntrust_directed_excluded
2
118078 122639
314080 318637
Color: 100 100 100

incongruent_VIDEO_TUntrust_averted
2
58077 62639
366081 370636
Color: 155 0 155

incongruent_VIDEO_PC
2
196079 200152
342079 346151
Color: 255 255 0

incongruent_VIDEO_PC_excluded
2
172078 176153
418081 422151
Color: 100 100 100

incongruent_EVALUATION_TTrust_directed
0
Color: 0 255 255

incongruent_EVALUATION_TTrust_averted
2
90854 94961
288751 292857
Color: 228 228 228

incongruent_EVALUATION_TUntrust_directed
2
258652 262757
394651 398756
Color: 0 155 155

incongruent_EVALUATION_TUntrust_averted
0
Color: 128 128 128

incongruent_EVALUATION_PC
2
200168 204269
422167 426273
Color: 238 238 238

incongruent_DECISION_TTrust_directed
2
38670 42770
232668 236774
Color: 10 40 40

incongruent_DECISION_TTrust_averted
2
96986 101087
150869 154970
Color: 140 50 0

incongruent_DECISION_TTrust_averted_excluded
2
14837 18940
294885 298990
Color: 100 100 100

incongruent_DECISION_TUntrust_directed
2
264785 268890
400784 404884
Color: 0 30 40

incongruent_DECISION_TUntrust_directed_excluded
2
124669 128769
320668 324769
Color: 100 100 100

incongruent_DECISION_TUntrust_averted
2
64669 68771
372667 376768
Color: 240 30 0

incongruent_DECISION_PC
2
206302 210402
348184 352290
Color: 0 50 70

incongruent_DECISION_PC_excluded
2
178185 182291
428300 432402
Color: 100 100 100

incongruent_FEEDBACK_TTrust_directed
2
48789 50803
242786 244801
Color: 90 10 70

incongruent_FEEDBACK_TTrust_averted
2
107104 109119
160987 163002
Color: 60 20 50

incongruent_FEEDBACK_TTrust_averted_excluded
2
22977 24986
305002 307017
Color: 100 100 100

incongruent_FEEDBACK_TUntrust_directed
2
272902 274918
408901 410917
Color: 80 30 60

incongruent_FEEDBACK_TUntrust_directed_excluded
2
134787 136802
330785 332801
Color: 100 100 100

incongruent_FEEDBACK_TUntrust_averted
2
74787 76802
380785 382800
Color: 40 50 20

incongruent_FEEDBACK_PC
2
214419 216435
356302 358317
Color: 200 200 70

incongruent_FEEDBACK_PC_excluded
2
186303 188318
436418 438433
Color: 100 100 100

Video_NO_RESPONSE
0
Color: 80 80 80

Evaluation_NO_RESPONSE
1
176153 176153
Color: 0 90 90

Decision_NO_RESPONSE
0
Color: 90 0 90

Feedback_NO_RESPONSE
0
Color: 90 90 0