FileVersion: 1

ResolutionOfTime: msec

Experiment: trustgame_tg14_run7

BackgroundColor: 0 0 0
TextColor: 255 255 255
TimeCourseColor: 0 170 0
TimeCourseThick: 3
ReferenceFuncColor: 113 113 255
ReferenceFuncThick: 3

NrOfConditions: 53

congruent_VIDEO_TTrust_directed
0
Color: 255 255 255

congruent_VIDEO_TTrust_averted
0
Color: 155 155 155

congruent_VIDEO_TUntrust_directed
0
Color: 255 0 255

congruent_VIDEO_TUntrust_averted
0
Color: 155 0 155

congruent_VIDEO_PC
0
Color: 255 255 0

congruent_EVALUATION_TTrust_directed
0
Color: 0 255 255

congruent_EVALUATION_TTrust_averted
0
Color: 228 228 228

congruent_EVALUATION_TUntrust_directed
0
Color: 0 155 155

congruent_EVALUATION_TUntrust_averted
0
Color: 128 128 128

congruent_EVALUATION_PC
0
Color: 238 238 238

congruent_DECISION_TTrust_directed
0
Color: 10 40 40

congruent_DECISION_TTrust_averted
0
Color: 140 50 0

congruent_DECISION_TUntrust_directed
0
Color: 0 30 40

congruent_DECISION_TUntrust_averted
0
Color: 240 30 0

congruent_DECISION_PC
0
Color: 0 50 70

congruent_FEEDBACK_TTrust_directed
0
Color: 90 10 70

congruent_FEEDBACK_TTrust_averted
0
Color: 60 20 50

congruent_FEEDBACK_TUntrust_directed
0
Color: 80 30 60

congruent_FEEDBACK_TUntrust_averted
0
Color: 40 50 20

congruent_FEEDBACK_PC
0
Color: 200 200 70

incongruent_VIDEO_TTrust_directed
2
224077 228631
280076 284646
Color: 255 255 255

incongruent_VIDEO_TTrust_averted
2
250077 254832
332076 336831
Color: 155 155 155

incongruent_VIDEO_TTrust_averted_excluded
2
144077 148753
304076 308832
Color: 100 100 100

incongruent_VIDEO_TUntrust_directed
2
170077 174632
362076 366645
Color: 255 0 255

incongruent_VIDEO_TUntrust_directed_excluded
2
118076 122632
386076 390644
Color: 100 100 100

incongruent_VIDEO_TUntrust_averted
2
34077 38636
198076 202631
Color: 155 0 155

incongruent_VIDEO_PC
2
8077 12151
416076 420157
Color: 255 255 0

incongruent_VIDEO_PC_excluded
2
60077 64149
92076 96148
Color: 100 100 100

incongruent_EVALUATION_TTrust_directed
0
Color: 0 255 255

incongruent_EVALUATION_TTrust_averted
2
254844 258945
336842 340948
Color: 228 228 228

incongruent_EVALUATION_TUntrust_directed
2
174646 178751
390658 394759
Color: 0 155 155

incongruent_EVALUATION_TUntrust_averted
0
Color: 128 128 128

incongruent_EVALUATION_PC
2
64166 68273
420174 424279
Color: 238 238 238

incongruent_DECISION_TTrust_directed
2
230661 234762
286677 290782
Color: 10 40 40

incongruent_DECISION_TTrust_averted
2
260977 265078
342975 347081
Color: 140 50 0

incongruent_DECISION_TTrust_averted_excluded
2
150780 154880
310859 314962
Color: 100 100 100

incongruent_DECISION_TUntrust_directed
2
180779 184880
368675 372780
Color: 0 30 40

incongruent_DECISION_TUntrust_directed_excluded
2
124664 128765
396791 400892
Color: 100 100 100

incongruent_DECISION_TUntrust_averted
2
40666 44767
204662 208763
Color: 240 30 0

incongruent_DECISION_PC
2
14234 18340
426307 430407
Color: 0 50 70

incongruent_DECISION_PC_excluded
2
70298 74403
98181 102286
Color: 100 100 100

incongruent_FEEDBACK_TTrust_directed
2
240779 242794
294794 296809
Color: 90 10 70

incongruent_FEEDBACK_TTrust_averted
2
269095 271110
351093 353108
Color: 60 20 50

incongruent_FEEDBACK_TTrust_averted_excluded
2
160897 162912
320977 322992
Color: 100 100 100

incongruent_FEEDBACK_TUntrust_directed
2
188897 190912
376792 378807
Color: 80 30 60

incongruent_FEEDBACK_TUntrust_directed_excluded
2
134781 136796
406908 408923
Color: 100 100 100

incongruent_FEEDBACK_TUntrust_averted
2
48785 50798
212779 214795
Color: 40 50 20

incongruent_FEEDBACK_PC
2
24374 26383
436424 438439
Color: 200 200 70

incongruent_FEEDBACK_PC_excluded
2
80416 82431
106299 108314
Color: 100 100 100

Video_NO_RESPONSE
0
Color: 80 80 80

Evaluation_NO_RESPONSE
0
Color: 0 90 90

Decision_NO_RESPONSE
0
Color: 90 0 90

Feedback_NO_RESPONSE
0
Color: 90 90 0