FileVersion: 1

ResolutionOfTime: msec

Experiment: trustgame_tg12_run5

BackgroundColor: 0 0 0
TextColor: 255 255 255
TimeCourseColor: 0 170 0
TimeCourseThick: 3
ReferenceFuncColor: 113 113 255
ReferenceFuncThick: 3

NrOfConditions: 53

congruent_VIDEO_TTrust_directed
0
Color: 255 255 255

congruent_VIDEO_TTrust_averted
0
Color: 155 155 155

congruent_VIDEO_TUntrust_directed
0
Color: 255 0 255

congruent_VIDEO_TUntrust_averted
0
Color: 155 0 155

congruent_VIDEO_PC
0
Color: 255 255 0

congruent_EVALUATION_TTrust_directed
0
Color: 0 255 255

congruent_EVALUATION_TTrust_averted
0
Color: 228 228 228

congruent_EVALUATION_TUntrust_directed
0
Color: 0 155 155

congruent_EVALUATION_TUntrust_averted
0
Color: 128 128 128

congruent_EVALUATION_PC
0
Color: 238 238 238

congruent_DECISION_TTrust_directed
0
Color: 10 40 40

congruent_DECISION_TTrust_averted
0
Color: 140 50 0

congruent_DECISION_TUntrust_directed
0
Color: 0 30 40

congruent_DECISION_TUntrust_averted
0
Color: 240 30 0

congruent_DECISION_PC
0
Color: 0 50 70

congruent_FEEDBACK_TTrust_directed
0
Color: 90 10 70

congruent_FEEDBACK_TTrust_averted
0
Color: 60 20 50

congruent_FEEDBACK_TUntrust_directed
0
Color: 80 30 60

congruent_FEEDBACK_TUntrust_averted
0
Color: 40 50 20

congruent_FEEDBACK_PC
0
Color: 200 200 70

incongruent_VIDEO_TTrust_directed
2
112077 116644
312078 316640
Color: 255 255 255

incongruent_VIDEO_TTrust_averted
2
62077 66832
362079 366738
Color: 155 155 155

incongruent_VIDEO_TTrust_averted_excluded
2
34077 38749
336079 340734
Color: 100 100 100

incongruent_VIDEO_TUntrust_directed
2
252078 256640
416078 420638
Color: 255 0 255

incongruent_VIDEO_TUntrust_directed_excluded
2
8078 12647
390078 394638
Color: 100 100 100

incongruent_VIDEO_TUntrust_averted
2
88077 92643
196078 200642
Color: 155 0 155

incongruent_VIDEO_PC
2
168078 172157
280078 284155
Color: 255 255 0

incongruent_VIDEO_PC_excluded
2
142077 146157
224078 228156
Color: 100 100 100

incongruent_EVALUATION_TTrust_directed
1
116658 120760
Color: 0 255 255

incongruent_EVALUATION_TTrust_averted
1
366753 370853
Color: 228 228 228

incongruent_EVALUATION_TUntrust_directed
1
420652 424757
Color: 0 155 155

incongruent_EVALUATION_TUntrust_averted
1
200656 204759
Color: 128 128 128

incongruent_EVALUATION_PC
2
172173 176278
284171 288276
Color: 238 238 238

incongruent_DECISION_TTrust_directed
2
122791 126896
318670 322775
Color: 10 40 40

incongruent_DECISION_TTrust_averted
2
68858 72964
372886 376987
Color: 140 50 0

incongruent_DECISION_TTrust_averted_excluded
2
40775 44880
342770 346870
Color: 100 100 100

incongruent_DECISION_TUntrust_directed
2
258671 262772
426785 430886
Color: 0 30 40

incongruent_DECISION_TUntrust_directed_excluded
2
14727 18828
396669 400774
Color: 100 100 100

incongruent_DECISION_TUntrust_averted
2
94674 98780
206789 210893
Color: 240 30 0

incongruent_DECISION_PC
2
178306 182411
290304 294410
Color: 0 50 70

incongruent_DECISION_PC_excluded
2
148190 152291
230189 234289
Color: 100 100 100

incongruent_FEEDBACK_TTrust_directed
2
132908 134923
326788 328803
Color: 90 10 70

incongruent_FEEDBACK_TTrust_averted
2
76976 78991
381003 383019
Color: 60 20 50

incongruent_FEEDBACK_TTrust_averted_excluded
2
50895 52908
350887 352903
Color: 100 100 100

incongruent_FEEDBACK_TUntrust_directed
2
268789 270804
436902 438918
Color: 80 30 60

incongruent_FEEDBACK_TUntrust_directed_excluded
2
24867 26876
404786 406802
Color: 100 100 100

incongruent_FEEDBACK_TUntrust_averted
2
102792 104807
214907 216922
Color: 40 50 20

incongruent_FEEDBACK_PC
2
186424 188439
300422 302437
Color: 200 200 70

incongruent_FEEDBACK_PC_excluded
2
158308 160323
240306 242321
Color: 100 100 100

Video_NO_RESPONSE
0
Color: 80 80 80

Evaluation_NO_RESPONSE
2
256640 256640
340734 340734
Color: 0 90 90

Decision_NO_RESPONSE
0
Color: 90 0 90

Feedback_NO_RESPONSE
0
Color: 90 90 0