FileVersion: 1

ResolutionOfTime: msec

Experiment: trustgame_tg02_run7

BackgroundColor: 0 0 0
TextColor: 255 255 255
TimeCourseColor: 0 170 0
TimeCourseThick: 3
ReferenceFuncColor: 113 113 255
ReferenceFuncThick: 3

NrOfConditions: 53

congruent_VIDEO_TTrust_directed
0
Color: 255 255 255

congruent_VIDEO_TTrust_averted
0
Color: 155 155 155

congruent_VIDEO_TUntrust_directed
0
Color: 255 0 255

congruent_VIDEO_TUntrust_averted
0
Color: 155 0 155

congruent_VIDEO_PC
0
Color: 255 255 0

congruent_EVALUATION_TTrust_directed
0
Color: 0 255 255

congruent_EVALUATION_TTrust_averted
0
Color: 228 228 228

congruent_EVALUATION_TUntrust_directed
0
Color: 0 155 155

congruent_EVALUATION_TUntrust_averted
0
Color: 128 128 128

congruent_EVALUATION_PC
0
Color: 238 238 238

congruent_DECISION_TTrust_directed
0
Color: 10 40 40

congruent_DECISION_TTrust_averted
0
Color: 140 50 0

congruent_DECISION_TUntrust_directed
0
Color: 0 30 40

congruent_DECISION_TUntrust_averted
0
Color: 240 30 0

congruent_DECISION_PC
0
Color: 0 50 70

congruent_FEEDBACK_TTrust_directed
0
Color: 90 10 70

congruent_FEEDBACK_TTrust_averted
0
Color: 60 20 50

congruent_FEEDBACK_TUntrust_directed
0
Color: 80 30 60

congruent_FEEDBACK_TUntrust_averted
0
Color: 40 50 20

congruent_FEEDBACK_PC
0
Color: 200 200 70

incongruent_VIDEO_TTrust_directed
2
8003 12573
60003 64569
Color: 255 255 255

incongruent_VIDEO_TTrust_averted
2
246001 250656
380000 384756
Color: 155 155 155

incongruent_VIDEO_TTrust_averted_excluded
2
34003 38676
272001 276657
Color: 100 100 100

incongruent_VIDEO_TUntrust_directed
2
116002 120565
324000 328560
Color: 255 0 255

incongruent_VIDEO_TUntrust_directed_excluded
2
194001 198564
410000 414557
Color: 100 100 100

incongruent_VIDEO_TUntrust_averted
2
88002 92568
142001 146566
Color: 155 0 155

incongruent_VIDEO_PC
2
298001 302076
352000 356074
Color: 255 255 0

incongruent_VIDEO_PC_excluded
2
168001 172080
220001 224078
Color: 100 100 100

incongruent_EVALUATION_TTrust_directed
1
64583 66278
Color: 0 255 255

incongruent_EVALUATION_TTrust_averted
1
384773 386296
Color: 228 228 228

incongruent_EVALUATION_TUntrust_directed
1
414572 416065
Color: 0 155 155

incongruent_EVALUATION_TUntrust_averted
1
146580 148596
Color: 128 128 128

incongruent_EVALUATION_PC
2
224094 226511
356091 357982
Color: 238 238 238

incongruent_DECISION_TTrust_directed
2
14651 18757
68299 72404
Color: 10 40 40

incongruent_DECISION_TTrust_averted
2
252677 256782
388323 392424
Color: 140 50 0

incongruent_DECISION_TTrust_averted_excluded
2
40700 44805
278693 282798
Color: 100 100 100

incongruent_DECISION_TUntrust_directed
2
122597 126703
330591 334697
Color: 0 30 40

incongruent_DECISION_TUntrust_directed_excluded
2
200595 204701
418089 422190
Color: 100 100 100

incongruent_DECISION_TUntrust_averted
2
94598 98699
150630 154735
Color: 240 30 0

incongruent_DECISION_PC
2
304109 308215
360007 364112
Color: 0 50 70

incongruent_DECISION_PC_excluded
2
174113 178214
228544 232649
Color: 100 100 100

incongruent_FEEDBACK_TTrust_directed
2
24791 26800
78417 80432
Color: 90 10 70

incongruent_FEEDBACK_TTrust_averted
2
262794 264810
398440 400455
Color: 60 20 50

incongruent_FEEDBACK_TTrust_averted_excluded
2
48819 50833
288810 290825
Color: 100 100 100

incongruent_FEEDBACK_TUntrust_directed
2
130715 132730
340709 342724
Color: 80 30 60

incongruent_FEEDBACK_TUntrust_directed_excluded
2
208713 210728
426206 428221
Color: 100 100 100

incongruent_FEEDBACK_TUntrust_averted
2
104716 106731
158747 160763
Color: 40 50 20

incongruent_FEEDBACK_PC
2
312226 314241
368124 370140
Color: 200 200 70

incongruent_FEEDBACK_PC_excluded
2
184230 186245
236662 238677
Color: 100 100 100

Video_NO_RESPONSE
0
Color: 80 80 80

Evaluation_NO_RESPONSE
0
Color: 0 90 90

Decision_NO_RESPONSE
0
Color: 90 0 90

Feedback_NO_RESPONSE
0
Color: 90 90 0