FileVersion: 1

ResolutionOfTime: msec

Experiment: trustgame_tg03_run7

BackgroundColor: 0 0 0
TextColor: 255 255 255
TimeCourseColor: 0 170 0
TimeCourseThick: 3
ReferenceFuncColor: 113 113 255
ReferenceFuncThick: 3

NrOfConditions: 53

congruent_VIDEO_TTrust_directed
0
Color: 255 255 255

congruent_VIDEO_TTrust_averted
0
Color: 155 155 155

congruent_VIDEO_TUntrust_directed
0
Color: 255 0 255

congruent_VIDEO_TUntrust_averted
0
Color: 155 0 155

congruent_VIDEO_PC
0
Color: 255 255 0

congruent_EVALUATION_TTrust_directed
0
Color: 0 255 255

congruent_EVALUATION_TTrust_averted
0
Color: 228 228 228

congruent_EVALUATION_TUntrust_directed
0
Color: 0 155 155

congruent_EVALUATION_TUntrust_averted
0
Color: 128 128 128

congruent_EVALUATION_PC
0
Color: 238 238 238

congruent_DECISION_TTrust_directed
0
Color: 10 40 40

congruent_DECISION_TTrust_averted
0
Color: 140 50 0

congruent_DECISION_TUntrust_directed
0
Color: 0 30 40

congruent_DECISION_TUntrust_averted
0
Color: 240 30 0

congruent_DECISION_PC
0
Color: 0 50 70

congruent_FEEDBACK_TTrust_directed
0
Color: 90 10 70

congruent_FEEDBACK_TTrust_averted
0
Color: 60 20 50

congruent_FEEDBACK_TUntrust_directed
0
Color: 80 30 60

congruent_FEEDBACK_TUntrust_averted
0
Color: 40 50 20

congruent_FEEDBACK_PC
0
Color: 200 200 70

incongruent_VIDEO_TTrust_directed
2
8077 12655
272078 276647
Color: 255 255 255

incongruent_VIDEO_TTrust_averted
2
298078 302834
324078 328734
Color: 155 155 155

incongruent_VIDEO_TTrust_averted_excluded
2
84077 88750
218078 222834
Color: 100 100 100


incongruent_VIDEO_TUntrust_directed
2
190077 194630
380079 384643
Color: 255 0 255

incongruent_VIDEO_TUntrust_directed_excluded
2
34077 38636
406079 410643
Color: 100 100 100

incongruent_VIDEO_TUntrust_averted
2
58076 62633
246078 250646
Color: 155 0 155

incongruent_VIDEO_PC
2
110078 114164
162077 166146
Color: 255 255 0

incongruent_VIDEO_PC_excluded
2
136077 140147
350078 354159
Color: 100 100 100

incongruent_EVALUATION_TTrust_directed
0
Color: 0 255 255

incongruent_EVALUATION_TTrust_averted
2
222845 224303
328743 330313
Color: 228 228 228

incongruent_EVALUATION_TUntrust_directed
2
194645 196430
410658 412160
Color: 0 155 155

incongruent_EVALUATION_TUntrust_averted
0
Color: 128 128 128

incongruent_EVALUATION_PC
2
140163 141789
354175 356691
Color: 238 238 238

incongruent_DECISION_TTrust_directed
2
14733 18836
278677 282778
Color: 10 40 40

incongruent_DECISION_TTrust_averted
2
304860 308965
332343 336445
Color: 140 50 0

incongruent_DECISION_TTrust_averted_excluded
2
90781 94884
226328 230430
Color: 100 100 100

incongruent_DECISION_TUntrust_directed
2
198462 202566
386675 390780
Color: 0 30 40

incongruent_DECISION_TUntrust_directed_excluded
2
40665 44769
414191 418291
Color: 100 100 100

incongruent_DECISION_TUntrust_averted
2
64664 68769
252678 256779
Color: 240 30 0

incongruent_DECISION_PC
2
116197 120302
168179 172280
Color: 0 50 70

incongruent_DECISION_PC_excluded
2
143813 147918
358725 362827
Color: 100 100 100

incongruent_FEEDBACK_TTrust_directed
2
24873 26882
286794 288810
Color: 90 10 70

incongruent_FEEDBACK_TTrust_averted
2
314977 316993
340460 342475
Color: 60 20 50

incongruent_FEEDBACK_TTrust_averted_excluded
2
98898 100913
236445 238461
Color: 100 100 100


incongruent_FEEDBACK_TUntrust_directed
2
206579 208595
396792 398808
Color: 80 30 60

incongruent_FEEDBACK_TUntrust_directed_excluded
2
48784 50798
422308 424324
Color: 100 100 100

incongruent_FEEDBACK_TUntrust_averted
2
72782 74797
260795 262810
Color: 40 50 20

incongruent_FEEDBACK_PC
2
126314 128330
178296 180312
Color: 200 200 70

incongruent_FEEDBACK_PC_excluded
2
153930 155946
368843 370858
Color: 100 100 100

Video_NO_RESPONSE
0
Color: 80 80 80

Evaluation_NO_RESPONSE
0
Color: 0 90 90

Decision_NO_RESPONSE
0
Color: 90 0 90

Feedback_NO_RESPONSE
0
Color: 90 90 0