FileVersion: 1

ResolutionOfTime: msec

Experiment: trustgame_tg19_run8

BackgroundColor: 0 0 0
TextColor: 255 255 255
TimeCourseColor: 0 170 0
TimeCourseThick: 3
ReferenceFuncColor: 113 113 255
ReferenceFuncThick: 3

NrOfConditions: 53

congruent_VIDEO_TTrust_directed
0
Color: 255 255 255

congruent_VIDEO_TTrust_averted
0
Color: 155 155 155

congruent_VIDEO_TUntrust_directed
0
Color: 255 0 255

congruent_VIDEO_TUntrust_averted
0
Color: 155 0 155

congruent_VIDEO_PC
0
Color: 255 255 0

congruent_EVALUATION_TTrust_directed
0
Color: 0 255 255

congruent_EVALUATION_TTrust_averted
0
Color: 228 228 228

congruent_EVALUATION_TUntrust_directed
0
Color: 0 155 155

congruent_EVALUATION_TUntrust_averted
0
Color: 128 128 128

congruent_EVALUATION_PC
0
Color: 238 238 238

congruent_DECISION_TTrust_directed
0
Color: 10 40 40

congruent_DECISION_TTrust_averted
0
Color: 140 50 0

congruent_DECISION_TUntrust_directed
0
Color: 0 30 40

congruent_DECISION_TUntrust_averted
0
Color: 240 30 0

congruent_DECISION_PC
0
Color: 0 50 70

congruent_FEEDBACK_TTrust_directed
0
Color: 90 10 70

congruent_FEEDBACK_TTrust_averted
0
Color: 60 20 50

congruent_FEEDBACK_TUntrust_directed
0
Color: 80 30 60

congruent_FEEDBACK_TUntrust_averted
0
Color: 40 50 20

congruent_FEEDBACK_PC
0
Color: 200 200 70

incongruent_VIDEO_TTrust_directed
2
8004 12569
280004 284562
Color: 255 255 255

incongruent_VIDEO_TTrust_averted
2
224004 228659
332005 336661
Color: 155 155 155

incongruent_VIDEO_TTrust_averted_excluded
1
84003 88676
Color: 100 100 100

incongruent_VIDEO_TUntrust_directed
2
194004 198563
418006 422563
Color: 255 0 255

incongruent_VIDEO_TUntrust_directed_excluded
2
34003 38566
392005 396562
Color: 100 100 100

incongruent_VIDEO_TUntrust_averted
2
58003 62565
254004 258563
Color: 155 0 155

incongruent_VIDEO_PC
2
136003 140079
360005 364076
Color: 255 255 0

incongruent_VIDEO_PC_excluded
2
110003 114080
166003 170079
Color: 100 100 100

incongruent_EVALUATION_TTrust_directed
0
Color: 0 255 255

incongruent_EVALUATION_TTrust_averted
2
228678 232779
336676 340782
Color: 228 228 228

incongruent_EVALUATION_TUntrust_directed
2
198578 202679
422575 426676
Color: 0 155 155

incongruent_EVALUATION_TUntrust_averted
0
Color: 128 128 128

incongruent_EVALUATION_PC
2
140096 144198
364092 368194
Color: 238 238 238

incongruent_DECISION_TTrust_directed
2
14648 18750
286593 290695
Color: 10 40 40

incongruent_DECISION_TTrust_averted
2
234811 238913
342809 346911
Color: 140 50 0

incongruent_DECISION_TTrust_averted_excluded
1
90713 94814
Color: 100 100 100

incongruent_DECISION_TUntrust_directed
2
204711 208813
428708 432810
Color: 0 30 40

incongruent_DECISION_TUntrust_directed_excluded
2
40597 44699
398592 402695
Color: 100 100 100

incongruent_DECISION_TUntrust_averted
2
64596 68698
260594 264695
Color: 240 30 0

incongruent_DECISION_PC
2
146229 150330
370226 374328
Color: 0 50 70

incongruent_DECISION_PC_excluded
2
116112 120215
172112 176214
Color: 100 100 100

incongruent_FEEDBACK_TTrust_directed
2
24788 26797
294711 296726
Color: 90 10 70

incongruent_FEEDBACK_TTrust_averted
2
244928 246944
350927 352942
Color: 60 20 50

incongruent_FEEDBACK_TTrust_averted_excluded
1
98830 100846
Color: 100 100 100

incongruent_FEEDBACK_TUntrust_directed
2
212829 214844
436826 438841
Color: 80 30 60

incongruent_FEEDBACK_TUntrust_directed_excluded
2
48716 50730
408710 410725
Color: 100 100 100

incongruent_FEEDBACK_TUntrust_averted
2
72714 74729
268711 270727
Color: 40 50 20

incongruent_FEEDBACK_PC
2
156346 158361
380343 382359
Color: 200 200 70

incongruent_FEEDBACK_PC_excluded
2
126230 128245
182229 184244
Color: 100 100 100

Video_NO_RESPONSE
1
306005 310760
Color: 80 80 80

Evaluation_NO_RESPONSE
1
38566 38566
Color: 0 90 90

Decision_NO_RESPONSE
1
312793 316895
Color: 90 0 90

Feedback_NO_RESPONSE
1
322911 324926
Color: 90 90 0