FileVersion: 1

ResolutionOfTime: msec

Experiment: trustgame_tg02_run6

BackgroundColor: 0 0 0
TextColor: 255 255 255
TimeCourseColor: 0 170 0
TimeCourseThick: 3
ReferenceFuncColor: 113 113 255
ReferenceFuncThick: 3

NrOfConditions: 53

congruent_VIDEO_TTrust_directed
0
Color: 255 255 255

congruent_VIDEO_TTrust_averted
0
Color: 155 155 155

congruent_VIDEO_TUntrust_directed
0
Color: 255 0 255

congruent_VIDEO_TUntrust_averted
0
Color: 155 0 155

congruent_VIDEO_PC
0
Color: 255 255 0

congruent_EVALUATION_TTrust_directed
0
Color: 0 255 255

congruent_EVALUATION_TTrust_averted
0
Color: 228 228 228

congruent_EVALUATION_TUntrust_directed
0
Color: 0 155 155

congruent_EVALUATION_TUntrust_averted
0
Color: 128 128 128

congruent_EVALUATION_PC
0
Color: 238 238 238

congruent_DECISION_TTrust_directed
0
Color: 10 40 40

congruent_DECISION_TTrust_averted
0
Color: 140 50 0

congruent_DECISION_TUntrust_directed
0
Color: 0 30 40

congruent_DECISION_TUntrust_averted
0
Color: 240 30 0

congruent_DECISION_PC
0
Color: 0 50 70

congruent_FEEDBACK_TTrust_directed
0
Color: 90 10 70

congruent_FEEDBACK_TTrust_averted
0
Color: 60 20 50

congruent_FEEDBACK_TUntrust_directed
0
Color: 80 30 60

congruent_FEEDBACK_TUntrust_averted
0
Color: 40 50 20

congruent_FEEDBACK_PC
0
Color: 200 200 70

incongruent_VIDEO_TTrust_directed
2
274001 278561
300001 304562
Color: 255 255 255

incongruent_VIDEO_TTrust_averted
2
8003 12683
222001 226657
Color: 155 155 155

incongruent_VIDEO_TTrust_averted_excluded
2
32002 36660
138002 142658
Color: 100 100 100


incongruent_VIDEO_TUntrust_directed
2
192001 196564
354001 358560
Color: 255 0 255

incongruent_VIDEO_TUntrust_directed_excluded
2
112002 116569
250001 254562
Color: 100 100 100

incongruent_VIDEO_TUntrust_averted
2
84002 88567
379999 384558
Color: 155 0 155

incongruent_VIDEO_PC
2
56003 60083
407999 412073
Color: 255 255 0

incongruent_VIDEO_PC_excluded
2
166001 170080
330001 334075
Color: 100 100 100

incongruent_EVALUATION_TTrust_directed
1
304576 307129
Color: 0 255 255

incongruent_EVALUATION_TTrust_averted
1
142681 144576
Color: 228 228 228

incongruent_EVALUATION_TUntrust_directed
1
196579 198384
Color: 0 155 155

incongruent_EVALUATION_TUntrust_averted
1
384573 386172
Color: 128 128 128

incongruent_EVALUATION_PC
2
170096 172287
412089 413888
Color: 238 238 238

incongruent_DECISION_TTrust_directed
2
280593 284694
309159 313259
Color: 10 40 40

incongruent_DECISION_TTrust_averted
2
14768 18871
228678 232780
Color: 140 50 0

incongruent_DECISION_TTrust_averted_excluded
2
38683 42785
146597 150698
Color: 100 100 100

incongruent_DECISION_TUntrust_directed
2
200412 204513
360591 364691
Color: 0 30 40

incongruent_DECISION_TUntrust_directed_excluded
2
118598 122699
256594 260695
Color: 100 100 100

incongruent_DECISION_TUntrust_averted
2
90599 94700
388206 392312
Color: 240 30 0

incongruent_DECISION_PC
2
62116 66217
415922 420023
Color: 0 50 70

incongruent_DECISION_PC_excluded
2
174313 178418
336108 340209

Color: 100 100 100

incongruent_FEEDBACK_TTrust_directed
2
290710 292726
319276 321291
Color: 90 10 70

incongruent_FEEDBACK_TTrust_averted
2
22908 24917
238795 240810
Color: 60 20 50

incongruent_FEEDBACK_TTrust_averted_excluded
2
46803 48816
154714 156730
Color: 100 100 100

incongruent_FEEDBACK_TUntrust_directed
2
210529 212545
368708 370723
Color: 80 30 60

incongruent_FEEDBACK_TUntrust_directed_excluded
2
128715 130730
264711 266726
Color: 100 100 100

incongruent_FEEDBACK_TUntrust_averted
2
100716 102731
398324 400339
Color: 40 50 20

incongruent_FEEDBACK_PC
2
72234 74249
424040 426055
Color: 200 200 70

incongruent_FEEDBACK_PC_excluded
2
182430 184445
344225 346241
Color: 100 100 100

Video_NO_RESPONSE
0
Color: 80 80 80

Evaluation_NO_RESPONSE
1
116569 116569
Color: 0 90 90

Decision_NO_RESPONSE
0
Color: 90 0 90

Feedback_NO_RESPONSE
0
Color: 90 90 0