FileVersion: 1

ResolutionOfTime: msec

Experiment: trustgame_tg15_run7

BackgroundColor: 0 0 0
TextColor: 255 255 255
TimeCourseColor: 0 170 0
TimeCourseThick: 3
ReferenceFuncColor: 113 113 255
ReferenceFuncThick: 3

NrOfConditions: 53

congruent_VIDEO_TTrust_directed
0
Color: 255 255 255

congruent_VIDEO_TTrust_averted
0
Color: 155 155 155

congruent_VIDEO_TUntrust_directed
0
Color: 255 0 255

congruent_VIDEO_TUntrust_averted
0
Color: 155 0 155

congruent_VIDEO_PC
0
Color: 255 255 0

congruent_EVALUATION_TTrust_directed
0
Color: 0 255 255

congruent_EVALUATION_TTrust_averted
0
Color: 228 228 228

congruent_EVALUATION_TUntrust_directed
0
Color: 0 155 155

congruent_EVALUATION_TUntrust_averted
0
Color: 128 128 128

congruent_EVALUATION_PC
0
Color: 238 238 238

congruent_DECISION_TTrust_directed
0
Color: 10 40 40

congruent_DECISION_TTrust_averted
0
Color: 140 50 0

congruent_DECISION_TUntrust_directed
0
Color: 0 30 40

congruent_DECISION_TUntrust_averted
0
Color: 240 30 0

congruent_DECISION_PC
0
Color: 0 50 70

congruent_FEEDBACK_TTrust_directed
0
Color: 90 10 70

congruent_FEEDBACK_TTrust_averted
0
Color: 60 20 50

congruent_FEEDBACK_TUntrust_directed
0
Color: 80 30 60

congruent_FEEDBACK_TUntrust_averted
0
Color: 40 50 20

congruent_FEEDBACK_PC
0
Color: 200 200 70

incongruent_VIDEO_TTrust_directed
2
224076 228640
280075 284639
Color: 255 255 255

incongruent_VIDEO_TTrust_averted
2
250075 254830
304076 308732
Color: 155 155 155

incongruent_VIDEO_TTrust_averted_excluded
2
144077 148751
332075 336731
Color: 100 100 100

incongruent_VIDEO_TUntrust_directed
2
170076 174641
362075 366637
Color: 255 0 255

incongruent_VIDEO_TUntrust_directed_excluded
2
118076 122642
386074 390636
Color: 100 100 100

incongruent_VIDEO_TUntrust_averted
2
34077 38646
198076 202641
Color: 155 0 155

incongruent_VIDEO_PC
2
60077 64158
92077 96158
Color: 255 255 0

incongruent_VIDEO_PC_excluded
2
8077 12159
416074 420151
Color: 100 100 100

incongruent_EVALUATION_TTrust_directed
0
Color: 0 255 255

incongruent_EVALUATION_TTrust_averted
2
254837 258938
336752 340858
Color: 228 228 228

incongruent_EVALUATION_TUntrust_directed
2
174656 178762
390651 394756
Color: 0 155 155

incongruent_EVALUATION_TUntrust_averted
0
Color: 128 128 128

incongruent_EVALUATION_PC
2
64175 68282
420167 424272
Color: 238 238 238

incongruent_DECISION_TTrust_directed
2
230671 234775
286670 290775
Color: 10 40 40

incongruent_DECISION_TTrust_averted
2
260970 265071
310753 314853
Color: 140 50 0

incongruent_DECISION_TTrust_averted_excluded
2
150773 154874
342885 346986
Color: 100 100 100

incongruent_DECISION_TUntrust_directed
2
180789 184894
368668 372770
Color: 0 30 40

incongruent_DECISION_TUntrust_directed_excluded
4
124673 128778
396784 400885
Color: 100 100 100

incongruent_DECISION_TUntrust_averted
2
40675 44780
204671 208773
Color: 240 30 0

incongruent_DECISION_PC
2
70308 74413
98190 102295
Color: 0 50 70

incongruent_DECISION_PC_excluded
2
14243 18345
426300 430401
Color: 100 100 100

incongruent_FEEDBACK_TTrust_directed
2
240789 242804
294787 296803
Color: 90 10 70

incongruent_FEEDBACK_TTrust_averted
2
269088 271103
320870 322885
Color: 60 20 50

incongruent_FEEDBACK_TTrust_averted_excluded
2
160890 162905
351003 353018
Color: 100 100 100

incongruent_FEEDBACK_TUntrust_directed
2
188906 190921
376786 378801
Color: 80 30 60

incongruent_FEEDBACK_TUntrust_directed_excluded
2
134791 136806
406902 408917
Color: 100 100 100

incongruent_FEEDBACK_TUntrust_averted
2
48794 50808
212789 214804
Color: 40 50 20

incongruent_FEEDBACK_PC
2
80425 82440
106308 108323
Color: 200 200 70

incongruent_FEEDBACK_PC_excluded
2
24383 26392
436418 438433
Color: 100 100 100

Video_NO_RESPONSE
0
Color: 80 80 80

Evaluation_NO_RESPONSE
1
148751 148751
Color: 0 90 90

Decision_NO_RESPONSE
0
Color: 90 0 90

Feedback_NO_RESPONSE
0
Color: 90 90 0