FileVersion: 1

ResolutionOfTime: msec

Experiment: trustgame_tg09_run8

BackgroundColor: 0 0 0
TextColor: 255 255 255
TimeCourseColor: 0 170 0
TimeCourseThick: 3
ReferenceFuncColor: 113 113 255
ReferenceFuncThick: 3

NrOfConditions: 53

congruent_VIDEO_TTrust_directed
0
Color: 255 255 255

congruent_VIDEO_TTrust_averted
0
Color: 155 155 155

congruent_VIDEO_TUntrust_directed
0
Color: 255 0 255

congruent_VIDEO_TUntrust_averted
0
Color: 155 0 155

congruent_VIDEO_PC
0
Color: 255 255 0

congruent_EVALUATION_TTrust_directed
0
Color: 0 255 255

congruent_EVALUATION_TTrust_averted
0
Color: 228 228 228

congruent_EVALUATION_TUntrust_directed
0
Color: 0 155 155

congruent_EVALUATION_TUntrust_averted
0
Color: 128 128 128

congruent_EVALUATION_PC
0
Color: 238 238 238

congruent_DECISION_TTrust_directed
0
Color: 10 40 40

congruent_DECISION_TTrust_averted
0
Color: 140 50 0

congruent_DECISION_TUntrust_directed
0
Color: 0 30 40

congruent_DECISION_TUntrust_averted
0
Color: 240 30 0

congruent_DECISION_PC
0
Color: 0 50 70

congruent_FEEDBACK_TTrust_directed
0
Color: 90 10 70

congruent_FEEDBACK_TTrust_averted
0
Color: 60 20 50

congruent_FEEDBACK_TUntrust_directed
0
Color: 80 30 60

congruent_FEEDBACK_TUntrust_averted
0
Color: 40 50 20

congruent_FEEDBACK_PC
0
Color: 200 200 70

incongruent_VIDEO_TTrust_directed
2
216001 220558
302001 306574
Color: 255 255 255

incongruent_VIDEO_TTrust_averted
2
274001 278657
330001 334759
Color: 155 155 155

incongruent_VIDEO_TTrust_averted_excluded
2
60003 64678
84002 88658
Color: 100 100 100

incongruent_VIDEO_TUntrust_directed
2
192001 196558
416001 420569
Color: 255 0 255

incongruent_VIDEO_TUntrust_directed_excluded
2
34003 38563
138002 142560
Color: 100 100 100

incongruent_VIDEO_TUntrust_averted
2
8003 12567
166001 170559
Color: 155 0 155

incongruent_VIDEO_PC
2
362001 366068
388001 392067
Color: 255 255 0

incongruent_VIDEO_PC_excluded
2
110003 114092
246001 250071
Color: 100 100 100

incongruent_EVALUATION_TTrust_directed
1
220588 224628
Color: 0 255 255

incongruent_EVALUATION_TTrust_averted
1
334768 338808
Color: 228 228 228

incongruent_EVALUATION_TUntrust_directed
2
142575 146616
420582 424618
Color: 0 155 155

incongruent_EVALUATION_TUntrust_averted
0
Color: 128 128 128

incongruent_EVALUATION_PC
2
250087 254127
392083 396123
Color: 238 238 238

incongruent_DECISION_TTrust_directed
2
226655 230694
308602 312642
Color: 10 40 40

incongruent_DECISION_TTrust_averted
2
280686 284722
340834 344875
Color: 140 50 0

incongruent_DECISION_TTrust_averted_excluded
2
66709 70749
90692 94728
Color: 100 100 100

incongruent_DECISION_TUntrust_directed
2
198589 202629
426648 430688
Color: 0 30 40

incongruent_DECISION_TUntrust_directed_excluded
2
40594 44629
148640 152680
Color: 100 100 100

incongruent_DECISION_TUntrust_averted
2
14645 18682
172589 176625
Color: 240 30 0

incongruent_DECISION_PC
2
368100 372136
398149 402186
Color: 0 50 70

incongruent_DECISION_PC_excluded
2
116125 120164
256154 260193
Color: 100 100 100

incongruent_FEEDBACK_TTrust_directed
2
234705 236720
318653 320668
Color: 90 10 70

incongruent_FEEDBACK_TTrust_averted
2
290737 292752
350885 352900
Color: 60 20 50

incongruent_FEEDBACK_TTrust_averted_excluded
2
74760 76775
100743 102758
Color: 100 100 100

incongruent_FEEDBACK_TUntrust_directed
2
206640 208655
436699 438714
Color: 80 30 60

incongruent_FEEDBACK_TUntrust_directed_excluded
2
48646 50660
156691 158706
Color: 100 100 100

incongruent_FEEDBACK_TUntrust_averted
2
24718 26727
182640 184655
Color: 40 50 20

incongruent_FEEDBACK_PC
2
376151 378166
406200 408215
Color: 200 200 70

incongruent_FEEDBACK_PC_excluded
2
126175 128191
264204 266220
Color: 100 100 100

Video_NO_RESPONSE
0
Color: 80 80 80

Evaluation_NO_RESPONSE
3
12567 12567
88658 88658
278657 278657
Color: 0 90 90

Decision_NO_RESPONSE
0
Color: 90 0 90

Feedback_NO_RESPONSE
0
Color: 90 90 0