FileVersion: 1

ResolutionOfTime: msec

Experiment: trustgame_tg07_run6

BackgroundColor: 0 0 0
TextColor: 255 255 255
TimeCourseColor: 0 170 0
TimeCourseThick: 3
ReferenceFuncColor: 113 113 255
ReferenceFuncThick: 3

NrOfConditions: 53

congruent_VIDEO_TTrust_directed
0
Color: 255 255 255

congruent_VIDEO_TTrust_averted
0
Color: 155 155 155

congruent_VIDEO_TUntrust_directed
0
Color: 255 0 255

congruent_VIDEO_TUntrust_averted
0
Color: 155 0 155

congruent_VIDEO_PC
0
Color: 255 255 0

congruent_EVALUATION_TTrust_directed
0
Color: 0 255 255

congruent_EVALUATION_TTrust_averted
0
Color: 228 228 228

congruent_EVALUATION_TUntrust_directed
0
Color: 0 155 155

congruent_EVALUATION_TUntrust_averted
0
Color: 128 128 128

congruent_EVALUATION_PC
0
Color: 238 238 238

congruent_DECISION_TTrust_directed
0
Color: 10 40 40

congruent_DECISION_TTrust_averted
0
Color: 140 50 0

congruent_DECISION_TUntrust_directed
0
Color: 0 30 40

congruent_DECISION_TUntrust_averted
0
Color: 240 30 0

congruent_DECISION_PC
0
Color: 0 50 70

congruent_FEEDBACK_TTrust_directed
0
Color: 90 10 70

congruent_FEEDBACK_TTrust_averted
0
Color: 60 20 50

congruent_FEEDBACK_TUntrust_directed
0
Color: 80 30 60

congruent_FEEDBACK_TUntrust_averted
0
Color: 40 50 20

congruent_FEEDBACK_PC
0
Color: 200 200 70

incongruent_VIDEO_TTrust_directed
2
32077 36646
226076 230641
Color: 255 255 255

incongruent_VIDEO_TTrust_averted
2
8077 12758
86077 90833
Color: 155 155 155

incongruent_VIDEO_TTrust_averted_excluded
2
144076 148832
284076 288732
Color: 100 100 100

incongruent_VIDEO_TUntrust_directed
2
314076 318639
390076 394636
Color: 255 0 255

incongruent_VIDEO_TUntrust_directed_excluded
2
118076 122644
254076 258640
Color: 100 100 100

incongruent_VIDEO_TUntrust_averted
2
58077 62646
366076 370637
Color: 155 0 155

incongruent_VIDEO_PC
2
172076 176157
342076 346151
Color: 255 255 0

incongruent_VIDEO_PC_excluded
2
196076 200156
418076 422149
Color: 100 100 100

incongruent_EVALUATION_TTrust_directed
0
Color: 0 255 255

incongruent_EVALUATION_TTrust_averted
2
90863 94966
288753 292858
Color: 228 228 228

incongruent_EVALUATION_TUntrust_directed
2
258654 262756
394650 398755
Color: 0 155 155

incongruent_EVALUATION_TUntrust_averted
0
Color: 128 128 128

incongruent_EVALUATION_PC
2
200172 204277
422165 426271
Color: 238 238 238

incongruent_DECISION_TTrust_directed
2
38677 42777
232671 236772
Color: 10 40 40

incongruent_DECISION_TTrust_averted
2
14845 18946
96992 101097
Color: 140 50 0

incongruent_DECISION_TTrust_averted_excluded
2
150857 154962
294886 298990
Color: 100 100 100

incongruent_DECISION_TUntrust_directed
2
320668 324773
400783 404888
Color: 0 30 40

incongruent_DECISION_TUntrust_directed_excluded
2
124674 128779
264787 268890
Color: 100 100 100

incongruent_DECISION_TUntrust_averted
2
64676 68781
372667 376772
Color: 240 30 0

incongruent_DECISION_PC
2
178189 182294
348184 352285
Color: 0 50 70

incongruent_DECISION_PC_excluded
2
206305 210410
428298 432402
Color: 100 100 100

incongruent_FEEDBACK_TTrust_directed
2
48796 50809
242789 244804
Color: 90 10 70

incongruent_FEEDBACK_TTrust_averted
2
22985 24994
107109 109124
Color: 60 20 50

incongruent_FEEDBACK_TTrust_averted_excluded
2
160974 162989
305003 307018
Color: 100 100 100

incongruent_FEEDBACK_TUntrust_directed
2
330786 332801
408900 410915
Color: 80 30 60

incongruent_FEEDBACK_TUntrust_directed_excluded
2
134792 136807
272904 274919
Color: 100 100 100

incongruent_FEEDBACK_TUntrust_averted
2
74794 76809
380784 382799
Color: 40 50 20

incongruent_FEEDBACK_PC
2
186307 188322
356302 358317
Color: 200 200 70

incongruent_FEEDBACK_PC_excluded
2
214423 216438
436416 438431
Color: 100 100 100

Video_NO_RESPONSE
0
Color: 80 80 80

Evaluation_NO_RESPONSE
2
36646 36647
148832 148832
Color: 0 90 90

Decision_NO_RESPONSE
0
Color: 90 0 90

Feedback_NO_RESPONSE
0
Color: 90 90 0