FileVersion: 1

ResolutionOfTime: msec

Experiment: trustgame_tg13_run7

BackgroundColor: 0 0 0
TextColor: 255 255 255
TimeCourseColor: 0 170 0
TimeCourseThick: 3
ReferenceFuncColor: 113 113 255
ReferenceFuncThick: 3

NrOfConditions: 53

congruent_VIDEO_TTrust_directed
0
Color: 255 255 255

congruent_VIDEO_TTrust_averted
0
Color: 155 155 155

congruent_VIDEO_TUntrust_directed
0
Color: 255 0 255

congruent_VIDEO_TUntrust_averted
0
Color: 155 0 155

congruent_VIDEO_PC
0
Color: 255 255 0

congruent_EVALUATION_TTrust_directed
0
Color: 0 255 255

congruent_EVALUATION_TTrust_averted
0
Color: 228 228 228

congruent_EVALUATION_TUntrust_directed
0
Color: 0 155 155

congruent_EVALUATION_TUntrust_averted
0
Color: 128 128 128

congruent_EVALUATION_PC
0
Color: 238 238 238

congruent_DECISION_TTrust_directed
0
Color: 10 40 40

congruent_DECISION_TTrust_averted
0
Color: 140 50 0

congruent_DECISION_TUntrust_directed
0
Color: 0 30 40

congruent_DECISION_TUntrust_averted
0
Color: 240 30 0

congruent_DECISION_PC
0
Color: 0 50 70

congruent_FEEDBACK_TTrust_directed
0
Color: 90 10 70

congruent_FEEDBACK_TTrust_averted
0
Color: 60 20 50

congruent_FEEDBACK_TUntrust_directed
0
Color: 80 30 60

congruent_FEEDBACK_TUntrust_averted
0
Color: 40 50 20

congruent_FEEDBACK_PC
0
Color: 200 200 70

incongruent_VIDEO_TTrust_directed
2
32003 36569
226004 230566
Color: 255 255 255

incongruent_VIDEO_TTrust_averted
2
86003 90661
144003 148666
Color: 155 155 155

incongruent_VIDEO_TTrust_averted_excluded
2
8003 12681
284005 288663
Color: 100 100 100

incongruent_VIDEO_TUntrust_directed
4
118003 122568
314005 318563
Color: 255 0 255

incongruent_VIDEO_TUntrust_directed_excluded
2
254004 258564
390005 394563
Color: 100 100 100

incongruent_VIDEO_TUntrust_averted
2
58004 62568
366005 370563
Color: 155 0 155

incongruent_VIDEO_PC
2
196004 200081
342005 346078
Color: 255 255 0

incongruent_VIDEO_PC_excluded
1
172004 176098
Color: 100 100 100

incongruent_EVALUATION_TTrust_directed
0
Color: 0 255 255

incongruent_EVALUATION_TTrust_averted
2
90683 94724
288679 292719
Color: 228 228 228

incongruent_EVALUATION_TUntrust_directed
2
258579 262620
394577 398618
Color: 0 155 155

incongruent_EVALUATION_TUntrust_averted
0
Color: 128 128 128

incongruent_EVALUATION_PC
1
200097 204137
Color: 238 238 238

incongruent_DECISION_TTrust_directed
2
38600 42636
232596 236636
Color: 10 40 40

incongruent_DECISION_TTrust_averted
2
96748 100789
150698 154734
Color: 140 50 0

incongruent_DECISION_TTrust_averted_excluded
2
14767 18806
294745 298781
Color: 100 100 100

incongruent_DECISION_TUntrust_directed
4
124598 128639
320595 324630
Color: 0 30 40

incongruent_DECISION_TUntrust_directed_excluded
2
264646 268687
400644 404679
Color: 100 100 100

incongruent_DECISION_TUntrust_averted
2
64599 68635
372594 376634
Color: 240 30 0

incongruent_DECISION_PC
2
206163 210204
348111 352152
Color: 0 50 70

incongruent_DECISION_PC_excluded
1
178130 182171
Color: 100 100 100

incongruent_FEEDBACK_TTrust_directed
2
48652 50666
242647 244662
Color: 90 10 70

incongruent_FEEDBACK_TTrust_averted
2
106802 108815
160750 162764
Color: 60 20 50

incongruent_FEEDBACK_TTrust_averted_excluded
2
22841 24850
304798 306811
Color: 100 100 100

incongruent_FEEDBACK_TUntrust_directed
2
134649 136664
330646 332661
Color: 80 30 60

incongruent_FEEDBACK_TUntrust_directed_excluded
2
272697 274712
408694 410710
Color: 100 100 100

incongruent_FEEDBACK_TUntrust_averted
2
74650 76665
380645 382660
Color: 40 50 20

incongruent_FEEDBACK_PC
2
214214 216230
356162 358177
Color: 200 200 70

incongruent_FEEDBACK_PC_excluded
1
186182 188197
Color: 100 100 100

Video_NO_RESPONSE
1
418005 422077
Color: 80 80 80

Evaluation_NO_RESPONSE
1
422093 426134
Color: 0 90 90

Decision_NO_RESPONSE
1
428160 432200
Color: 90 0 90

Feedback_NO_RESPONSE
1
436211 438226
Color: 90 90 0