FileVersion: 1

ResolutionOfTime: msec

Experiment: trustgame_tg16_run8

BackgroundColor: 0 0 0
TextColor: 255 255 255
TimeCourseColor: 0 170 0
TimeCourseThick: 3
ReferenceFuncColor: 113 113 255
ReferenceFuncThick: 3

NrOfConditions: 53

congruent_VIDEO_TTrust_directed
0
Color: 255 255 255

congruent_VIDEO_TTrust_averted
0
Color: 155 155 155

congruent_VIDEO_TUntrust_directed
0
Color: 255 0 255

congruent_VIDEO_TUntrust_averted
0
Color: 155 0 155

congruent_VIDEO_PC
0
Color: 255 255 0

congruent_EVALUATION_TTrust_directed
0
Color: 0 255 255

congruent_EVALUATION_TTrust_averted
0
Color: 228 228 228

congruent_EVALUATION_TUntrust_directed
0
Color: 0 155 155

congruent_EVALUATION_TUntrust_averted
0
Color: 128 128 128

congruent_EVALUATION_PC
0
Color: 238 238 238

congruent_DECISION_TTrust_directed
0
Color: 10 40 40

congruent_DECISION_TTrust_averted
0
Color: 140 50 0

congruent_DECISION_TUntrust_directed
0
Color: 0 30 40

congruent_DECISION_TUntrust_averted
0
Color: 240 30 0

congruent_DECISION_PC
0
Color: 0 50 70

congruent_FEEDBACK_TTrust_directed
0
Color: 90 10 70

congruent_FEEDBACK_TTrust_averted
0
Color: 60 20 50

congruent_FEEDBACK_TUntrust_directed
0
Color: 80 30 60

congruent_FEEDBACK_TUntrust_averted
0
Color: 40 50 20

congruent_FEEDBACK_PC
0
Color: 200 200 70

incongruent_VIDEO_TTrust_directed
2
8003 12574
280000 284563
Color: 255 255 255

incongruent_VIDEO_TTrust_averted
2
84002 88674
224001 228658
Color: 155 155 155

incongruent_VIDEO_TTrust_averted_excluded
2
306000 310655
331999 336657
Color: 100 100 100

incongruent_VIDEO_TUntrust_directed
2
34002 38571
194001 198567
Color: 255 0 255

incongruent_VIDEO_TUntrust_directed_excluded
2
391999 396559
417999 422559
Color: 100 100 100

incongruent_VIDEO_TUntrust_averted
2
58002 62569
254000 258564
Color: 155 0 155

incongruent_VIDEO_PC
2
110002 114083
136002 140082
Color: 255 255 0

incongruent_VIDEO_PC_excluded
2
166001 170081
359999 364075
Color: 100 100 100

incongruent_EVALUATION_TTrust_directed
0
Color: 0 255 255

incongruent_EVALUATION_TTrust_averted
2
228679 232717
336675 340715
Color: 228 228 228

incongruent_EVALUATION_TUntrust_directed
2
198580 202619
422572 426612
Color: 0 155 155

incongruent_EVALUATION_TUntrust_averted
0
Color: 128 128 128

incongruent_EVALUATION_PC
2
140099 144139
364091 368129
Color: 238 238 238

incongruent_DECISION_TTrust_directed
2
14653 18693
286593 290633
Color: 10 40 40

incongruent_DECISION_TTrust_averted
2
90699 94739
234745 238785
Color: 140 50 0

incongruent_DECISION_TTrust_averted_excluded
2
312676 316716
342741 346782
Color: 100 100 100

incongruent_DECISION_TUntrust_directed
2
40601 44641
204646 208686
Color: 0 30 40

incongruent_DECISION_TUntrust_directed_excluded
2
398590 402629
428639 432678
Color: 100 100 100

incongruent_DECISION_TUntrust_averted
2
64600 68640
260594 264634
Color: 240 30 0

incongruent_DECISION_PC
2
116115 120155
146164 150204
Color: 0 50 70

incongruent_DECISION_PC_excluded
2
172114 176154
370157 374197
Color: 100 100 100

incongruent_FEEDBACK_TTrust_directed
2
24726 26735
294644 296659
Color: 90 10 70

incongruent_FEEDBACK_TTrust_averted
2
98750 100766
244796 246811
Color: 60 20 50

incongruent_FEEDBACK_TTrust_averted_excluded
2
322726 324742
350792 352808
Color: 100 100 100

incongruent_FEEDBACK_TUntrust_directed
2
48654 50667
212697 214712
Color: 80 30 60

incongruent_FEEDBACK_TUntrust_directed_excluded
2
408641 410656
436690 438705
Color: 100 100 100

incongruent_FEEDBACK_TUntrust_averted
2
72651 74666
268645 270660
Color: 40 50 20

incongruent_FEEDBACK_PC
2
126166 128181
156215 158230
Color: 200 200 70

incongruent_FEEDBACK_PC_excluded
2
182164 184179
380208 382223
Color: 100 100 100

Video_NO_RESPONSE
0
Color: 80 80 80

Evaluation_NO_RESPONSE
2
114083 114083
396559 396559
Color: 0 90 90

Decision_NO_RESPONSE
0
Color: 90 0 90

Feedback_NO_RESPONSE
0
Color: 90 90 0