FileVersion: 1

ResolutionOfTime: msec

Experiment: trustgame_tg03_run5

BackgroundColor: 0 0 0
TextColor: 255 255 255
TimeCourseColor: 0 170 0
TimeCourseThick: 3
ReferenceFuncColor: 113 113 255
ReferenceFuncThick: 3

NrOfConditions: 53

congruent_VIDEO_TTrust_directed
0
Color: 255 255 255

congruent_VIDEO_TTrust_averted
0
Color: 155 155 155

congruent_VIDEO_TUntrust_directed
0
Color: 255 0 255

congruent_VIDEO_TUntrust_averted
0
Color: 155 0 155

congruent_VIDEO_PC
0
Color: 255 255 0

congruent_EVALUATION_TTrust_directed
0
Color: 0 255 255

congruent_EVALUATION_TTrust_averted
0
Color: 228 228 228

congruent_EVALUATION_TUntrust_directed
0
Color: 0 155 155

congruent_EVALUATION_TUntrust_averted
0
Color: 128 128 128

congruent_EVALUATION_PC
0
Color: 238 238 238

congruent_DECISION_TTrust_directed
0
Color: 10 40 40

congruent_DECISION_TTrust_averted
0
Color: 140 50 0

congruent_DECISION_TUntrust_directed
0
Color: 0 30 40

congruent_DECISION_TUntrust_averted
0
Color: 240 30 0

congruent_DECISION_PC
0
Color: 0 50 70

congruent_FEEDBACK_TTrust_directed
0
Color: 90 10 70

congruent_FEEDBACK_TTrust_averted
0
Color: 60 20 50

congruent_FEEDBACK_TUntrust_directed
0
Color: 80 30 60

congruent_FEEDBACK_TUntrust_averted
0
Color: 40 50 20

congruent_FEEDBACK_PC
0
Color: 200 200 70

incongruent_VIDEO_TTrust_directed
2
32077 36638
222078 226635
Color: 255 255 255

incongruent_VIDEO_TTrust_averted
2
8077 12758
86077 90832
Color: 155 155 155

incongruent_VIDEO_TTrust_averted_excluded
2
142078 146835
278078 282733
Color: 100 100 100

incongruent_VIDEO_TUntrust_directed
2
116078 120637
382078 386647
Color: 255 0 255

incongruent_VIDEO_TUntrust_directed_excluded
2
250077 254634
306078 310632
Color: 100 100 100

incongruent_VIDEO_TUntrust_averted
2
58077 62638
358078 362631
Color: 155 0 155

incongruent_VIDEO_PC
2
170078 174167
408078 412145
Color: 255 255 0

incongruent_VIDEO_PC_excluded
2
194078 198149
334078 338147
Color: 100 100 100

incongruent_EVALUATION_TTrust_directed
0
Color: 0 255 255

incongruent_EVALUATION_TTrust_averted
2
90852 92736
282748 284050
Color: 228 228 228

incongruent_EVALUATION_TUntrust_directed
2
254648 256459
386662 388325
Color: 0 155 155

incongruent_EVALUATION_TUntrust_averted
0
Color: 128 128 128

incongruent_EVALUATION_PC
2
198166 200512
412162 413736
Color: 238 238 238

incongruent_DECISION_TTrust_directed
2
38669 42769
228665 232768
Color: 10 40 40

incongruent_DECISION_TTrust_averted
2
14837 18940
94768 98873

Color: 140 50 0

incongruent_DECISION_TTrust_averted_excluded
2
148867 152970
286081 290185
Color: 100 100 100

incongruent_DECISION_TUntrust_directed
2
122667 126768
390345 394448
Color: 0 30 40

incongruent_DECISION_TUntrust_directed_excluded
2
258481 262585
312664 316767
Color: 100 100 100

incongruent_DECISION_TUntrust_averted
2
64668 68770
364663 368767
Color: 240 30 0

incongruent_DECISION_PC
2
176200 180300
415761 419863
Color: 0 50 70

incongruent_DECISION_PC_excluded
2
202532 206636
340180 344282
Color: 100 100 100

incongruent_FEEDBACK_TTrust_directed
2
48788 50802
238783 240798
Color: 90 10 70

incongruent_FEEDBACK_TTrust_averted
2
22977 24986
104885 106901
Color: 60 20 50

incongruent_FEEDBACK_TTrust_averted_excluded
2
158984 161000
296198 298214
Color: 100 100 100

incongruent_FEEDBACK_TUntrust_directed
2
132785 134800
398463 400478
Color: 80 30 60

incongruent_FEEDBACK_TUntrust_directed_excluded
2
266599 268614
322781 324796
Color: 100 100 100

incongruent_FEEDBACK_TUntrust_averted
2
74786 76801
372780 374795
Color: 40 50 20

incongruent_FEEDBACK_PC
2
184317 186332
423879 425894
Color: 200 200 70

incongruent_FEEDBACK_PC
2
210650 212665
348297 350312
Color: 100 100 100

Video_NO_RESPONSE
0
Color: 80 80 80

Evaluation_NO_RESPONSE
1
310632 310633
Color: 0 90 90

Decision_NO_RESPONSE
0
Color: 90 0 90

Feedback_NO_RESPONSE
0
Color: 90 90 0