FileVersion: 1

ResolutionOfTime: msec

Experiment: trustgame_tg11_run6

BackgroundColor: 0 0 0
TextColor: 255 255 255
TimeCourseColor: 0 170 0
TimeCourseThick: 3
ReferenceFuncColor: 113 113 255
ReferenceFuncThick: 3

NrOfConditions: 53

congruent_VIDEO_TTrust_directed
0
Color: 255 255 255

congruent_VIDEO_TTrust_averted
0
Color: 155 155 155

congruent_VIDEO_TUntrust_directed
0
Color: 255 0 255

congruent_VIDEO_TUntrust_averted
0
Color: 155 0 155

congruent_VIDEO_PC
0
Color: 255 255 0

congruent_EVALUATION_TTrust_directed
0
Color: 0 255 255

congruent_EVALUATION_TTrust_averted
0
Color: 228 228 228

congruent_EVALUATION_TUntrust_directed
0
Color: 0 155 155

congruent_EVALUATION_TUntrust_averted
0
Color: 128 128 128

congruent_EVALUATION_PC
0
Color: 238 238 238

congruent_DECISION_TTrust_directed
0
Color: 10 40 40

congruent_DECISION_TTrust_averted
0
Color: 140 50 0

congruent_DECISION_TUntrust_directed
0
Color: 0 30 40

congruent_DECISION_TUntrust_averted
0
Color: 240 30 0

congruent_DECISION_PC
0
Color: 0 50 70

congruent_FEEDBACK_TTrust_directed
0
Color: 90 10 70

congruent_FEEDBACK_TTrust_averted
0
Color: 60 20 50

congruent_FEEDBACK_TUntrust_directed
0
Color: 80 30 60

congruent_FEEDBACK_TUntrust_averted
0
Color: 40 50 20

congruent_FEEDBACK_PC
0
Color: 200 200 70

incongruent_VIDEO_TTrust_directed
2
32077 36637
226077 230633
Color: 255 255 255

incongruent_VIDEO_TTrust_averted
2
8077 12758
86077 90834
Color: 155 155 155

incongruent_VIDEO_TTrust_averted_excluded
1
284077 288734
Color: 100 100 100

incongruent_VIDEO_TUntrust_directed
2
254077 258631
314077 318647
Color: 255 0 255

incongruent_VIDEO_TUntrust_directed_excluded
2
118077 122636
390078 394647
Color: 100 100 100

incongruent_VIDEO_TUntrust_averted
1
58077 62637
Color: 155 0 155

incongruent_VIDEO_PC
2
196078 200148
342078 346145
Color: 255 255 0

incongruent_VIDEO_PC_excluded
2
172078 176165
418078 422160
Color: 100 100 100

incongruent_EVALUATION_TTrust_directed
0
Color: 0 255 255

incongruent_EVALUATION_TTrust_averted
2
90851 94956
288746 292851
Color: 228 228 228

incongruent_EVALUATION_TUntrust_directed
2
258646 262751
394660 398764
Color: 0 155 155

incongruent_EVALUATION_TUntrust_averted
0
Color: 128 128 128

incongruent_EVALUATION_PC
2
200164 204268
422176 426280
Color: 238 238 238

incongruent_DECISION_TTrust_directed
2
38668 42772
232663 236767
Color: 10 40 40

incongruent_DECISION_TTrust_averted
2
14836 18941
96983 101088
Color: 140 50 0

incongruent_DECISION_TTrust_averted_excluded
1
294879 298984
Color: 100 100 100

incongruent_DECISION_TUntrust_directed
2
264779 268885
320678 324783
Color: 0 30 40

incongruent_DECISION_TUntrust_directed_excluded
2
124666 128770
400793 404897
Color: 100 100 100

incongruent_DECISION_TUntrust_averted
1
64667 68771
Color: 240 30 0

incongruent_DECISION_PC
2
206297 210401
348177 352282
Color: 0 50 70

incongruent_DECISION_PC_excluded
2
178198 182302
428309 432414
Color: 100 100 100

incongruent_FEEDBACK_TTrust_directed
2
48787 50800
242781 244796
Color: 90 10 70

incongruent_FEEDBACK_TTrust_averted
2
22976 24984
107101 109116
Color: 60 20 50

incongruent_FEEDBACK_TTrust_averted_excluded
1
304996 307011
Color: 100 100 100

incongruent_FEEDBACK_TUntrust_directed
2
272897 274912
Color: 80 30 60

incongruent_FEEDBACK_TUntrust_directed_excluded
2
134783 136798
408911 410926
Color: 100 100 100

incongruent_FEEDBACK_TUntrust_averted
1
74785 76800
Color: 40 50 20

incongruent_FEEDBACK_PC
2
214415 216430
356295 358310
Color: 200 200 70

incongruent_FEEDBACK_PC_excluded
2
186315 188331
436427 438442
Color: 100 100 100

Video_NO_RESPONSE
2
144077 148834
366078 370646
Color: 80 80 80

Evaluation_NO_RESPONSE
0
Color: 0 90 90

Decision_NO_RESPONSE
2
150865 154970
372677 376781
Color: 90 0 90

Feedback_NO_RESPONSE
2
160983 162998
380794 382810
Color: 90 90 0