FileVersion: 1

ResolutionOfTime: msec

Experiment: trustgame_tg13_run5

BackgroundColor: 0 0 0
TextColor: 255 255 255
TimeCourseColor: 0 170 0
TimeCourseThick: 3
ReferenceFuncColor: 113 113 255
ReferenceFuncThick: 3

NrOfConditions: 53

congruent_VIDEO_TTrust_directed
0
Color: 255 255 255

congruent_VIDEO_TTrust_averted
0
Color: 155 155 155

congruent_VIDEO_TUntrust_directed
0
Color: 255 0 255

congruent_VIDEO_TUntrust_averted
0
Color: 155 0 155

congruent_VIDEO_PC
0
Color: 255 255 0

congruent_EVALUATION_TTrust_directed
0
Color: 0 255 255

congruent_EVALUATION_TTrust_averted
0
Color: 228 228 228

congruent_EVALUATION_TUntrust_directed
0
Color: 0 155 155

congruent_EVALUATION_TUntrust_averted
0
Color: 128 128 128

congruent_EVALUATION_PC
0
Color: 238 238 238

congruent_DECISION_TTrust_directed
0
Color: 10 40 40

congruent_DECISION_TTrust_averted
0
Color: 140 50 0

congruent_DECISION_TUntrust_directed
0
Color: 0 30 40

congruent_DECISION_TUntrust_averted
0
Color: 240 30 0

congruent_DECISION_PC
0
Color: 0 50 70

congruent_FEEDBACK_TTrust_directed
0
Color: 90 10 70

congruent_FEEDBACK_TTrust_averted
0
Color: 60 20 50

congruent_FEEDBACK_TUntrust_directed
0
Color: 80 30 60

congruent_FEEDBACK_TUntrust_averted
0
Color: 40 50 20

congruent_FEEDBACK_PC
0
Color: 200 200 70

incongruent_VIDEO_TTrust_directed
2
60003 64569
330004 334563
Color: 255 255 255

incongruent_VIDEO_TTrust_averted
2
196003 200662
274004 278661
Color: 155 155 155

incongruent_VIDEO_TTrust_averted_excluded
2
34003 38683
112003 116662
Color: 100 100 100

incongruent_VIDEO_TUntrust_directed
2
250004 254566
298005 302563
Color: 255 0 255

incongruent_VIDEO_TUntrust_directed_excluded
2
140004 144566
222004 226565
Color: 100 100 100

incongruent_VIDEO_TUntrust_averted
2
88004 92569
166004 170566
Color: 155 0 155

incongruent_VIDEO_PC
2
392005 396077
418005 422076
Color: 255 255 0

incongruent_VIDEO_PC_excluded
2
8003 12085
360005 364077
Color: 100 100 100

incongruent_EVALUATION_TTrust_directed
1
334578 338614
Color: 0 255 255

incongruent_EVALUATION_TTrust_averted
1
116683 120721
Color: 228 228 228

incongruent_EVALUATION_TUntrust_directed
1
302578 306619
Color: 0 155 155

incongruent_EVALUATION_TUntrust_averted
1
170581 174622
Color: 128 128 128

incongruent_EVALUATION_PC
2
364094 368134
422092 426133
Color: 238 238 238

incongruent_DECISION_TTrust_directed
2
66599 70636
340644 344680
Color: 10 40 40

incongruent_DECISION_TTrust_averted
2
202697 206733
280695 284731
Color: 140 50 0

incongruent_DECISION_TTrust_averted_excluded
2
40717 44753
122748 126786
Color: 100 100 100

incongruent_DECISION_TUntrust_directed
2
256596 260636
308645 312682
Color: 0 30 40

incongruent_DECISION_TUntrust_directed_excluded
2
146598 150638
228596 232636
Color: 100 100 100

incongruent_DECISION_TUntrust_averted
2
94599 98639
176647 180683
Color: 240 30 0

incongruent_DECISION_PC
2
398110 402150
428159 432199
Color: 0 50 70

incongruent_DECISION_PC_excluded
2
14168 18205
370160 374200
Color: 100 100 100

incongruent_FEEDBACK_TTrust_directed
2
76650 78666
348695 350710
Color: 90 10 70

incongruent_FEEDBACK_TTrust_averted
2
210748 212763
288746 290761
Color: 60 20 50

incongruent_FEEDBACK_TTrust_averted_excluded
2
50769 52783
130799 132814
Color: 100 100 100

incongruent_FEEDBACK_TUntrust_directed
2
264647 266662
318697 320711
Color: 80 30 60

incongruent_FEEDBACK_TUntrust_directed_excluded
2
156651 158664
238647 240662
Color: 100 100 100

incongruent_FEEDBACK_TUntrust_averted
2
102650 104665
186700 188713
Color: 40 50 20

incongruent_FEEDBACK_PC
2
406160 408176
436210 438225
Color: 200 200 70

incongruent_FEEDBACK_PC_excluded
2
24243 26250
380211 382226
Color: 100 100 100

Video_NO_RESPONSE
0
Color: 80 80 80

Evaluation_NO_RESPONSE
1
278661 278661
Color: 0 90 90

Decision_NO_RESPONSE
0
Color: 90 0 90

Feedback_NO_RESPONSE
0
Color: 90 90 0