FileVersion: 1

ResolutionOfTime: msec

Experiment: trustgame_tg02_run5

BackgroundColor: 0 0 0
TextColor: 255 255 255
TimeCourseColor: 0 170 0
TimeCourseThick: 3
ReferenceFuncColor: 113 113 255
ReferenceFuncThick: 3

NrOfConditions: 53

congruent_VIDEO_TTrust_directed
0
Color: 255 255 255

congruent_VIDEO_TTrust_averted
0
Color: 155 155 155

congruent_VIDEO_TUntrust_directed
0
Color: 255 0 255

congruent_VIDEO_TUntrust_averted
0
Color: 155 0 155

congruent_VIDEO_PC
0
Color: 255 255 0

congruent_EVALUATION_TTrust_directed
0
Color: 0 255 255

congruent_EVALUATION_TTrust_averted
0
Color: 228 228 228

congruent_EVALUATION_TUntrust_directed
0
Color: 0 155 155

congruent_EVALUATION_TUntrust_averted
0
Color: 128 128 128

congruent_EVALUATION_PC
0
Color: 238 238 238

congruent_DECISION_TTrust_directed
0
Color: 10 40 40

congruent_DECISION_TTrust_averted
0
Color: 140 50 0

congruent_DECISION_TUntrust_directed
0
Color: 0 30 40

congruent_DECISION_TUntrust_averted
0
Color: 240 30 0

congruent_DECISION_PC
0
Color: 0 50 70

congruent_FEEDBACK_TTrust_directed
0
Color: 90 10 70

congruent_FEEDBACK_TTrust_averted
0
Color: 60 20 50

congruent_FEEDBACK_TUntrust_directed
0
Color: 80 30 60

congruent_FEEDBACK_TUntrust_averted
0
Color: 40 50 20

congruent_FEEDBACK_PC
0
Color: 200 200 70

incongruent_VIDEO_TTrust_directed
2
8003 12575
407999 412559

Color: 255 255 255

incongruent_VIDEO_TTrust_averted
2
168001 172676
354001 358654

Color: 155 155 155

incongruent_VIDEO_TTrust_averted_excluded
2
192001 196656
328001 332654

Color: 100 100 100

incongruent_VIDEO_TUntrust_directed
2
34002 38571
114002 118568

Color: 255 0 255

incongruent_VIDEO_TUntrust_directed_excluded
2
58002 62570
380000 384561

Color: 100 100 100

incongruent_VIDEO_TUntrust_averted
2
140002 144570
304001 308563
Color: 155 0 155

incongruent_VIDEO_PC
2
220001 224080
250001 254080

Color: 255 255 0

incongruent_VIDEO_PC_excluded
2
86002 90118
276001 280079

Color: 100 100 100

incongruent_EVALUATION_TTrust_directed
1
412574 415079
Color: 0 255 255

incongruent_EVALUATION_TTrust_averted
1
196664 199087
Color: 228 228 228

incongruent_EVALUATION_TUntrust_directed
2
118584 120497
384575 387757
Color: 0 155 155

incongruent_EVALUATION_TUntrust_averted
0
Color: 128 128 128

incongruent_EVALUATION_PC
2
224097 226091
280095 282518
Color: 238 238 238

incongruent_DECISION_TTrust_directed
2
14654 18756
417107 421209
Color: 10 40 40

incongruent_DECISION_TTrust_averted
2
174698 178800
360676 364777

Color: 140 50 0

incongruent_DECISION_TTrust_averted_excluded
2
201114 205215
334677 338778

Color: 100 100 100

incongruent_DECISION_TUntrust_directed
2
40603 44704
122517 126617

Color: 0 30 40

incongruent_DECISION_TUntrust_directed_excluded
2
64602 68707
389792 393893

Color: 100 100 100

incongruent_DECISION_TUntrust_averted
2
146599 150701
310594 314695

Color: 240 30 0

incongruent_DECISION_PC
2
228113 232219
256112 260215

Color: 0 50 70

incongruent_DECISION_PC_excluded
2
92151 96252
284545 288648

Color: 100 100 100

incongruent_FEEDBACK_TTrust_directed
2
24794 26803
425225 427240
Color: 90 10 70

incongruent_FEEDBACK_TTrust_averted
2
182816 184831
368793 370809

Color: 60 20 50

incongruent_FEEDBACK_TTrust_averted_excluded
2
211231 213247
342794 344809

Color: 100 100 100

incongruent_FEEDBACK_TUntrust_directed
2
48722 50735
130634 132649

Color: 80 30 60

incongruent_FEEDBACK_TUntrust_directed_excluded
2
74719 76734
397909 399924

Color: 100 100 100

incongruent_FEEDBACK_TUntrust_averted
2
156717 158732
318712 320727
Color: 40 50 20

incongruent_FEEDBACK_PC
2
238231 240246
266230 268245

Color: 200 200 70

incongruent_FEEDBACK_PC_excluded
2
102268 104284
294662 296678

Color: 100 100 100

Video_NO_RESPONSE
0
Color: 80 80 80

Evaluation_NO_RESPONSE
1
254080 254080
Color: 0 90 90

Decision_NO_RESPONSE
0
Color: 90 0 90

Feedback_NO_RESPONSE
0
Color: 90 90 0