
FileVersion:        1

ResolutionOfTime:   msec

Experiment:         trustgame_run4

BackgroundColor:    0 0 0
TextColor:          255 255 255
TimeCourseColor:    0 170 0
TimeCourseThick:    3
ReferenceFuncColor: 113 113 255
ReferenceFuncThick: 3

NrOfConditions:     30



congruent_VIDEO_TTrust_directed
2
34077	38649
60077	64646

Color: 255 255 255

congruent_VIDEO_TTrust_directed_excluded
2
274076	278641
330076	334639

Color: 100 100 100

congruent_VIDEO_TTrust_averted
2
112076	116750
196076	200833

Color: 155 155 155

congruent_VIDEO_TUntrust_directed
2
250076	254640
298076	302641

Color: 255 0 255

congruent_VIDEO_TUntrust_averted
2
88076	92645
222076	226642

Color: 155 0 155

congruent_VIDEO_TUntrust_averted_excluded
2
140076	144644
166076	170643

Color: 100 100 100

congruent_VIDEO_PC
2
360076	364153
418075	422151

Color: 255 255 0

congruent_VIDEO_PC_excluded
2
8077	12162
392075	396152

Color: 100 100 100

congruent_EVALUATION_TTrust_directed
1
334653	338758

Color: 0 255 255

congruent_EVALUATION_TTrust_averted
1
116776	120877

Color: 228 228 228

congruent_EVALUATION_TUntrust_directed
1
302654	306759

Color: 0 155 155

congruent_EVALUATION_TUntrust_averted
1
170657	174763

Color: 128 128 128

congruent_EVALUATION_PC
2
364169	368274
422168	426273

Color: 238 238 238

congruent_DECISION_TTrust_directed
2
40677	44778
66677	70778

Color: 10 40 40

congruent_DECISION_TTrust_directed_excluded
2
280671	284776
340786	344887

Color: 100 100 100

congruent_DECISION_TTrust_averted
2
122909	127014
202857	206958

Color: 140 50 0

congruent_DECISION_TUntrust_directed
2
256672	260773
308787	312888

Color: 0 30 40

congruent_DECISION_TUntrust_averted
2
94676	98777
228673	232778

Color: 240 30 0

congruent_DECISION_TUntrust_averted_excluded
2
146675	150776
176791	180896

Color: 100 100 100

congruent_DECISION_PC
2
370302	374408
428301	432407

Color: 0 50 70

congruent_DECISION_PC_excluded
2
14246	18347
398185	402290

Color: 100 100 100

congruent_FEEDBACK_TTrust_directed
2
50797	52810
76794	78809

Color: 100 100 100

congruent_FEEDBACK_TTrust_directed_excluded
2
288789	290804
348904	350919

Color: 100 100 100

congruent_FEEDBACK_TTrust_averted
2
131026	133041
210974	212989

Color: 60 20 50

congruent_FEEDBACK_TUntrust_directed
2
264789	266805
318905	320920

Color: 80 30 60

congruent_FEEDBACK_TUntrust_averted
2
102794	104809
238790	240805

Color: 40 50 20

congruent_FEEDBACK_TUntrust_averted_excluded
2
156792	158807
186908	188923

Color: 100 100 100

congruent_FEEDBACK_PC
2
380420	382435
436418	438433

Color: 200 200 70

congruent_FEEDBACK_PC_excluded
2
24386	26394
406302	408318

Color: 100 100 100

No_Response
0

Color: 90 90 90

