
FileVersion:        1

ResolutionOfTime:   msec

Experiment:         trustgame_run3

BackgroundColor:    0 0 0
TextColor:          255 255 255
TimeCourseColor:    0 170 0
TimeCourseThick:    3
ReferenceFuncColor: 113 113 255
ReferenceFuncThick: 3

NrOfConditions:     30



congruent_VIDEO_TTrust_directed
2
228004	232571
306005	310568

Color: 255 255 255

congruent_VIDEO_TTrust_directed_excluded
2
138003	142574
280005	284569

Color: 255 255 255

congruent_VIDEO_TTrust_averted
2
8003	12682
32003	36661

Color: 155 155 155

congruent_VIDEO_TUntrust_directed
2
112003	116571
362005	366566

Color: 255 0 255

congruent_VIDEO_TUntrust_averted
2
196004	200570
256005	260568

Color: 155 0 155

congruent_VIDEO_TUntrust_averted_excluded
2
84003	88572
388004	392566

Color: 100 100 100

congruent_VIDEO_PC
2
168004	172086
418005	422081

Color: 255 255 0

congruent_VIDEO_PC_excluded
2
56003	60088
338004	342082

Color: 100 100 100

congruent_EVALUATION_TTrust_directed
2
142587	146629
310583	314623

Color: 0 255 255

congruent_EVALUATION_TTrust_averted
0

Color: 228 228 228

congruent_EVALUATION_TUntrust_directed
0

Color: 0 155 155

congruent_EVALUATION_TUntrust_averted
2
200585	204621
392581	396618

Color: 128 128 128

congruent_EVALUATION_PC
2
172102	176142
422097	426133

Color: 238 238 238

congruent_DECISION_TTrust_directed
2
234601	238637
316649	320689

Color: 10 40 40

congruent_DECISION_TTrust_directed_excluded
2
148652	152689
286600	290637

Color: 100 100 100

congruent_DECISION_TTrust_averted
2
14756	18792
38688	42724

Color: 140 50 0

congruent_DECISION_TUntrust_directed
2
118603	122644
368598	372638

Color: 0 30 40

congruent_DECISION_TUntrust_averted
2
206651	210692
262600	266641

Color: 240 30 0

congruent_DECISION_TUntrust_averted_excluded
2
90604	94639
398647	402688

Color: 100 100 100

congruent_DECISION_PC
2
178169	182204
428164	432201

Color: 0 50 70

congruent_DECISION_PC_excluded
2
62121	66159
344115	348153

Color: 100 100 100

congruent_FEEDBACK_TTrust_directed
2
244654	246667
326700	328715

Color: 90 10 70

congruent_FEEDBACK_TTrust_directed_excluded
2
156703	158719
296651	298666

Color: 100 100 100

congruent_FEEDBACK_TTrust_averted
2
22829	24838
46741	48754

Color: 60 20 50

congruent_FEEDBACK_TUntrust_directed
2
128654	130669
376649	378664

Color: 80 30 60

congruent_FEEDBACK_TUntrust_averted
2
216702	218717
270651	272666

Color: 40 50 20

congruent_FEEDBACK_TUntrust_averted_excluded
2
100657	102670
408698	410714

Color: 100 100 100

congruent_FEEDBACK_PC
2
186219	188235
436214	438230

Color: 200 200 70

congruent_FEEDBACK_PC_excluded
2
72172	74187
352166	354181

Color: 100 100 100

No_Response
0

Color: 90 90 90

