
FileVersion:        1

ResolutionOfTime:   msec

Experiment:         trustgame_run3

BackgroundColor:    0 0 0
TextColor:          255 255 255
TimeCourseColor:    0 170 0
TimeCourseThick:    3
ReferenceFuncColor: 113 113 255
ReferenceFuncThick: 3

NrOfConditions:     30



congruent_VIDEO_TTrust_directed
2
60077	64643
270078	274638

Color: 255 255 255

congruent_VIDEO_TTrust_directed_excluded
2
34076	38647
324078	328638

Color: 100 100 100

congruent_VIDEO_TTrust_averted
2
112077	116751
192077	196733

Color: 155 155 155

congruent_VIDEO_TUntrust_directed
2
246078	250639
294078	298638

Color: 255 0 255

congruent_VIDEO_TUntrust_averted
2
88077	92642
164077	168641

Color: 155 0 155

congruent_VIDEO_TUntrust_averted_excluded
2
138077	142641
218078	222640

Color: 100 100 100

congruent_VIDEO_PC
2
352078	356152
382079	386151

Color: 255 255 0

congruent_VIDEO_PC_excluded
2
8077	12159
408079	412150

Color: 100 100 100

congruent_EVALUATION_TTrust_directed
1
328670	329916

Color: 0 255 255

congruent_EVALUATION_TTrust_averted
1
116774	119208

Color: 228 228 228

congruent_EVALUATION_TUntrust_directed
1
298653	300573

Color: 0 155 155

congruent_EVALUATION_TUntrust_averted
1
168655	170113

Color: 128 128 128

congruent_EVALUATION_PC
2
356168	357917
412166	413610

Color: 238 238 238

congruent_DECISION_TTrust_directed
2
66674	70777
276669	280771

Color: 10 40 40

congruent_DECISION_TTrust_directed_excluded
2
40675	44777
331952	336054

Color: 100 100 100

congruent_DECISION_TTrust_averted
2
121240	125341
198755	202861

Color: 140 50 0

congruent_DECISION_TUntrust_directed
2
252670	256771
302602	306703

Color: 0 30 40

congruent_DECISION_TUntrust_averted
2
94674	98775
172139	176244

Color: 240 30 0

congruent_DECISION_TUntrust_averted_excluded
2
144672	148775
224671	228775

Color: 100 100 100

congruent_DECISION_PC
2
359951	364054
388184	392288

Color: 0 50 70

congruent_DECISION_PC_excluded
2
14243	18349
415633	419734

Color: 0 50 70

congruent_FEEDBACK_TTrust_directed
2
76792	78807
284787	286802

Color: 90 10 70

congruent_FEEDBACK_TTrust_directed_excluded
2
50794	52808
340069	342084

Color: 100 100 100

congruent_FEEDBACK_TTrust_averted
2
129357	131372
206872	208887

Color: 60 20 50

congruent_FEEDBACK_TUntrust_directed
2
260788	262803
312720	314735

Color: 80 30 60

congruent_FEEDBACK_TUntrust_averted
2
102791	104806
182256	184271

Color: 40 50 20

congruent_FEEDBACK_TUntrust_averted_excluded
2
154790	156805
234788	236803

Color: 100 100 100

congruent_FEEDBACK_PC
2
370068	372084
396301	398316

Color: 200 200 70

congruent_FEEDBACK_PC_excluded
2
24383	26392
423750	425766

Color: 100 100 100

No_Response
0

Color: 90 90 90

