
FileVersion:        1

ResolutionOfTime:   msec

Experiment:         trustgame_run1

BackgroundColor:    0 0 0
TextColor:          255 255 255
TimeCourseColor:    0 170 0
TimeCourseThick:    3
ReferenceFuncColor: 113 113 255
ReferenceFuncThick: 3

NrOfConditions:     30



congruent_VIDEO_TTrust_directed
2
8003 12572
170004 174568

Color: 255 255 255

congruent_VIDEO_TTrust_directed_excluded
2
194004 198568
418006 422565

Color: 100 100 100

congruent_VIDEO_TTrust_averted
2
336005 340704
362005 366660

Color: 155 155 155

congruent_VIDEO_TUntrust_directed
2
34003 38571
114003 118570

Color: 255 0 255

congruent_VIDEO_TUntrust_averted
2
58003 62571
142003 146570

Color: 155 0 155

congruent_VIDEO_TUntrust_averted_excluded
2
312005 316568
388005 392567

Color: 100 100 100

congruent_VIDEO_PC
2
256004 260082
282005 286082

Color: 255 255 0

congruent_VIDEO_PC_excluded
0

Color: 100 100 100

congruent_EVALUATION_TTrust_directed
2
198583 202687
422580 426685

Color: 0 255 255

congruent_EVALUATION_TTrust_averted
0

Color: 228 228 228

congruent_EVALUATION_TUntrust_directed
0

Color: 0 155 155

congruent_EVALUATION_TUntrust_averted
1
392580 396685

Color: 128 128 128

congruent_EVALUATION_PC
2
228099 232204
286098 290203

Color: 238 238 238

congruent_DECISION_TTrust_directed
2
14669 18774
176599 180704

Color: 10 40 40

congruent_DECISION_TTrust_directed_excluded
2
204716 208820
428713 432818

Color: 100 100 100

congruent_DECISION_TTrust_averted
2
342731 346836
368681 372786

Color: 140 50 0

congruent_DECISION_TUntrust_directed
2
40601 44706
124717 128821

Color: 0 30 40

congruent_DECISION_TUntrust_averted
2
64601 68705
148600 152705

Color: 240 30 0

congruent_DECISION_TUntrust_averted_excluded
2
318598 322702
398714 402819

Color: 100 100 100

congruent_DECISION_PC
2
262115 266220
292232 296336

Color: 0 50 70

congruent_DECISION_PC_excluded
0

Color: 100 100 100

congruent_FEEDBACK_TTrust_directed
2
24809 26818
184717 186732

Color: 90 10 70

congruent_FEEDBACK_TTrust_directed_excluded
2
214833 216849
436831 438846

Color: 100 100 100

congruent_FEEDBACK_TTrust_averted
2
350849 352864
376798 378814

Color: 60 20 50

congruent_FEEDBACK_TUntrust_directed
2
48720 50734
132834 134850

Color: 80 30 60

congruent_FEEDBACK_TUntrust_averted
2
74718 76734
158717 160733

Color: 40 50 20

congruent_FEEDBACK_TUntrust_averted_excluded
2
326716 328731
406831 408847

Color: 100 100 100

congruent_FEEDBACK_PC
2
272233 274248
302349 304364

Color: 200 200 70

congruent_FEEDBACK_PC_excluded
0

Color: 100 100 100

Video_NO_RESPONSE
2
86003 90134
224004 228083
Color: 80 80 80

Evaluation_NO_RESPONSE
2
118584 122690
366660 366660
Color: 0 90 90

Decision_NO_RESPONSE
2
92167 96272
234232 238337
Color: 90 0 90

Feedback_NO_RESPONSE
2
102285 104300
244350 246365
Color: 90 90 0

