
FileVersion:        1

ResolutionOfTime:   msec

Experiment:         trustgame_run3

BackgroundColor:    0 0 0
TextColor:          255 255 255
TimeCourseColor:    0 170 0
TimeCourseThick:    3
ReferenceFuncColor: 113 113 255
ReferenceFuncThick: 3

NrOfConditions:     30



congruent_VIDEO_TTrust_directed
2
240001	244564
292001	296563

Color: 255 255 255

congruent_VIDEO_TTrust_directed_excluded
2
138002	142569
318000	322561

Color: 100 100 100

congruent_VIDEO_TTrust_averted
2
8003	12683
32003	36658

Color: 155 155 155

congruent_VIDEO_TUntrust_directed
2
112002	116567
378000	382559

Color: 255 0 255

congruent_VIDEO_TUntrust_averted
2
204002 208565
268001 272562

Color: 155 0 155

congruent_VIDEO_TUntrust_averted_excluded
2
84002	88568
404000 408559

Color: 100 100 100

congruent_VIDEO_PC
2
172002 176080
354001 358075

Color: 255 255 0

congruent_VIDEO_PC_excluded
2
56002 60084
437999 442072

Color: 100 100 100

congruent_EVALUATION_TTrust_directed
0

Color: 0 255 255

congruent_EVALUATION_TTrust_averted
0

Color: 228 228 228

congruent_EVALUATION_TUntrust_directed
0

Color: 0 155 155

congruent_EVALUATION_TUntrust_averted
0

Color: 128 128 128

congruent_EVALUATION_PC
1
446089	446477

Color: 238 238 238

congruent_DECISION_TTrust_directed
2
246594	250699
298593	302697

Color: 10 40 40

congruent_DECISION_TTrust_directed_excluded
2
152714	156818
332708	336809

Color: 100 100 100

congruent_DECISION_TTrust_averted
2
14769	18872
38684	42784

Color: 140 50 0

congruent_DECISION_TUntrust_directed
2
118598	122701
384590	388692

Color: 0 30 40

congruent_DECISION_TUntrust_averted
2
218712 222814
274594 278697

Color: 240 30 0

congruent_DECISION_TUntrust_averted_excluded
2
90599	94700
418706 422807

Color: 100 100 100

congruent_DECISION_PC
2
186229 190333
360108 364210

Color: 0 50 70

congruent_DECISION_PC_excluded
2
62117 66217
448505 452607

Color: 100 100 100

congruent_FEEDBACK_TTrust_directed
2
256712	258727
308710	310726

Color: 90 10 70

congruent_FEEDBACK_TTrust_directed_excluded
2
160831	162847
342826	344841

Color: 100 100 100

congruent_FEEDBACK_TTrust_averted
2
22908	24917
46803	48817

Color: 60 20 50

congruent_FEEDBACK_TUntrust_directed
2
128716	130731
392708	394723

Color: 80 30 60

congruent_FEEDBACK_TUntrust_averted
2
228829 230844
282711 284726

Color: 40 50 20

congruent_FEEDBACK_TUntrust_averted_excluded
2
100717 102732
428823	430839

Color: 100 100 100

congruent_FEEDBACK_PC
2
194347 196362
368225 370240

Color: 200 200 70

congruent_FEEDBACK_PC_excluded
2
72234 74249
456623 458638

Color: 200 200 70

No_Response
5
146582	150683
180097	184200
212579	216683
326576	330681
412573	416678

Color: 90 90 90

