
FileVersion:        1

ResolutionOfTime:   msec

Experiment:         trustgame_run3

BackgroundColor:    0 0 0
TextColor:          255 255 255
TimeCourseColor:    0 170 0
TimeCourseThick:    3
ReferenceFuncColor: 113 113 255
ReferenceFuncThick: 3

NrOfConditions:     30



congruent_VIDEO_TTrust_directed
2
60077 64642
278076 282637

Color: 255 255 255

congruent_VIDEO_TTrust_directed_excluded
1
388077 392635

Color: 100 100 100

congruent_VIDEO_TTrust_averted
2
34077	38752
252076	256731

Color: 155 155 155

congruent_VIDEO_TUntrust_directed
2
118077	122641
330076	334635

Color: 255 0 255

congruent_VIDEO_TUntrust_averted
2
90077 94642
144077 148639

Color: 155 0 155

congruent_VIDEO_TUntrust_averted_excluded
2
198076 202638
420077 424634

Color: 100 100 100

congruent_VIDEO_PC
2
172076 176154
224076 228153

Color: 255 255 0

congruent_VIDEO_PC
2
304076 308152
358076 362150

Color: 100 100 100

congruent_EVALUATION_TTrust_directed
2
64657	68759
392649	396754

Color: 0 255 255

congruent_EVALUATION_TTrust_averted
0

Color: 228 228 228

congruent_EVALUATION_TUntrust_directed
0

Color: 0 155 155

congruent_EVALUATION_TUntrust_averted
2
148654	152760
424649	428754

Color: 128 128 128

congruent_EVALUATION_PC
2
228169	232275
362167	366272

Color: 238 238 238

congruent_DECISION_TTrust_directed
2
70789 74895
284668 288770

Color: 10 40 40

congruent_DECISION_TTrust_directed_excluded
1
398783 402883

Color: 100 100 100

congruent_DECISION_TTrust_averted
2
40773	44878
258752	262858

Color: 140 50 0

congruent_DECISION_TUntrust_directed
2
124672	128777
336667	340773

Color: 0 30 40

congruent_DECISION_TUntrust_averted
2
96672 100777
154787 158890

Color: 240 30 0

congruent_DECISION_TUntrust_averted_excluded
2
204670 208776
430782 434887

Color: 100 100 100

congruent_DECISION_PC
2
178187 182289
234303 238404

Color: 0 50 70

congruent_DECISION_PC_excluded
2
310184 314289
368300 372405

Color: 100 100 100

congruent_FEEDBACK_TTrust_directed
2
80907 82922
294786 296801

Color: 90 10 70

congruent_FEEDBACK_TTrust_directed_excluded
1
408900 410915

Color: 100 100 100

congruent_FEEDBACK_TTrust_averted
2
48892	50906
268870	270885

Color: 60 20 50

congruent_FEEDBACK_TUntrust_directed
2
132789	134804
346785	348800

Color: 80 30 60

congruent_FEEDBACK_TUntrust_averted
2
106790 108805
162905 164920

Color: 40 50 20

congruent_FEEDBACK_TUntrust_averted_excluded
2
212787 214803
438899 440915

Color: 100 100 100

congruent_FEEDBACK_PC
2
188305 190320
242420 244435

Color: 200 200 70

congruent_FEEDBACK_PC_excluded
2
318302 320317
376417 378433

Color: 100 100 100

No_Response
2
14724 18830
24864 26873
Color: 90 90 90

