
FileVersion:        1

ResolutionOfTime:   msec

Experiment:         trustgame_run1

BackgroundColor:    0 0 0
TextColor:          255 255 255
TimeCourseColor:    0 170 0
TimeCourseThick:    3
ReferenceFuncColor: 113 113 255
ReferenceFuncThick: 3

NrOfConditions:     30



congruent_VIDEO_TTrust_directed
2
194001	198561
417999	422553

Color: 255 255 255

congruent_VIDEO_TTrust_directed_excluded
2
8003	12587
170001	174561

Color: 100 100 100

congruent_VIDEO_TTrust_averted
2
335999	340698
361999	366655

Color: 155 155 155

congruent_VIDEO_TUntrust_directed
2
34002	38564
114002	118561

Color: 255 0 255

congruent_VIDEO_TUntrust_averted
2
142002	146562
387999	392554

Color: 155 0 155

congruent_VIDEO_TUntrust_averted_excluded
2
58002	62564
312000	316556

Color: 100 100 100

congruent_VIDEO_PC
2
256001	260073
282000	286072

Color: 100 100 100

congruent_VIDEO_PC_excluded
2
86002	90128
224001	228074

Color: 100 100 100

congruent_EVALUATION_TTrust_directed
2
198574	202614
422568	426607

Color: 0 255 255

congruent_EVALUATION_TTrust_averted
0

Color: 228 228 228

congruent_EVALUATION_TUntrust_directed
1
118578	122619

Color: 0 155 155

congruent_EVALUATION_TUntrust_averted
1
392569	396605

Color: 128 128 128

congruent_EVALUATION_PC
2
228090	232130
286088	290129

Color: 238 238 238

congruent_DECISION_TTrust_directed
2
204641	208682
428634	432674

Color: 10 40 40

congruent_DECISION_TTrust_directed_excluded
2
14681	18721
176592	180632

Color: 100 100 100

congruent_DECISION_TTrust_averted
2
342720	346761
368686	372726

Color: 140 50 0

congruent_DECISION_TUntrust_directed
2
40596	44637
124643	128683

Color: 0 30 40

congruent_DECISION_TUntrust_averted
2
148593	152633
398635	402670

Color: 240 30 0

congruent_DECISION_TUntrust_averted_excluded
2
64595	68635
318587	322628

Color: 100 100 100

congruent_DECISION_PC
2
262106	266146
292155	296191

Color: 0 50 70

congruent_DECISION_PC_excluded
2
92161	96201
234157	238192

Color: 100 100 100

congruent_FEEDBACK_TTrust_directed
2
214692	216707
436685	438700

Color: 90 10 70

congruent_FEEDBACK_TTrust_directed_excluded
2
24754	26763
184642	186658

Color: 100 100 100

congruent_FEEDBACK_TTrust_averted
2
350771	352786
376737	378752

Color: 60 20 50

congruent_FEEDBACK_TUntrust_directed
2
48649	50662
132694	134709

Color: 80 30 60

congruent_FEEDBACK_TUntrust_averted
2
158643	160659
326638	32865306686	408701

Color: 40 50 20

congruent_FEEDBACK_TUntrust_averted_excluded
2
74646	76661
326638	328653

Color: 100 100 100

congruent_FEEDBACK_PC
2
272157	274172
302206	304221

Color: 200 200 70

congruent_FEEDBACK_PC_excluded
2
102212	104227
244207	246223

Color: 100 100 100

No_Response
0

Color: 90 90 90

