
FileVersion:        1

ResolutionOfTime:   msec

Experiment:         trustgame_run4

BackgroundColor:    0 0 0
TextColor:          255 255 255
TimeCourseColor:    0 170 0
TimeCourseThick:    3
ReferenceFuncColor: 113 113 255
ReferenceFuncThick: 3

NrOfConditions:     30



congruent_VIDEO_TTrust_directed
2
58003	62568
224001	228563

Color: 255 255 255

congruent_VIDEO_TTrust_directed_excluded
2
8003 12573
306001 310563

Color: 100 100 100

congruent_VIDEO_TTrust_averted
2
282001	286699
420000	424658

Color: 155 155 155

congruent_VIDEO_TUntrust_directed
2
138001	142567
334001	338560

Color: 255 0 255

congruent_VIDEO_TUntrust_averted
2
256001 260563
390001 394558

Color: 155 0 155

congruent_VIDEO_TUntrust_averted_excluded
1
110002 114568

Color: 100 100 100

congruent_VIDEO_PC
2
200001 204079
360001 364073

Color: 255 255 0

congruent_VIDEO_PC_excluded
1
34002	38084

Color: 100 100 100

congruent_EVALUATION_TTrust_directed
1
228577	232618

Color: 0 255 255

congruent_EVALUATION_TTrust_averted
1
424671	428712

Color: 228 228 228

congruent_EVALUATION_TUntrust_directed
1
142581	146621

Color: 0 155 155

congruent_EVALUATION_TUntrust_averted
1
394572	398612

Color: 128 128 128

congruent_EVALUATION_PC
2
174096	178135
364089	368129

Color: 238 238 238

congruent_DECISION_TTrust_directed
2
64599	68635
234644	238681

Color: 10 40 40

congruent_DECISION_TTrust_directed_excluded
2
14652	18688
312591	316627

Color: 100 100 100

congruent_DECISION_TTrust_averted
2
288725	292762
430737	434774

Color: 140 50 0

congruent_DECISION_TUntrust_directed
2
148646	152686
340590	344626

Color: 0 30 40

congruent_DECISION_TUntrust_averted
2
262593 266629
400638 404674

Color: 240 30 0

congruent_DECISION_TUntrust_averted_excluded
1
116597 120638

Color: 100 100 100

congruent_DECISION_PC
2
206111 210152
370156 374196

Color: 0 50 70

congruent_DECISION_PC_excluded
1
40117 44152

Color: 100 100 100

congruent_FEEDBACK_TTrust_directed
2
74650	76665
244694	246710

Color: 90 10 70

congruent_FEEDBACK_TTrust_directed_excluded
2
24725	26734
322642	324657

Color: 100 100 100

congruent_FEEDBACK_TTrust_averted
2
296776	298791
438788	440803

Color: 60 20 50

congruent_FEEDBACK_TUntrust_directed
2
158697	160712
348641	350656

Color: 80 30 60

congruent_FEEDBACK_TUntrust_averted
2
272644 274659
408689 410704

Color: 40 50 20

congruent_FEEDBACK_TUntrust_averted_excluded
1
126648 128663

Color: 100 100 100

congruent_FEEDBACK_PC
2
214162 216177
380207 382222

Color: 200 200 70

congruent_FEEDBACK_PC_excluded
1
48169 50183

Color: 100 100 100

No_Response
0

Color: 90 90 90

