
FileVersion:        1

ResolutionOfTime:   msec

Experiment:         trustgame_run3

BackgroundColor:    0 0 0
TextColor:          255 255 255
TimeCourseColor:    0 170 0
TimeCourseThick:    3
ReferenceFuncColor: 113 113 255
ReferenceFuncThick: 3

NrOfConditions:     30



congruent_VIDEO_TTrust_directed
2
278077	282633
388077	392647

Color: 255 255 255

congruent_VIDEO_TTrust_directed_excluded
2
8077	12642
60077	64639

Color: 100 100 100

congruent_VIDEO_TTrust_averted
2
34077	38753
252077	256832

Color: 155 155 155

congruent_VIDEO_TUntrust_directed
2
118077	122637
330077	334632

Color: 255 0 255

congruent_VIDEO_TUntrust_averted
2
144077	148637
198078	202635

Color: 155 0 155

congruent_VIDEO_TUntrust_averted_excluded
2
90077	94639
420078	424646

Color: 100 100 100

congruent_VIDEO_PC
2
172077	176167
304078	308147

Color: 255 255 0

congruent_VIDEO_PC_excluded
2
224078	228149
358077	362146

Color: 100 100 100

congruent_EVALUATION_TTrust_directed
1
64653	68755

Color: 0 255 255

congruent_EVALUATION_TTrust_averted
0

Color: 228 228 228

congruent_EVALUATION_TUntrust_directed
0

Color: 0 155 155

congruent_EVALUATION_TUntrust_averted
2
148650	152752
424660	428762

Color: 128 128 128

congruent_EVALUATION_PC
2
228165	232268
362162	366264

Color: 238 238 238

congruent_DECISION_TTrust_directed
2
284664	288765
398811	402914

Color: 10 40 40

congruent_DECISION_TTrust_directed_excluded
2
14721	18823
70785	74887

Color: 100 100 100

congruent_DECISION_TTrust_averted
2
40786	44887
258864	262966

Color: 140 50 0

congruent_DECISION_TUntrust_directed
2
124667	128769
336663	340763

Color: 0 30 40

congruent_DECISION_TUntrust_averted
2
154783	158884
204666	208766

Color: 240 30 0

congruent_DECISION_TUntrust_averted_excluded
2
96668	100773
430794	434894

Color: 100 100 100

congruent_DECISION_PC
2
178199	182301
310180	314280

Color: 0 50 70

congruent_DECISION_PC_excluded
2
234298	238404
368295	372396

Color: 100 100 100

congruent_FEEDBACK_TTrust_directed
2
294781	296796
408929	410944

Color: 90 10 70

congruent_FEEDBACK_TTrust_directed_excluded
2
24861	26869
80903	82918

Color: 100 100 100

congruent_FEEDBACK_TTrust_averted
2
48905	50919
268982	270997

Color: 60 20 50

congruent_FEEDBACK_TUntrust_directed
2
132785	134800
346780	348795

Color: 80 30 60

congruent_FEEDBACK_TUntrust_averted
2
162901	164916
212783	214798

Color: 40 50 20

congruent_FEEDBACK_TUntrust_averted_excluded
2
106786	108801
438911	440926

Color: 100 100 100

congruent_FEEDBACK_PC
2
188317	190332
318297	320313

Color: 200 200 70

congruent_FEEDBACK_PC_excluded
2
242416	244431
376413	378428

Color: 100 100 100

No_Response
1
392678	396783

Color: 90 90 90

