
FileVersion:        1

ResolutionOfTime:   msec

Experiment:         trustgame_run2

BackgroundColor:    0 0 0
TextColor:          255 255 255
TimeCourseColor:    0 170 0
TimeCourseThick:    3
ReferenceFuncColor: 113 113 255
ReferenceFuncThick: 3

NrOfConditions:     30



congruent_VIDEO_TTrust_directed
2
138077	142640
280076	284638
Color: 255 255 255

congruent_VIDEO_TTrust_directed_excluded
2
228076	232639
306076	310636

Color: 100 100 100

congruent_VIDEO_TTrust_averted
2
8077	12756
32077	36734

Color: 155 155 155

congruent_VIDEO_TUntrust_directed
2
112077	116641
362076	366635

Color: 255 0 255

congruent_VIDEO_TUntrust_averted
2
84077	88641
196077	200639

Color: 155 0 155

congruent_VIDEO_TUntrust_averted_excluded
2
256076	260637
388076	392635

Color: 100 100 100

congruent_VIDEO_PC
2
168077	172154
338076	342150

Color: 255 255 0

congruent_VIDEO_PC_excluded
2
56077	60157
418076	422149

Color: 100 100 100

congruent_EVALUATION_TTrust_directed
2
142655	146760
310651	314752

Color: 0 255 255

congruent_EVALUATION_TTrust_averted
0

Color: 228 228 228

congruent_EVALUATION_TUntrust_directed
0

Color: 0 155 155

congruent_EVALUATION_TUntrust_averted
2
200670	204776
392649	396750

Color: 128 128 128

congruent_EVALUATION_PC
2
172171	176272
422165	426266

Color: 238 238 238

congruent_DECISION_TTrust_directed
2
148788	152893
286668	290769

Color: 10 40 40

congruent_DECISION_TTrust_directed_excluded
2
234669	238771
316784	320886

Color: 100 100 100

congruent_DECISION_TTrust_averted
2
14842	18944
38757	42859

Color: 140 50 0

congruent_DECISION_TUntrust_directed
2
118672	122773
368666	372767

Color: 0 30 40

congruent_DECISION_TUntrust_averted
2
90673	94774
206803	210904

Color: 240 30 0

congruent_DECISION_TUntrust_averted_excluded
2
262669	266770
398782	402883

Color: 100 100 100

congruent_DECISION_PC
2
178304	182405
344183	348285

Color: 0 50 70

congruent_DECISION_PC_excluded
2
62190	66291
428298	432399

Color: 100 100 100

congruent_FEEDBACK_TTrust_directed
2
156905	158921
296786	298801

Color: 90 10 70

congruent_FEEDBACK_TTrust_directed_excluded
2
244787	246802
326901	328917

Color: 100 100 100

congruent_FEEDBACK_TTrust_averted
2
22982	24991
46876	48890

Color: 60 20 50

congruent_FEEDBACK_TUntrust_directed
2
128790	130805
376784	378799

Color: 80 30 60

congruent_FEEDBACK_TUntrust_averted
2
100790	102805
216921	218936

Color: 40 50 20

congruent_FEEDBACK_TUntrust_averted_excluded
2
270786	272801
408900	410915

Color: 100 100 100

congruent_FEEDBACK_PC
2
186422	188437
352301	354316

Color: 200 200 70

congruent_FEEDBACK_PC_excluded
2
72308	74323
436415	438431

Color: 100 100 100

No_Response
0

Color: 90 90 90

