
FileVersion:        1

ResolutionOfTime:   msec

Experiment:         trustgame_run3

BackgroundColor:    0 0 0
TextColor:          255 255 255
TimeCourseColor:    0 170 0
TimeCourseThick:    3
ReferenceFuncColor: 113 113 255
ReferenceFuncThick: 3

NrOfConditions:     21



congruent_VIDEO_TTrust_directed
2
60003	64558
278003	282570

Color: 255 255 255

congruent_VIDEO_TTrust_directed_excluded
2
8003	12578
388002	392568

Color: 100 100 100

congruent_VIDEO_TTrust_averted
2
34003	38678
252003	256759

Color: 155 155 155

congruent_VIDEO_TUntrust_directed
2
118003	122557
330003	334570

Color: 255 0 255

congruent_VIDEO_TUntrust_averted
2
90003	94557
198002	202555

Color: 155 0 155

congruent_VIDEO_TUntrust_averted_excluded
2
144003	148557
420003	424567

Color: 100 100 100

congruent_VIDEO_PC
4
172003	176087
304002	308068

Color: 255 255 0

congruent_VIDEO_PC_excluded
2
224003	228070
358002	362083

Color: 100 100 100

congruent_EVALUATION_TTrust_directed
2
64574	68611
392582	396623

Color: 0 255 255

congruent_EVALUATION_TTrust_averted
0

Color: 228 228 228

congruent_EVALUATION_TUntrust_directed
0

Color: 0 155 155

congruent_EVALUATION_TUntrust_averted
2
148571	152611
424582	428618

Color: 128 128 128

congruent_EVALUATION_PC
2
228086	232126
362100	366136

Color: 238 238 238

congruent_DECISION_TTrust_directed
2
70639	74674
284601	288638

Color: 10 40 40

congruent_DECISION_TTrust_directed_excluded
2
14658	18697
398649	402685

Color: 100 100 100

congruent_DECISION_TTrust_averted
2
40706	44742
258785	262822

Color: 140 50 0

congruent_DECISION_TUntrust_directed
2
124588	128623
336600	340637

Color: 0 30 40

congruent_DECISION_TUntrust_averted
2
96588	100629
204586	208623

Color: 240 30 0

congruent_DECISION_TUntrust_averted_excluded
2
154637	158673
430648	434686

Color: 100 100 100

congruent_DECISION_PC
2
178120	182157
310101	314137

Color: 0 50 70

congruent_DECISION_PC_excluded
2
234152	238189
368166	372202

Color: 100 100 100

congruent_FEEDBACK_TTrust_directed
2
80690	82705
294652	296667

Color: 90 10 70

congruent_FEEDBACK_TTrust_directed_excluded
2
24730	26740
408700	410715

Color: 100 100 100

congruent_FEEDBACK_TTrust_averted
2
48759	50772
268836	270851

Color: 60 20 50

congruent_FEEDBACK_TUntrust_directed
2
132639	134654
346651	348666

Color: 80 30 60

congruent_FEEDBACK_TUntrust_averted
2
106639	108654
212637	214652

Color: 40 50 20

congruent_FEEDBACK_TUntrust_averted_excluded
2
162688	164703
438699	440714

Color: 100 100 100

congruent_FEEDBACK_PC
2
188171	190186
318152	320167

Color: 200 200 70

congruent_FEEDBACK_PC_excluded
2
242203	244218
376217	378232

Color: 100 100 100

No_Response
0

Color: 90 90 90

