
FileVersion:        1

ResolutionOfTime:   msec

Experiment:         trustgame_run4

BackgroundColor:    0 0 0
TextColor:          255 255 255
TimeCourseColor:    0 170 0
TimeCourseThick:    3
ReferenceFuncColor: 113 113 255
ReferenceFuncThick: 3

NrOfConditions:     30



congruent_VIDEO_TTrust_directed
2
6003	10578
30003	34558

Color: 255 255 255

congruent_VIDEO_TTrust_directed_excluded
2
218004	222572
274004	278570

Color: 100 100 100

congruent_VIDEO_TTrust_averted
2
84003	88676
140004	144761

Color: 155 155 155

congruent_VIDEO_TUntrust_directed
2
114004	118573
302004	306569

Color: 255 0 255

congruent_VIDEO_TUntrust_averted
2
56003	60557
246003 250570

Color: 155 0 155

congruent_VIDEO_TUntrust_averted_excluded
2
354004 358569
378004 382568

Color: 100 100 100

congruent_VIDEO_PC
2
168003	172104
192004 196087

Color: 255 255 0

congruent_VIDEO_PC_excluded
2
330004 334084
404004 408082

Color: 100 100 100

congruent_EVALUATION_TTrust_directed
1
278585 280229

Color: 0 255 255

congruent_EVALUATION_TTrust_averted
1
88689 91571

Color: 228 228 228

congruent_EVALUATION_TUntrust_directed
0

Color: 0 155 155

congruent_EVALUATION_TUntrust_averted
2
250585 252792
382582 385066

Color: 128 128 128

congruent_EVALUATION_PC
2
196103 197762
408098 410059

Color: 238 238 238

congruent_DECISION_TTrust_directed
2
12657	16699
36590	40631

Color: 10 40 40

congruent_DECISION_TTrust_directed_excluded
2
224602	228638
282251	286286

Color: 100 100 100

congruent_DECISION_TTrust_averted
2
93605	97642
146787	150824

Color: 140 50 0

congruent_DECISION_TUntrust_directed
2
120604	124640
308600	312636

Color: 0 30 40

congruent_DECISION_TUntrust_averted
2
62589	66625
254818 258854

Color: 240 30 0

congruent_DECISION_TUntrust_averted_excluded
2
360599 364636
387099 391135

Color: 100 100 100

congruent_DECISION_PC
2
174137	178172
199786 203822

Color: 0 50 70

congruent_DECISION_PC_excluded
2
336116 340153
412081 416118

Color: 100 100 100

congruent_FEEDBACK_TTrust_directed
2
20730	22739
46641	48656

Color: 90 10 70

congruent_FEEDBACK_TTrust_directed_excluded
2
234653	236668
292302	294317

Color: 100 100 100

congruent_FEEDBACK_TTrust_averted
2
103656	105671
156838	158853

Color: 60 20 50

congruent_FEEDBACK_TUntrust_directed
2
130655	132670
318651	320666

Color: 80 30 60

congruent_FEEDBACK_TUntrust_averted
2
72640	74655
262869 264884

Color: 40 50 20

congruent_FEEDBACK_TUntrust_averted_excluded
2
368650 370665
395149 397165

Color: 100 100 100

congruent_FEEDBACK_PC
2
182187	184203
207837 209852

Color: 200 200 70

congruent_FEEDBACK_PC_excluded
2
344167 346183
420132 422148

Color: 100 100 100

No_Response
0

Color: 90 90 90

