
FileVersion:        1

ResolutionOfTime:   msec

Experiment:         trustgame_run4

BackgroundColor:    0 0 0
TextColor:          255 255 255
TimeCourseColor:    0 170 0
TimeCourseThick:    3
ReferenceFuncColor: 113 113 255
ReferenceFuncThick: 3

NrOfConditions:     30



congruent_VIDEO_TTrust_directed
2
112077	116642
300078	304639

Color: 255 255 255

congruent_VIDEO_TTrust_directed_excluded
2
324079	328638
350079	354637

Color: 100 100 100

congruent_VIDEO_TTrust_averted
2
34077	38750
62077	66832

Color: 155 155 155

congruent_VIDEO_TUntrust_directed
2
376079	380636
402079	406636

Color: 255 0 255

congruent_VIDEO_TUntrust_averted
2
88077	92642
244078	248639

Color: 155 0 155

congruent_VIDEO_TUntrust_averted_excluded
2
8077	12647
190078	194640

Color: 100 100 100

congruent_VIDEO_PC
2
140078	144157
216078	220155

Color: 255 255 0

congruent_VIDEO_PC_excluded
2
166078	170156
272078	276154

Color: 100 100 100

congruent_EVALUATION_TTrust_directed
2
116657	118222
354668	356205

Color: 0 255 255

congruent_EVALUATION_TTrust_averted
0

Color: 228 228 228

congruent_EVALUATION_TUntrust_directed
1
406651	408552

Color: 0 155 155

congruent_EVALUATION_TUntrust_averted
1
194655	196640

Color: 128 128 128

congruent_EVALUATION_PC
2
170172	171815
276170	277680

Color: 238 238 238

congruent_DECISION_TTrust_directed
2
120256	124360
306669	310771

Color: 10 40 40

congruent_DECISION_TTrust_directed_excluded
2
330669	334770
358235	362336

Color: 100 100 100

congruent_DECISION_TTrust_averted
2
40775	44876
68858	72960

Color: 140 50 0

congruent_DECISION_TUntrust_directed
2
382668	386772
410584	414686

Color: 0 30 40

congruent_DECISION_TUntrust_averted
2
94674	98777
250670	254773

Color: 240 30 0

congruent_DECISION_TUntrust_averted_excluded
2
14726	18828
198671	202775

Color: 240 30 0

congruent_DECISION_PC
2
146189	150292
222188	226293

Color: 0 50 70

congruent_DECISION_PC_excluded
2
173839	177942
279703	283806

Color: 100 100 100

congruent_FEEDBACK_TTrust_directed
2
130374	132389
314787	316802

Color: 90 10 70

congruent_FEEDBACK_TTrust_directed_excluded
2
338786	340802
366352	368368

Color: 100 100 100

congruent_FEEDBACK_TTrust_averted
2
50894	52908
76975	78990

Color: 60 20 50

congruent_FEEDBACK_TUntrust_directed
2
390785	392801
420701	422717

Color: 80 30 60

congruent_FEEDBACK_TUntrust_averted
2
102791	104806
260788	262803

Color: 40 50 20

congruent_FEEDBACK_TUntrust_averted_excluded
2
24866	26875
206789	208804

Color: 100 100 100

congruent_FEEDBACK_PC
2
156307	158322
232305	234320

Color: 200 200 70

congruent_FEEDBACK_PC_excluded
2
181956	183971
289821	291836

Color: 100 100 100

No_Response
0

Color: 90 90 90

