
FileVersion:        1

ResolutionOfTime:   msec

Experiment:         trustgame_run4

BackgroundColor:    0 0 0
TextColor:          255 255 255
TimeCourseColor:    0 170 0
TimeCourseThick:    3
ReferenceFuncColor: 113 113 255
ReferenceFuncThick: 3

NrOfConditions:     30



congruent_VIDEO_TTrust_directed
2
60003 64565
330005 334560

Color: 255 255 255

congruent_VIDEO_TTrust_directed_excluded
2
34003 38568
274005 278561

Color: 100 100 100

congruent_VIDEO_TTrust_averted
2
112003 116678
196004 200761

Color: 155 155 155

congruent_VIDEO_TUntrust_directed
2
250004 254561
298005 302560

Color: 255 0 255

congruent_VIDEO_TUntrust_averted
2
140004 144563
222004 226562

Color: 155 0 155

congruent_VIDEO_TUntrust_averted_excluded
2
88003 92564
166004 170562

Color: 100 100 100

congruent_VIDEO_PC
2
360004 364074
418005 422073

Color: 255 255 0

congruent_VIDEO_PC_excluded
2
8003 12080
392005 396073

Color: 100 100 100

congruent_EVALUATION_TTrust_directed
1
334574 338679

Color: 0 255 255

congruent_EVALUATION_TTrust_averted
1
116695 120801

Color: 228 228 228

congruent_EVALUATION_TUntrust_directed
1
302575 306680

Color: 0 155 155

congruent_EVALUATION_TUntrust_averted
1
170577 174678

Color: 128 128 128

congruent_EVALUATION_PC
2
364090 368196
422089 426195

Color: 238 238 238

congruent_DECISION_TTrust_directed
2
66596 70701
340707 344813

Color: 10 40 40

congruent_DECISION_TTrust_directed_excluded
2
40596 44697
280592 284692

Color: 100 100 100

congruent_DECISION_TTrust_averted
2
122828 126929
202793 206895

Color: 140 50 0

congruent_DECISION_TUntrust_directed
2
256592 260698
308708 312808

Color: 0 30 40

congruent_DECISION_TUntrust_averted
2
146594 150695
228593 232698

Color: 240 30 0

congruent_DECISION_TUntrust_averted_excluded
2
94595 98696
176710 180811

Color: 100 100 100

congruent_DECISION_PC
2
370223 374324
428223 432328

Color: 0 50 70

congruent_DECISION_PC_excluded
2
14164 18266
398106 402208

Color: 100 100 100

congruent_FEEDBACK_TTrust_directed
2
76713 78728
348825 350840

Color: 90 10 70

congruent_FEEDBACK_TTrust_directed_excluded
2
50715 52729
288709 290724

Color: 100 100 100

congruent_FEEDBACK_TTrust_averted
2
130945 132961
210911 212926

Color: 60 20 50

congruent_FEEDBACK_TUntrust_directed
2
264710 266725
318825 320841

Color: 80 30 60

congruent_FEEDBACK_TUntrust_averted
2
156712 158727
238710 240725

Color: 40 50 20

congruent_FEEDBACK_TUntrust_averted_excluded
2
102713 104728
186828 188843

Color: 100 100 100

congruent_FEEDBACK_PC
2
380341 382356
436340 438355

Color: 200 200 70

congruent_FEEDBACK_PC_excluded
2
24303 26313
406224 408239

Color: 100 100 100

Video_NO_RESPONSE
0
Color: 80 80 80

Evaluation_NO_RESPONSE
3
92564 92564
254561 254561
278561 278561
Color: 0 90 90

Decision_NO_RESPONSE
0
Color: 90 0 90

Feedback_NO_RESPONSE
0
Color: 90 90 0