
FileVersion:        1

ResolutionOfTime:   msec

Experiment:         trustgame_run1

BackgroundColor:    0 0 0
TextColor:          255 255 255
TimeCourseColor:    0 170 0
TimeCourseThick:    3
ReferenceFuncColor: 113 113 255
ReferenceFuncThick: 3

NrOfConditions:     30



congruent_VIDEO_TTrust_directed
2
8003	12579
418000	422563

Color: 255 255 255

congruent_VIDEO_TTrust_directed_excluded
2
170002	174573
194001	198571

Color: 100 100 100

congruent_VIDEO_TTrust_averted
2
336001	340703
362001	366661

Color: 155 155 155

congruent_VIDEO_TUntrust_directed
2
34002	38575
114002	118574

Color: 255 0 255

congruent_VIDEO_TUntrust_averted
2
58002 62557
388001	392564

Color: 155 0 155

congruent_VIDEO_TUntrust_averted_excluded
2
142002 146572
312001 316566

Color: 100 100 100

congruent_VIDEO_PC
2
224001 228083
256001 260083

Color: 255 255 0

congruent_VIDEO_PC_excluded
1
282001 286082

Color: 100 100 100

congruent_EVALUATION_TTrust_directed
2
198584	202690
422577	426682

Color: 0 255 255

congruent_EVALUATION_TTrust_averted
0

Color: 228 228 228

congruent_EVALUATION_TUntrust_directed
1
118588	122694

Color: 0 155 155

congruent_EVALUATION_TUntrust_averted
1
392578	396679

Color: 128 128 128

congruent_EVALUATION_PC
2
228100	232205
286098	290203

Color: 238 238 238

congruent_DECISION_TTrust_directed
2
14674	18755
428710	432815

Color: 10 40 40

congruent_DECISION_TTrust_directed_excluded
2
176601	180707
204717	208819

Color: 100 100 100

congruent_DECISION_TTrust_averted
2
342730	346834
368695	372796

Color: 140 50 0

congruent_DECISION_TUntrust_directed
2
40606	44688
124720	128824

Color: 0 30 40

congruent_DECISION_TUntrust_averted
2
64588	68693
398711 402816

Color: 240 30 0

congruent_DECISION_TUntrust_averted_excluded
2
148602 152707
318597 322702

Color: 100 100 100

congruent_DECISION_PC
2
234233 238337
262115 266220

Color: 0 50 70

congruent_DECISION_PC_excluded
1
292231 296336

Color: 100 100 100

congruent_FEEDBACK_TTrust_directed
2
24798	26806
436828	438843

Color: 90 10 70


congruent_FEEDBACK_TTrust_directed_excluded
2
184719	186734
214835	216850

Color: 100 100 100

congruent_FEEDBACK_TTrust_averted
2
350847	352862
376813	378828

Color: 60 20 50

congruent_FEEDBACK_TUntrust_directed
2
48708	50722
132837	134852

Color: 80 30 60

congruent_FEEDBACK_TUntrust_averted
2
74706 76721
406829 408844

Color: 40 50 20


congruent_FEEDBACK_TTrust_averted_excluded
2
158720 160735
326714 328730

Color: 100 100 100

congruent_FEEDBACK_PC
2
244350 246365
272233 274248

Color: 200 200 70

congruent_FEEDBACK_PC_excluded
1
302349 304364

Color: 100 100 100

No_Response
0

Color: 90 90 90

