
FileVersion:        1

ResolutionOfTime:   msec

Experiment:         trustgame_run2

BackgroundColor:    0 0 0
TextColor:          255 255 255
TimeCourseColor:    0 170 0
TimeCourseThick:    3
ReferenceFuncColor: 113 113 255
ReferenceFuncThick: 3

NrOfConditions:     30



congruent_VIDEO_TTrust_directed
2
34003	38573
146002	150570

Color: 255 255 255

congruent_VIDEO_TTrust_directed_excluded
2
114002	118571
388001	392562

Color: 100 100 100

congruent_VIDEO_TTrust_averted
2
8003	12683
254001	258660

Color: 155 155 155

congruent_VIDEO_TUntrust_directed
2
170001	174569
280001	284567

Color: 255 0 255

congruent_VIDEO_TUntrust_averted
2
60003	64571
88002	92571

Color: 155 0 155

congruent_VIDEO_TUntrust_averted_excluded
2
362001	366563
420001	424560

Color: 100 100 100

congruent_VIDEO_PC
2
224001	228081
332001	336078

Color: 255 255 0

congruent_VIDEO_PC_excluded
2
200001	204082
308001	312079

Color: 100 100 100

congruent_EVALUATION_TTrust_directed
2
118585	122627
392576	396616

Color: 0 255 255

congruent_EVALUATION_TTrust_averted
0

Color: 228 228 228

congruent_EVALUATION_TUntrust_directed
1
174582	178623

Color: 0 155 155

congruent_EVALUATION_TUntrust_averted
1
424575	428615

Color: 128 128 128

congruent_EVALUATION_PC
2
228097	232137
336094	340133

Color: 238 238 238

congruent_DECISION_TTrust_directed
2
40603	44643
152600	156640

Color: 10 40 40

congruent_DECISION_TTrust_directed_excluded
2
124651	128691
398642	402682

Color: 10 40 40

congruent_DECISION_TTrust_averted
2
14755	18791
260680	264717

Color: 140 50 0

congruent_DECISION_TUntrust_directed
2
180649	184689
286596	290636

Color: 0 30 40

congruent_DECISION_TUntrust_averted
2
66602	70642
94601	98639

Color: 240 30 0

congruent_DECISION_TUntrust_averted_excluded
2
368593	372633
430641	434678

Color: 100 100 100

congruent_DECISION_PC
2
234164	238204
342161	346200

Color: 0 50 70

congruent_DECISION_PC_excluded
2
206115	210155
314111	318151

Color: 100 100 100

congruent_FEEDBACK_TTrust_directed
2
50656	52669
160650	162666

Color: 90 10 70

congruent_FEEDBACK_TTrust_directed_excluded
2
134701	136717
408693	410708

Color: 100 100 100

congruent_FEEDBACK_TTrust_averted
2
22828	24837
270731	272746

Color: 60 20 50

congruent_FEEDBACK_TUntrust_directed
2
188700	190715
296647	298662

Color: 80 30 60

congruent_FEEDBACK_TUntrust_averted
2
76653	78668
104652	106667

Color: 40 50 20

congruent_FEEDBACK_TUntrust_averted_excluded
2
376644	378659
438692	440707

Color: 100 100 100

congruent_FEEDBACK_PC
2
242215	244230
352211	354227

Color: 200 200 70

congruent_FEEDBACK_PC_excluded
2
214166	216181
322162	324178

Color: 100 100 100

No_Response
0

Color: 90 90 90

