
FileVersion:        1

ResolutionOfTime:   msec

Experiment:         trustgame_run2

BackgroundColor:    0 0 0
TextColor:          255 255 255
TimeCourseColor:    0 170 0
TimeCourseThick:    3
ReferenceFuncColor: 113 113 255
ReferenceFuncThick: 3

NrOfConditions:     30



congruent_VIDEO_TTrust_directed
2
170003	174575
418005	422568

Color: 255 255 255

congruent_VIDEO_TTrust_directed_excluded
2
8003	12580
194003	198574

Color: 100 100 100

congruent_VIDEO_TTrust_averted
2
336005	340704
362005	366661

Color: 155 155 155

congruent_VIDEO_TUntrust_directed
2
34003	38562
114004	118575

Color: 255 0 255

congruent_VIDEO_TUntrust_averted
2
58003	62559
142004	146575

Color: 155 0 155

congruent_VIDEO_TUntrust_averted_excluded
2
312005	316572
388005	392569

Color: 100 100 100

congruent_VIDEO_PC
2
224004	228071
256004	260087

Color: 255 255 0

congruent_VIDEO_PC_excluded
2
86004	90124
282004	286070

Color: 100 100 100

congruent_EVALUATION_TTrust_directed
2
198588	202629
422584	426624

Color: 0 255 255

congruent_EVALUATION_TTrust_averted
0

Color: 228 228 228

congruent_EVALUATION_TUntrust_directed
1
118590	122632

Color: 0 155 155

congruent_EVALUATION_TUntrust_averted
1
392584	396624

Color: 128 128 128

congruent_EVALUATION_PC
2
228088	232127
286086	290124

Color: 238 238 238

congruent_DECISION_TTrust_directed
2
176605	180645
428650	432686

Color: 10 40 40

congruent_DECISION_TTrust_directed_excluded
2
14659	18700
204655	208695

Color: 100 100 100

congruent_DECISION_TTrust_averted
2
342735	346771
368684	372721

Color: 140 50 0

congruent_DECISION_TUntrust_directed
2
40592	44632
124656	128696

Color: 0 30 40

congruent_DECISION_TUntrust_averted
2
64591	68628
148606	152645

Color: 240 30 0

congruent_DECISION_TUntrust_averted_excluded
2
318602	322643
398651	402690

Color: 100 100 100

congruent_DECISION_PC
2
234154	238194
262120	266157

Color: 0 50 70

congruent_DECISION_PC_excluded
2
92157	96197
292153	296193

Color: 100 100 100

congruent_FEEDBACK_TTrust_directed
2
184656	186671
436701	438716

Color: 90 10 70

congruent_FEEDBACK_TTrust_directed_excluded
2
24735	26742
214705	216721

Color: 100 100 100

congruent_FEEDBACK_TTrust_averted
2
350786	352801
376735	378751

Color: 60 20 50

congruent_FEEDBACK_TUntrust_directed
2
48644	50658
132707	134722

Color: 80 30 60

congruent_FEEDBACK_TUntrust_averted
2
74642	76657
158657	160672

Color: 40 50 20

congruent_FEEDBACK_TUntrust_averted_excluded
2
326653	328668
406701	408717

Color: 100 100 100

congruent_FEEDBACK_PC
2
244205	246220
272171	274186

Color: 200 200 70

congruent_FEEDBACK_PC_excluded
2
102210	104223
302204	304219

Color: 100 100 100

No_Response
0

Color: 90 90 90

