
FileVersion:        1

ResolutionOfTime:   msec

Experiment:         trustgame_run3

BackgroundColor:    0 0 0
TextColor:          255 255 255
TimeCourseColor:    0 170 0
TimeCourseThick:    3
ReferenceFuncColor: 113 113 255
ReferenceFuncThick: 3

NrOfConditions:     30



congruent_VIDEO_TTrust_directed
2
60002	64557
387999	392563

Color: 255 255 255

congruent_VIDEO_TTrust_directed_excluded
2
8003	12577
278001	282566

Color: 100 100 100

congruent_VIDEO_TTrust_averted
2
34002	38676
252000	256757

Color: 155 155 155

congruent_VIDEO_TUntrust_directed
2
118002	122572
330000	334563

Color: 255 0 255

congruent_VIDEO_TUntrust_averted
2
144002 148571
419999 424561

Color: 155 0 155

congruent_VIDEO_TUntrust_averted_excluded
2
90002 94555
198001 202570

Color: 100 100 100

congruent_VIDEO_PC
2
224001 228083
357999 362078

Color: 255 255 0

congruent_VIDEO_PC_excluded
2
172002 176084
304000 308080

Color: 100 100 100

congruent_EVALUATION_TTrust_directed
2
64572	68612
392593	396633

Color: 0 255 255

congruent_EVALUATION_TTrust_averted
0

Color: 228 228 228

congruent_EVALUATION_TUntrust_directed
0

Color: 0 155 155

congruent_EVALUATION_TUntrust_averted
2
148585	152624
424575	428615

Color: 128 128 128

congruent_EVALUATION_PC
2
228099	232138
362094	366133

Color: 238 238 238

congruent_DECISION_TTrust_directed
2
70637 74678
398660 402699

Color: 10 40 40

congruent_DECISION_TTrust_directed_excluded
2
14657	18696
284597	288637

Color: 100 100 100

congruent_DECISION_TTrust_averted
2
40705	44745
258781	262821

Color: 140 50 0

congruent_DECISION_TUntrust_directed
2
124602	128642
336595	340636

Color: 0 30 40

congruent_DECISION_TUntrust_averted
2
154651 158691
430642 434681

Color: 240 30 0

congruent_DECISION_TUntrust_averted_excluded
2
96587 100626
204599 208640

Color: 100 100 100

congruent_DECISION_PC
2
234165 238205
368161 372200

Color: 100 100 100

congruent_DECISION_PC_excluded
2
178117 182157
310113 314153

Color: 100 100 100

congruent_FEEDBACK_TTrust_directed
2
80688	82703
408710	410726

Color: 90 10 70

congruent_FEEDBACK_TTrust_directed_excluded
2
24730	26739
294648	296663

Color: 100 100 100

congruent_FEEDBACK_TTrust_averted
2
48758	50771
268832	270847

Color: 60 20 50

congruent_FEEDBACK_TUntrust_directed
2
132653	134668
346646	348661

Color: 80 30 60

congruent_FEEDBACK_TUntrust_averted
2
162702 164717
438693 440708

Color: 40 50 20

congruent_FEEDBACK_TUntrust_averted_excluded
2
106637 108652
212650 214666

Color: 100 100 100

congruent_FEEDBACK_PC
2
242216 244231
376212 378227

Color: 200 200 70

congruent_FEEDBACK_PC_excluded
2
188168 190183
318163 320179

Color: 100 100 100

No_Response
0

Color: 90 90 90

