
FileVersion:        1

ResolutionOfTime:   msec

Experiment:         trustgame_run1

BackgroundColor:    0 0 0
TextColor:          255 255 255
TimeCourseColor:    0 170 0
TimeCourseThick:    3
ReferenceFuncColor: 113 113 255
ReferenceFuncThick: 3

NrOfConditions:     30



congruent_VIDEO_TTrust_directed
2
8078	12643
170076	174637

Color: 255 255 255

congruent_VIDEO_TTrust_directed_excluded
2
194076	198637
418075	422634

Color: 100 100 100

congruent_VIDEO_TTrust_averted
2
336076	340778
362076	366732

Color: 155 155 155

congruent_VIDEO_TUntrust_directed
2
34076	38640
114076	118638

Color: 255 0 255

congruent_VIDEO_TUntrust_averted
2
142076	146638
312076	316634

Color: 155 0 155

congruent_VIDEO_TUntrust_averted_excluded
2
58076	62639
388075	392633

Color: 100 100 100

congruent_VIDEO_PC
2
86076	90204
282076	286150

Color: 255 255 0

congruent_VIDEO_PC_excluded
2
224076	228151
256076	260151

Color: 100 100 100

congruent_EVALUATION_TTrust_directed
2
198652	202757
422647	426748

Color: 0 255 255

congruent_EVALUATION_TTrust_averted
0

Color: 228 228 228

congruent_EVALUATION_TUntrust_directed
1
118654	122760

Color: 0 155 155

congruent_EVALUATION_TUntrust_averted
1
392648	396753

Color: 128 128 128

congruent_EVALUATION_PC
2
228168	232273
286166	290269

Color: 238 238 238

congruent_DECISION_TTrust_directed
2
14739	18845
176669	180770

Color: 10 40 40

congruent_DECISION_TTrust_directed_excluded
2
204785	208890
428780	432882

Color: 100 100 100

congruent_DECISION_TTrust_averted
2
342798	346900
368765	372865

Color: 140 50 0

congruent_DECISION_TUntrust_directed
2
40671	44777
124786	128892

Color: 0 30 40

congruent_DECISION_TUntrust_averted
2
148669	152775
318666	322767

Color: 240 30 0

congruent_DECISION_TUntrust_averted_excluded
2
64671	68777
398781	402882

Color: 100 100 100

congruent_DECISION_PC
2
92237	96338
292300	296405

Color: 0 50 70

congruent_DECISION_PC_excluded
2
234301	238407
262184	266289

Color: 100 100 100

congruent_FEEDBACK_TTrust_directed
2
24879	26888
184786	186801

Color: 90 10 70

congruent_FEEDBACK_TTrust_directed_excluded
2
214902	216917
436898	438913

Color: 100 100 100

congruent_FEEDBACK_TTrust_averted
2
350916	352931
376882	378897

Color: 60 20 50

congruent_FEEDBACK_TUntrust_directed
2
48791	50804
132904	134919

Color: 80 30 60

congruent_FEEDBACK_TUntrust_averted
2
158787	160802
326783	328798

Color: 40 50 20

congruent_FEEDBACK_TUntrust_averted_excluded
2
74789	76804
406898	408913

Color: 100 100 100

congruent_FEEDBACK_PC
2
102355	104370
302417	304432

Color: 200 200 70

congruent_FEEDBACK_PC_excluded
2
244418	246434
272301	274316

Color: 100 100 100

No_Response
0

Color: 90 90 90

