
FileVersion:        1

ResolutionOfTime:   msec

Experiment:         trustgame_run2

BackgroundColor:    0 0 0
TextColor:          255 255 255
TimeCourseColor:    0 170 0
TimeCourseThick:    3
ReferenceFuncColor: 113 113 255
ReferenceFuncThick: 3

NrOfConditions:     30



congruent_VIDEO_TTrust_directed
2
138001	142562
228001	232558

Color: 255 255 255

congruent_VIDEO_TTrust_directed_excluded
2
280000	284557
306000	310557

Color: 100 100 100

congruent_VIDEO_TTrust_averted
2
8002	12681
32002	36658

Color: 155 155 155

congruent_VIDEO_TUntrust_directed
2
362000	366554
112002	116562

Color: 255 0 255

congruent_VIDEO_TUntrust_averted
2
84002	88563
388000	392554

Color: 155 0 155

congruent_VIDEO_TUntrust_averted_excluded
2
196001	200561
256006	260573

Color: 100 100 100

congruent_VIDEO_PC
2
56002	60079
417999	422067

Color: 255 255 0

congruent_VIDEO_PC_excluded
2
168001	172075
337999	342070

Color: 100 100 100

congruent_EVALUATION_TTrust_directed
2
142577	146617
310571	314610

Color: 0 255 255

congruent_EVALUATION_TTrust_averted
0

Color: 228 228 228

congruent_EVALUATION_TUntrust_directed
0

Color: 0 155 155

congruent_EVALUATION_TUntrust_averted
2
200574	204614
392568	396604

Color: 128 128 128

congruent_EVALUATION_PC
2
172092	176131
422084	426124

Color: 238 238 238

congruent_DECISION_TTrust_directed
2
148642	152683
234590	238630

Color: 10 40 40

congruent_DECISION_TTrust_directed_excluded
2
286588	290628
316637	320678

Color: 100 100 100

congruent_DECISION_TTrust_averted
2
14764	18801
38679	42715

Color: 140 50 0

congruent_DECISION_TUntrust_directed
2
368585	372621
118593	122634

Color: 0 30 40

congruent_DECISION_TUntrust_averted
2
90594	94634
398634	402675

Color: 240 30 0

congruent_DECISION_TUntrust_averted_excluded
2
206641	210680
262605	266646

Color: 100 100 100

congruent_DECISION_PC
2
62112	66152
428150	432186

Color: 0 50 70

congruent_DECISION_PC_excluded
2
178158	182195
344103	348143

Color: 100 100 100

congruent_FEEDBACK_TTrust_directed
2
156693	158708
244641	246656

Color: 90 10 70

congruent_FEEDBACK_TTrust_directed_excluded
2
296639	298654
326688	328703

Color: 100 100 100

congruent_FEEDBACK_TTrust_averted
2
22837	24846
46732	48745

Color: 60 20 50

congruent_FEEDBACK_TUntrust_directed
2
376636	378651
128644	130659

Color: 80 30 60

congruent_FEEDBACK_TUntrust_averted
2
100645	102660
408685	410700

Color: 40 50 20

congruent_FEEDBACK_TUntrust_averted_excluded
2
216692	218707
270656	272671

Color: 100 100 100

congruent_FEEDBACK_PC
2
72163	74178
436201	438216

Color: 200 200 70

congruent_FEEDBACK_PC_excluded
2
186209	188224
352154	354169

Color: 100 100 100

No_Response
0

Color: 90 90 90

