
FileVersion:        1

ResolutionOfTime:   msec

Experiment:         trustgame_run1

BackgroundColor:    0 0 0
TextColor:          255 255 255
TimeCourseColor:    0 170 0
TimeCourseThick:    3
ReferenceFuncColor: 113 113 255
ReferenceFuncThick: 3

NrOfConditions:     30



congruent_VIDEO_TTrust_directed
2
170076	174631
418075	422643

Color: 255 255 255

congruent_VIDEO_TTrust_directed_excluded
2
8077	12654
194075	198631

Color: 100 100 100

congruent_VIDEO_TTrust_averted
2
336075	340775
362075	366731

Color: 155 155 155

congruent_VIDEO_TUntrust_directed
2
34077	38634
114076	118632

Color: 255 0 255

congruent_VIDEO_TUntrust_averted
2
142076 146632
388075 392626

Color: 155 0 155

congruent_VIDEO_TUntrust_averted_excluded
2
58077 62632
312075 316628

Color: 100 100 100

congruent_VIDEO_PC
4
224075	228145
282075	286144

Color: 255 255 0

congruent_VIDEO_PC_excluded
2
86076	90215
256075 260144

Color: 100 100 100

congruent_EVALUATION_TTrust_directed
2
198645	202751
422658	426763

Color: 0 255 255

congruent_EVALUATION_TTrust_averted
0

Color: 228 228 228

congruent_EVALUATION_TUntrust_directed
1
118648	122754

Color: 0 155 155

congruent_EVALUATION_TUntrust_averted
1
392642	396743

Color: 128 128 128

congruent_EVALUATION_PC
2
228161	232263
286160	290266

Color: 238 238 238

congruent_DECISION_TTrust_directed
2
176662	180764
428791	432891

Color: 10 40 40

congruent_DECISION_TTrust_directed_excluded
2
14750	18835
204778	208884

Color: 100 100 100

congruent_DECISION_TTrust_averted
2
342809	346914
368758	372864

Color: 140 50 0

congruent_DECISION_TUntrust_directed
2
40665	44751
124780	128885

Color: 0 30 40

congruent_DECISION_TUntrust_averted
2
148663 152764
398775 402876

Color: 240 30 0

congruent_DECISION_TUntrust_averted_excluded
2
64664 68770
318660 322761

Color: 100 100 100

congruent_DECISION_PC
2
234294 238396
292293	296395

Color: 0 50 70

congruent_DECISION_PC_excluded
2
92247	96348
262177 266278

Color: 100 100 100

congruent_FEEDBACK_TTrust_directed
2
184780	186795
436908	438923

Color: 90 10 70

congruent_FEEDBACK_TTrust_directed_excluded
2
24873	26882
214896	216911

Color: 100 100 100

congruent_FEEDBACK_TTrust_averted
2
350927	352942
376876	378891

Color: 60 20 50

congruent_FEEDBACK_TUntrust_directed
2
48768	50781
132898	134913

Color: 80 30 60

congruent_FEEDBACK_TUntrust_averted
2
158781 160796
406892 408907

Color: 40 50 20

congruent_FEEDBACK_TUntrust_averted_excluded
2
74782 76797
326777 328792

Color: 100 100 100

congruent_FEEDBACK_PC
2
244412 246427
302411	304426

Color: 200 200 70

congruent_FEEDBACK_PC_excluded
2
102365	104380
272295 274310

Color: 100 100 100

No_Response
0

Color: 90 90 90

