
FileVersion:        1

ResolutionOfTime:   msec

Experiment:         trustgame_run2

BackgroundColor:    0 0 0
TextColor:          255 255 255
TimeCourseColor:    0 170 0
TimeCourseThick:    3
ReferenceFuncColor: 113 113 255
ReferenceFuncThick: 3

NrOfConditions:     30



congruent_VIDEO_TTrust_directed
2
138077	142636
280077	284633

Color: 255 255 255

congruent_VIDEO_TTrust_directed_excluded
2
228077	232634
306077	310633

Color: 100 100 100

congruent_VIDEO_TTrust_averted
2
8077	12756
32077	36737

Color: 155 155 155

congruent_VIDEO_TUntrust_directed
2
112077	116636
362078	366649

Color: 255 0 255

congruent_VIDEO_TUntrust_averted
2
84077 88637
256077 260633

Color: 155 0 155

congruent_VIDEO_TUntrust_averted_excluded
2
196078 200634
388078 392648

Color: 100 100 100

congruent_VIDEO_PC
2
56077	60169
418078	422145

Color: 255 255 0

congruent_VIDEO_PC_excluded
1
168078 172150

Color: 100 100 100

congruent_EVALUATION_TTrust_directed
2
142650	146756
310647	314752

Color: 0 255 255

congruent_EVALUATION_TTrust_averted
0

Color: 228 228 228

congruent_EVALUATION_TUntrust_directed
0

Color: 0 155 155

congruent_EVALUATION_TUntrust_averted
2
200649	204754
392662	396767

Color: 128 128 128

congruent_EVALUATION_PC
2
172166	176270
422161	426266

Color: 238 238 238

congruent_DECISION_TTrust_directed
2
148783	152888
286664	290765

Color: 10 40 40

congruent_DECISION_TTrust_directed_excluded
2
234665	238770
316780	320884

Color: 100 100 100

congruent_DECISION_TTrust_averted
2
14836	18942
38769	42873

Color: 140 50 0

congruent_DECISION_TUntrust_directed
2
118667	122772
368679	372783

Color: 0 30 40

congruent_DECISION_TUntrust_averted
2
90668 94773
262664 266770

Color: 240 30 0

congruent_DECISION_TUntrust_averted_excluded
2
206782 210886
398795 402899

Color: 100 100 100

congruent_DECISION_PC
2
62201	66306
428294	432400

Color: 0 50 70

congruent_DECISION_PC_excluded
1
178299	182404


Color: 100 100 100

congruent_FEEDBACK_TTrust_directed
2
156901 158916
296781 298796

Color: 90 10 70

congruent_FEEDBACK_TTrust_directed_excluded
2
244782 246798
326897 328912

Color: 100 100 100

congruent_FEEDBACK_TTrust_averted
2
22977	24985
46888	48901

Color: 60 20 50

congruent_FEEDBACK_TUntrust_directed
2
128785	130800
376796	378811

Color: 80 30 60

congruent_FEEDBACK_TUntrust_averted
2
100785 102800
270782 272797

Color: 40 50 20

congruent_FEEDBACK_TUntrust_averted_excluded
2
216899	218915
408912	410927

Color: 100 100 100

congruent_FEEDBACK_PC
2
72319	74334
436412	438427

Color: 200 200 70

congruent_FEEDBACK_PC_excluded
1
186417	188432

Color: 100 100 100

No_Response
0

Color: 90 90 90

