
FileVersion:        1

ResolutionOfTime:   msec

Experiment:         trustgame_run2

BackgroundColor:    0 0 0
TextColor:          255 255 255
TimeCourseColor:    0 170 0
TimeCourseThick:    3
ReferenceFuncColor: 113 113 255
ReferenceFuncThick: 3

NrOfConditions:     30



congruent_VIDEO_TTrust_directed
2
138002	142568
306000	310564

Color: 255 255 255

congruent_VIDEO_TTrust_directed_excluded
2
228001	232566
280000	284564

Color: 100 100 100

congruent_VIDEO_TTrust_averted
2
8003	12681
32002	36659

Color: 155 155 155

congruent_VIDEO_TUntrust_directed
2
362000	366561
112002	116570

Color: 255 0 255

congruent_VIDEO_TUntrust_averted
2
84002	88569
388000	392561

Color: 155 0 155

congruent_VIDEO_TUntrust_averted_excluded
2
196002	200565
256001	260564

Color: 100 100 100

congruent_VIDEO_PC
2
56002 60086
418000	422074

Color: 255 255 0

congruent_VIDEO_PC_excluded
2
168002 172082
338000 342077

Color: 100 100 100

congruent_EVALUATION_TTrust_directed
2
142583	146690
310594	314700

Color: 0 255 255

congruent_EVALUATION_TTrust_averted
0

Color: 228 228 228

congruent_EVALUATION_TUntrust_directed
0

Color: 0 155 155

congruent_EVALUATION_TUntrust_averted
2
200581	204686
392575	396679

Color: 128 128 128

congruent_EVALUATION_PC
2
172098	176204
422090	426194

Color: 238 238 238

congruent_DECISION_TTrust_directed
2
148716	152821
316727	320829

Color: 10 40 40

congruent_DECISION_TTrust_directed_excluded
2
234596	238701
286595	290696

Color: 100 100 100

congruent_DECISION_TTrust_averted
2
14754	18860
38686	42791

Color: 140 50 0

congruent_DECISION_TUntrust_directed
2
118600	122704
368592	372697

Color: 0 30 40

congruent_DECISION_TUntrust_averted
2
90601	94706
398708	402813

Color: 240 30 0

congruent_DECISION_TUntrust_averted_excluded
2
206714	210819
262595	266701

Color: 100 100 100

congruent_DECISION_PC
2
62119 66220
428223	432329

Color: 0 50 70

congruent_DECISION_PC_excluded
2
178232 182333
344109 348212

Color: 100 100 100

congruent_FEEDBACK_TTrust_directed
2
156833	158848
326844	328860

Color: 90 10 70

congruent_FEEDBACK_TTrust_directed_excluded
2
244714 246729
296712 298727

Color: 100 100 100

congruent_FEEDBACK_TTrust_averted
2
22894	24903
46805	48819

Color: 60 20 50

congruent_FEEDBACK_TUntrust_directed
2
128717	130733
376709	378725

Color: 80 30 60

congruent_FEEDBACK_TUntrust_averted
2
100718	102734
408825	410840

Color: 40 50 20

congruent_FEEDBACK_TUntrust_averted_excluded
2
216831	218846
270713	272728

Color: 100 100 100

congruent_FEEDBACK_PC
2
72236 74251
436341	438356

Color: 110 100 100

congruent_FEEDBACK_PC_excluded
2
186349 188364
352227	354242

Color: 100 100 100

No_Response
0

Color: 90 90 90

