
FileVersion:        1

ResolutionOfTime:   msec

Experiment:         trustgame_run3

BackgroundColor:    0 0 0
TextColor:          255 255 255
TimeCourseColor:    0 170 0
TimeCourseThick:    3
ReferenceFuncColor: 113 113 255
ReferenceFuncThick: 3

NrOfConditions:     30



congruent_VIDEO_TTrust_directed
2
8003	12573
60002	64569

Color: 255 255 255

congruent_VIDEO_TTrust_directed_excluded
2
278001	282562
388001	392561

Color: 100 100 100

congruent_VIDEO_TTrust_averted
2
34002	38677
252001	256659

Color: 155 155 155

congruent_VIDEO_TUntrust_directed
2
118002	122567
330001	334561

Color: 255 0 255

congruent_VIDEO_TUntrust_averted
2
198002	202564
420000	424558

Color: 155 0 155

congruent_VIDEO_TUntrust_averted_excluded
2
90002	94567
144002	148566

Color: 100 100 100

congruent_VIDEO_PC
2
172002	176080
304001	308076

Color: 255 255 0

congruent_VIDEO_PC_excluded
2
224001	228078
358001	362074

Color: 100 100 100

congruent_EVALUATION_TTrust_directed
2
64601	68706
392573	396677

Color: 0 255 255

congruent_EVALUATION_TTrust_averted
0

Color: 228 228 228

congruent_EVALUATION_TUntrust_directed
0

Color: 0 155 155

congruent_EVALUATION_TUntrust_averted
2
148581	152681
424571	428676

Color: 128 128 128

congruent_EVALUATION_PC
2
228095	232199
362090	366196

Color: 238 238 238

congruent_DECISION_TTrust_directed
2
14652	18758
70733	74838

Color: 10 40 40

congruent_DECISION_TTrust_directed_excluded
2
284593	288694
398706	402811

Color: 100 100 100

congruent_DECISION_TTrust_averted
2
40701	44806
258694	262799

Color: 140 50 0

congruent_DECISION_TUntrust_directed
2
124598	128699
336591	340692

Color: 0 30 40

congruent_DECISION_TUntrust_averted
2
204595	208701
430705	434810

Color: 240 30 0

congruent_DECISION_TUntrust_averted_excluded
2
96599	100704
154714	158819

Color: 100 100 100

congruent_DECISION_PC
2
178113	182218
310108	314209

Color: 0 50 70

congruent_DECISION_PC_excluded
2
234228	238332
368223	372327

Color: 100 100 100

congruent_FEEDBACK_TTrust_directed
2
24792	26801
80851	82866

Color: 90 10 70

congruent_FEEDBACK_TTrust_directed_excluded
2
294710	296725
408823	410838

Color: 100 100 100

congruent_FEEDBACK_TTrust_averted
2
48820	50833
268811	270826

Color: 60 20 50

congruent_FEEDBACK_TUntrust_directed
2
132716	134731
346709	348724

Color: 80 30 60

congruent_FEEDBACK_TUntrust_averted
2
212713	214728
438822	440837

Color: 40 50 20

congruent_FEEDBACK_TUntrust_averted_excluded
2
106717	108731
162831	164846

Color: 100 100 100

congruent_FEEDBACK_PC
2
188231	190245
318226	320241

Color: 200 200 70

congruent_FEEDBACK_PC_excluded
2
242345	244360
376341	378356

Color: 100 100 100

No_Response
0

Color: 90 90 90

