
FileVersion:        1

ResolutionOfTime:   msec

Experiment:         trustgame_run2

BackgroundColor:    0 0 0
TextColor:          255 255 255
TimeCourseColor:    0 170 0
TimeCourseThick:    3
ReferenceFuncColor: 113 113 255
ReferenceFuncThick: 3

NrOfConditions:     30



congruent_VIDEO_TTrust_directed
2
32003 36580
58003 62560

Color: 255 255 255

congruent_VIDEO_TTrust_directed_excluded
2
268004 272572
320004 324574

Color: 100 100 100

congruent_VIDEO_TTrust_averted
2
110003 114676
190003 194760

Color: 155 155 155

congruent_VIDEO_TUntrust_directed
2
244004 248573
292004 296571

Color: 255 0 255

congruent_VIDEO_TUntrust_averted
2
86003 90559
136003 140558

Color: 155 0 155

congruent_VIDEO_TUntrust_averted_excluded
2
162003 166559
216004 220557

Color: 100 100 100

congruent_VIDEO_PC
2
6003 10093
348004 352086

Color: 255 255 0

congruent_VIDEO_PC_excluded
2
376005 380085
402005 406085

Color: 100 100 100

congruent_EVALUATION_TTrust_directed
1
324603	326115

Color: 0 255 255

congruent_EVALUATION_TTrust_averted
1
114690	116733

Color: 228 228 228

congruent_EVALUATION_TUntrust_directed
1
296587	297924

Color: 0 155 155

congruent_EVALUATION_TUntrust_averted
1
166573	168698

Color: 128 128 128

congruent_EVALUATION_PC
2
352102	352898
406101	407875

Color: 238 238 238

congruent_DECISION_TTrust_directed
2
38608 42650
64591 68632

Color: 10 40 40

congruent_DECISION_TTrust_directed_excluded
2
274604 278639
328136 332172

Color: 100 100 100

congruent_DECISION_TTrust_averted
2
118757	122792
142590	146625

Color: 140 50 0

congruent_DECISION_TUntrust_directed
2
250604 254640
299953 303993

Color: 0 30 40

congruent_DECISION_TUntrust_averted
2
92591 96631
142590 146625

Color: 240 30 0

congruent_DECISION_TUntrust_averted_excluded
2
170722 174763
222588 226624

Color: 100 100 100

congruent_DECISION_PC
2
12176 16217
354919 358954

Color: 0 50 70

congruent_DECISION_PC_excluded
2
382118 386159
409901 413941

Color: 100 100 100

congruent_FEEDBACK_TTrust_directed
2
48660 50675
74642 76657

Color: 90 10 70

congruent_FEEDBACK_TTrust_directed_excluded
2
282654 284670
336187 338202

Color: 100 100 100

congruent_FEEDBACK_TTrust_averted
2
126808 128823
204839 206855

Color: 60 20 50

congruent_FEEDBACK_TUntrust_directed
2
258655 260670
310004 312019

Color: 80 30 60

congruent_FEEDBACK_TUntrust_averted
2
100642 102657
152640 154656

Color: 40 50 20

congruent_FEEDBACK_TUntrust_averted_excluded
2
180773 182789
232639 234654

Color: 40 50 20

congruent_FEEDBACK_PC
2
22249 24258
364969 366985

Color: 200 200 70

congruent_FEEDBACK_PC_excluded
2
390169 392184
417952 419967

Color: 200 200 70

No_Response
0

Color: 90 90 90

