
FileVersion:        1

ResolutionOfTime:   msec

Experiment:         trustgame_run3

BackgroundColor:    0 0 0
TextColor:          255 255 255
TimeCourseColor:    0 170 0
TimeCourseThick:    3
ReferenceFuncColor: 113 113 255
ReferenceFuncThick: 3

NrOfConditions:     30



congruent_VIDEO_TTrust_directed
2
278004	282572
388005	392571

Color: 255 255 255

congruent_VIDEO_TTrust_directed_excluded
2
8003	12578
60002	64558

Color: 100 100 100

congruent_VIDEO_TTrust_averted
2
34003	38676
252004	256759

Color: 155 155 155

congruent_VIDEO_TUntrust_directed
2
118003	122557
330004	334572

Color: 255 0 255

congruent_VIDEO_TUntrust_averted
2
144003	148557
198004	202556

Color: 155 0 155

congruent_VIDEO_TUntrust_averted_excluded
2
90003	94557
420005	424569

Color: 100 100 100

congruent_VIDEO_PC
2
224004	228071
304004	308086

Color: 255 255 0

congruent_VIDEO_PC_excluded
2
172003	176088
358005	362085

Color: 100 100 100

congruent_EVALUATION_TTrust_directed
2
64574	68616
392584	396620

Color: 0 255 255

congruent_EVALUATION_TTrust_averted
0

Color: 228 228 228

congruent_EVALUATION_TUntrust_directed
0

Color: 0 155 155

congruent_EVALUATION_TUntrust_averted
2
148572	152612
424584	428625

Color: 128 128 128

congruent_EVALUATION_PC
2
228087	232127
362101	366142

Color: 238 238 238

congruent_DECISION_TTrust_directed
2
14658	18694
284603	288639

Color: 10 40 40

congruent_DECISION_TTrust_directed_excluded
2
70639	74675
398651	402692

Color: 100 100 100

congruent_DECISION_TTrust_averted
2
40706	44742
258786	262822

Color: 140 50 0

congruent_DECISION_TUntrust_directed
2
124588	128625
336602	340638

Color: 0 30 40

congruent_DECISION_TUntrust_averted
2
154638	158674
204587	208624

Color: 240 30 0

congruent_DECISION_TUntrust_averted_excluded
2
96589	100625
430650	434686

Color: 100 100 100

congruent_DECISION_PC
2
234153	238189
310119	314157

Color: 0 50 70

congruent_DECISION_PC_excluded
2
178121	182157
368168	372204

Color: 100 100 100

congruent_FEEDBACK_TTrust_directed
2
24730	26740
294653	296669

Color: 90 10 70

congruent_FEEDBACK_TTrust_directed_excluded
2
80690	82705
408702	410717

Color: 100 100 100

congruent_FEEDBACK_TTrust_averted
2
48759	50772
268837	270852

Color: 60 20 50

congruent_FEEDBACK_TUntrust_directed
2
132639	134654
346653	348668

Color: 80 30 60

congruent_FEEDBACK_TUntrust_averted
2
162689	164704
212638	214653

Color: 40 50 20

congruent_FEEDBACK_TUntrust_averted_excluded
2
106640	108655
438701	440717

Color: 100 100 100

congruent_FEEDBACK_PC
2
242204	244220
318170	320185

Color: 200 200 70

congruent_FEEDBACK_PC_excluded
2
188172	190187
376219	378234

Color: 100 100 100

No_Response
0

Color: 90 90 90

