
FileVersion:        1

ResolutionOfTime:   msec

Experiment:         trustgame_run3

BackgroundColor:    0 0 0
TextColor:          255 255 255
TimeCourseColor:    0 170 0
TimeCourseThick:    3
ReferenceFuncColor: 113 113 255
ReferenceFuncThick: 3

NrOfConditions:     30



congruent_VIDEO_TTrust_directed
2
8003	12578
60003	64558

Color: 255 255 255

congruent_VIDEO_TTrust_directed_excluded
2
278004	282571
388003	392569

Color: 100 100 100

congruent_VIDEO_TTrust_averted
2
34003	38675
252004	256762

Color: 155 155 155

congruent_VIDEO_TUntrust_directed
2
118003	122557
330004	334569

Color: 255 0 255

congruent_VIDEO_TUntrust_averted
2
90003	94574
198004	202572

Color: 155 0 155

congruent_VIDEO_TUntrust_averted_excluded
2
144003	148573
420004	424568

Color: 100 100 100

congruent_VIDEO_PC
2
224004	228087
304004	308085

Color: 255 255 0

congruent_VIDEO_PC_excluded
2
172004	176088
358004	362084

Color: 100 100 100

congruent_EVALUATION_TTrust_directed
2
64573	68614
392584	396621

Color: 0 255 255

congruent_EVALUATION_TTrust_averted
0

Color: 228 228 228

congruent_EVALUATION_TUntrust_directed
0

Color: 0 155 155

congruent_EVALUATION_TUntrust_averted
2
148588	152624
424583	428618

Color: 128 128 128

congruent_EVALUATION_PC
2
228103	232138
362101	366137

Color: 238 238 238

congruent_DECISION_TTrust_directed
2
14657	18693
70639	74679

Color: 10 40 40

congruent_DECISION_TTrust_directed_excluded
2
284602	288637
398650	402687

Color: 100 100 100

congruent_DECISION_TTrust_averted
2
40706	44746
258786	262822

Color: 140 50 0

congruent_DECISION_TUntrust_directed
2
124588	128626
336601	340637

Color: 0 30 40

congruent_DECISION_TUntrust_averted
2
96605	100645
204603	208641

Color: 240 30 0

congruent_DECISION_TUntrust_averted_excluded
2
154654	158691
430649	434687

Color: 100 100 100

congruent_DECISION_PC
2
234169	238206
310118	314155

Color: 0 50 70

congruent_DECISION_PC_excluded
2
178120	182157
368167	372203

Color: 100 100 100

congruent_FEEDBACK_TTrust_directed
2
24730	26739
80690	82705

Color: 90 10 70

congruent_FEEDBACK_TTrust_directed_excluded
2
294653	296668
408701	410716

Color: 100 100 100

congruent_FEEDBACK_TTrust_averted
2
48759	50772
268836	270852

Color: 60 20 50

congruent_FEEDBACK_TUntrust_directed
2
132639	134654
346652	348667

Color: 80 30 60

congruent_FEEDBACK_TUntrust_averted
2
106656	108671
212654	214669

Color: 40 50 20

congruent_FEEDBACK_TUntrust_averted_excluded
2
162705	164720
438700	440716

Color: 100 100 100

congruent_FEEDBACK_PC
2
242220	244236
318169	320184

Color: 200 200 70

congruent_FEEDBACK_PC_excluded
2
188171	190186
376218	378233

Color: 100 100 100

No_Response
0

Color: 90 90 90

