
FileVersion:        1

ResolutionOfTime:   msec

Experiment:         trustgame_run2

BackgroundColor:    0 0 0
TextColor:          255 255 255
TimeCourseColor:    0 170 0
TimeCourseThick:    3
ReferenceFuncColor: 113 113 255
ReferenceFuncThick: 3

NrOfConditions:     30



congruent_VIDEO_TTrust_directed
2
228076	232634
280076	284633

Color: 255 255 255

congruent_VIDEO_TTrust_directed_excluded
2
138077	142635
306076	310633

Color: 100 100 100

congruent_VIDEO_TTrust_averted
2
8077	12758
32077	36734

Color: 155 155 155

congruent_VIDEO_TUntrust_directed
2
112077	116637
362077	366632

Color: 255 0 255

congruent_VIDEO_TUntrust_averted
2
84077	88636
388077	392631

Color: 155 0 155

congruent_VIDEO_TUntrust_averted
2
196077	200633
256077	260633

Color: 100 100 100

congruent_VIDEO_PC
2
56077	60152
168077	172150

Color: 255 255 0

congruent_VIDEO_PC_excluded
2
338077	342147
418077	422145

Color: 100 100 100

congruent_EVALUATION_TTrust_directed
2
142650	146757
310647	314752

Color: 0 255 255

congruent_EVALUATION_TTrust_averted
0

Color: 228 228 228

congruent_EVALUATION_TUntrust_directed
0

Color: 0 155 155

congruent_EVALUATION_TUntrust_averted
2
200649	204755
392646	396749

Color: 128 128 128

congruent_EVALUATION_PC
2
172166	176270
422162	426266

Color: 238 238 238

congruent_DECISION_TTrust_directed
2
234665	238766
286664	290765

Color: 10 40 40

congruent_DECISION_TTrust_directed_excluded
2
148783	152884
316780	320886

Color: 100 100 100

congruent_DECISION_TTrust_averted
2
14836	18942
38768	42874

Color: 140 50 0

congruent_DECISION_TUntrust_directed
2
118667	122772
368662	372768

Color: 0 30 40

congruent_DECISION_TUntrust_averted
2
90667	94773
398779	402884

Color: 100 100 100

congruent_DECISION_TUntrust_averted_excluded
2
206782	210888
262664	266770

Color: 100 100 100

congruent_DECISION_PC
4
62184	66286
178299	182405

Color: 0 50 70

congruent_DECISION_PC_excluded
2
344180	348281
428295	432395

Color: 100 100 100

congruent_FEEDBACK_TTrust_directed
2
244782	246798
296782	298797

Color: 90 10 70

congruent_FEEDBACK_TTrust_directed_excluded
2
156901	158916
326898	328913

Color: 100 100 100

congruent_FEEDBACK_TTrust_averted
2
22977	24985
46888	48901

Color: 60 20 50

congruent_FEEDBACK_TUntrust_directed
2
128784	130800
376780	378795

Color: 80 30 60

congruent_FEEDBACK_TUntrust_averted
2
100785	102800
408896	410911

Color: 40 50 20

congruent_FEEDBACK_TUntrust_averted_excluded
2
216900	218915
270782	272797

Color: 100 100 100

congruent_FEEDBACK_PC
2
72302	74317
186417	188432

Color: 200 200 70

congruent_FEEDBACK_PC_excluded
2
352297	354312
436412	438428

Color: 100 100 100

No_Response
0

Color: 90 90 90

