
FileVersion:        1

ResolutionOfTime:   msec

Experiment:         trustgame_run1

BackgroundColor:    0 0 0
TextColor:          255 255 255
TimeCourseColor:    0 170 0
TimeCourseThick:    3
ReferenceFuncColor: 113 113 255
ReferenceFuncThick: 3

NrOfConditions:     30



congruent_VIDEO_TTrust_directed
2
194003	198569
418003	422564

Color: 255 255 255

congruent_VIDEO_TTrust_directed_excluded
2
8003	12574
170002	174569

Color: 100 100 100

congruent_VIDEO_TTrust_averted
2
336003	340705
362003	366662

Color: 155 155 155

congruent_VIDEO_TUntrust_directed
2
34003	38570
114003	118569

Color: 255 0 255

congruent_VIDEO_TUntrust_averted
2
312003	316566
388003	392563

Color: 155 0 155

congruent_VIDEO_TUntrust_averted_excluded
2
58003	62569
142003	146568

Color: 100 100 100

congruent_VIDEO_PC
2
256003	260082
282003	286081

Color: 255 255 0

congruent_VIDEO_PC_excluded
2
86003	90135
224002	228082

Color: 100 100 100

congruent_EVALUATION_TTrust_directed
2
422578	426618
198582	202622

Color: 0 255 255

congruent_EVALUATION_TTrust_averted
0

Color: 228 228 228

congruent_EVALUATION_TUntrust_directed
0

Color: 0 155 155

congruent_EVALUATION_TUntrust_averted
1
392579	396618

Color: 128 128 128

congruent_EVALUATION_PC
1
286097	290137

Color: 238 238 238

congruent_DECISION_TTrust_directed
2
204649	208689
428645	432685

Color: 10 40 40

congruent_DECISION_TTrust_directed_excluded
2
14670	18710
176599	180640

Color: 100 100 100

congruent_DECISION_TTrust_averted
2
342730	346765
368696	372732

Color: 140 50 0

congruent_DECISION_TUntrust_directed
2
40602	44641
124650	128691

Color: 0 30 40

congruent_DECISION_TUntrust_averted
2
318597	322637
398645	402686

Color: 240 30 0

congruent_DECISION_TUntrust_averted_excluded
2
64601	68640
148600	152640

Color: 100 100 100

congruent_DECISION_PC
2
262114	266154
292164	296200

Color: 0 50 70

congruent_DECISION_PC_excluded
2
92168	96207
234165	238206

Color: 100 100 100

congruent_FEEDBACK_TTrust_directed
2
214700	216715
436696	438711

Color: 90 10 70

congruent_FEEDBACK_TTrust_directed_excluded
2
24743	26752
184650	186666

Color: 100 100 100

congruent_FEEDBACK_TTrust_averted
2
350781	352796
376747	378762

Color: 60 20 50

congruent_FEEDBACK_TUntrust_directed
2
48655	50668
132701	134717

Color: 80 30 60

congruent_FEEDBACK_TUntrust_averted
2
326648	328663
406696	408711

Color: 40 50 20

congruent_FEEDBACK_TUntrust_averted_excluded
2
74652	76668
158651	160666

Color: 100 100 100

congruent_FEEDBACK_PC
2
272165	274181
302215	304230

Color: 200 200 70

congruent_FEEDBACK_PC_excluded
2
102219	104234
244216	246231

Color: 100 100 100

No_Response
2
118585	122622
228098	232138

Color: 90 90 90

