
FileVersion:        1

ResolutionOfTime:   msec

Experiment:         trustgame_run1

BackgroundColor:    0 0 0
TextColor:          255 255 255
TimeCourseColor:    0 170 0
TimeCourseThick:    3
ReferenceFuncColor: 113 113 255
ReferenceFuncThick: 3

NrOfConditions:     30



congruent_VIDEO_TTrust_directed
2
170078	174640
418081	422639

Color: 255 255 255

congruent_VIDEO_TTrust_directed_excluded
2
8078	12660
194078	198640

Color: 100 100 100

congruent_VIDEO_TTrust_averted
2
336080	340781
362080	366737

Color: 155 155 155

congruent_VIDEO_TUntrust_directed
2
34077	38643
114078	118640

Color: 255 0 255

congruent_VIDEO_TUntrust_averted
2
58077	62639
388081	392638

Color: 155 0 155

congruent_VIDEO_TUntrust_averted_excluded
2
142078	146641
312080	316639

Color: 100 100 100

congruent_VIDEO_PC
2
86077	90205
224079	228154

Color: 255 255 0

congruent_VIDEO_PC_excluded
2
256079	260153
282080	286153

Color: 100 100 100

congruent_EVALUATION_TTrust_directed
2
198653	202736
422652	426734

Color: 0 255 255

congruent_EVALUATION_TTrust_averted
0

Color: 228 228 228

congruent_EVALUATION_TUntrust_directed
1
118655	122742

Color: 0 155 155

congruent_EVALUATION_TUntrust_averted
1
392652	396737

Color: 128 128 128

congruent_EVALUATION_PC
1
286170	290252

Color: 238 238 238

congruent_DECISION_TTrust_directed
2
176670	180753
428768	432851

Color: 10 40 40

congruent_DECISION_TTrust_directed_excluded
2
14755	18837
204770	208853

Color: 100 100 100

congruent_DECISION_TTrust_averted
2
342803	346886
368769	372855

Color: 140 50 0

congruent_DECISION_TUntrust_directed
2
40671	44753
124771	128854

Color: 0 30 40

congruent_DECISION_TUntrust_averted
2
64671	68757
398769	402851

Color: 240 30 0

congruent_DECISION_TUntrust_averted_excluded
2
148670	152752
318669	322753

Color: 100 100 100

congruent_DECISION_PC
2
92237	96321
234287	238371

Color: 0 50 70

congruent_DECISION_PC_excluded
2
262186	266272
292286	296370

Color: 100 100 100

congruent_FEEDBACK_TTrust_directed
2
184771	186786
436870	438885

Color: 90 10 70

congruent_FEEDBACK_TTrust_directed_excluded
2
24879	26888
214871	216886

Color: 100 100 100

congruent_FEEDBACK_TTrust_averted
2
350904	352919
376870	378885

Color: 60 20 50

congruent_FEEDBACK_TUntrust_directed
2
48774	50787
132872	134887

Color: 80 30 60

congruent_FEEDBACK_TUntrust_averted
2
74772	76787
406870	408885

Color: 40 50 20

congruent_FEEDBACK_TUntrust_averted_excluded
2
158771	160787
326770	328786

Color: 100 100 100

congruent_FEEDBACK_PC
2
102338	104354
244387	246403

Color: 200 200 70

congruent_FEEDBACK_PC_excluded
2
272287	274303
302387	304402

Color: 100 100 100

No_Response
1
228170	232255

Color: 90 90 90

