
FileVersion:        1

ResolutionOfTime:   msec

Experiment:         trustgame_run4

BackgroundColor:    0 0 0
TextColor:          255 255 255
TimeCourseColor:    0 170 0
TimeCourseThick:    3
ReferenceFuncColor: 113 113 255
ReferenceFuncThick: 3

NrOfConditions:     30



congruent_VIDEO_TTrust_directed
2
60076	64638
274075	278633

Color: 255 255 255

congruent_VIDEO_TTrust_directed_excluded
2
34076	38642
330075	334633

Color: 100 100 100

congruent_VIDEO_TTrust_averted
2
112076	116749
196076	200731

Color: 155 155 155

congruent_VIDEO_TUntrust_directed
2
250075	254634
298075	302634

Color: 255 0 255

congruent_VIDEO_TUntrust_averted
2
88076	92638
222075	226634

Color: 100 100 100

congruent_VIDEO_TUntrust_averted_excluded
2
140076	144636
166076	170636

Color: 100 100 100

congruent_VIDEO_PC
2
360075	364146
392075	396146

Color: 255 255 0

congruent_VIDEO_PC_excluded
2
8078	12154
418075	422145

Color: 100 100 100

congruent_EVALUATION_TTrust_directed
1
334647	338752

Color: 0 255 255

congruent_EVALUATION_TTrust_averted
1
116769	120871

Color: 228 228 228

congruent_EVALUATION_TUntrust_directed
1
302648	306749

Color: 0 155 155

congruent_EVALUATION_TUntrust_averted
1
170650	174756

Color: 128 128 128

congruent_EVALUATION_PC
2
364163	368264
422161	426267

Color: 238 238 238

congruent_DECISION_TTrust_directed
2
66669	70774
280664	284770

Color: 10 40 40

congruent_DECISION_TTrust_directed_excluded
2
40669	44771
340780	344885

Color: 100 100 100

congruent_DECISION_TTrust_averted
2
122901	127002
202766	206872

Color: 140 50 0

congruent_DECISION_TUntrust_directed
2
256665	260766
308781	312882

Color: 0 30 40

congruent_DECISION_TUntrust_averted
2
94668	98769
228666	232768

Color: 240 30 0

congruent_DECISION_TUntrust_averted_excluded
2
146667	150768
176783	180884

Color: 100 100 100

congruent_DECISION_PC
2
370296	374397
398179	402280

Color: 0 50 70

congruent_DECISION_PC_excluded
2
14237	18339
428295	432400

Color: 100 100 100

congruent_FEEDBACK_TTrust_directed
2
76786	78802
288782	290797

Color: 90 10 70

congruent_FEEDBACK_TTrust_directed_excluded
2
50789	52802
348897	350913

Color: 100 100 100

congruent_FEEDBACK_TTrust_averted
2
131019	133034
210884	212899

Color: 60 20 50

congruent_FEEDBACK_TUntrust_directed
2
264783	266798
318898	320913

Color: 80 30 60

congruent_FEEDBACK_TUntrust_averted
2
102786	104801
238783	240798

Color: 40 50 20

congruent_FEEDBACK_TUntrust_averted_excluded
2
156785	158800
186901	188916

Color: 100 100 100

congruent_FEEDBACK_PC
2
380414	382429
406296	408311

Color: 200 200 70

congruent_FEEDBACK_PC_excluded
2
24377	26386
436412	438428

Color: 100 100 100

No_Response
0

Color: 90 90 90

