
FileVersion:        1

ResolutionOfTime:   msec

Experiment:         trustgame_run4

BackgroundColor:    0 0 0
TextColor:          255 255 255
TimeCourseColor:    0 170 0
TimeCourseThick:    3
ReferenceFuncColor: 113 113 255
ReferenceFuncThick: 3

NrOfConditions:     30



congruent_VIDEO_TTrust_directed
2
34077	38641
60077	64637

Color: 255 255 255

congruent_VIDEO_TTrust_directed_excluded
2
274077	278633
330077	334647

Color: 100 100 100

congruent_VIDEO_TTrust_averted
2
112077	116751
196077	200834

Color: 155 155 155

congruent_VIDEO_TUntrust_directed
2
250077	254633
298077	302631

Color: 255 0 255

congruent_VIDEO_TUntrust_averted
2
88077	92637
222077	226633

Color: 155 0 155

congruent_VIDEO_TUntrust_averted_excluded
2
140077	144635
166077	170635

Color: 100 100 100

congruent_VIDEO_PC
2
360078	364145
392078	396144

Color: 255 255 0

congruent_VIDEO_PC_excluded
2
8077	12170
418078	422144

Color: 100 100 100

congruent_EVALUATION_TTrust_directed
1
334662	338767

Color: 0 255 255

congruent_EVALUATION_TTrust_averted
1
116768	120869

Color: 228 228 228

congruent_EVALUATION_TUntrust_directed
1
302646	306751

Color: 0 155 155

congruent_EVALUATION_TUntrust_averted
1
170649	174755

Color: 128 128 128

congruent_EVALUATION_PC
2
364161	368266
422160	426264

Color: 238 238 238

congruent_DECISION_TTrust_directed
2
40669	44775
66668	70774

Color: 10 40 40

congruent_DECISION_TTrust_directed_excluded
2
280663	284769
340795	344900

Color: 100 100 100

congruent_DECISION_TTrust_averted
2
122900	127002
202865	206966

Color: 140 50 0

congruent_DECISION_TUntrust_directed
2
256664	260770
308779	312885

Color: 0 30 40

congruent_DECISION_TUntrust_averted
2
94668	98773
228665	232769

Color: 240 30 0

congruent_DECISION_TUntrust_averted_excluded
2
146666	150772
176782	180883

Color: 100 100 100

congruent_DECISION_PC
2
370295	374399
398177	402282

Color: 0 50 70

congruent_DECISION_PC_excluded
2
14254	18360
428293	432398

Color: 100 100 100

congruent_FEEDBACK_TTrust_directed
2
50788	52802
76786	78801

Color: 90 10 70

congruent_FEEDBACK_TTrust_directed_excluded
2
288781	290796
348913	350928

Color: 100 100 100

congruent_FEEDBACK_TTrust_averted
2
131018	133033
210983	212998

Color: 60 20 50

congruent_FEEDBACK_TUntrust_directed
2
264781	266797
318897	320912

Color: 80 30 60

congruent_FEEDBACK_TUntrust_averted
2
102785	104800
238782	240797

Color: 40 50 20

congruent_FEEDBACK_TUntrust_averted_excluded
2
156784	158799
186900	188915

Color: 100 100 100

congruent_FEEDBACK_PC
2
380412	382427
406295	408310

Color: 200 200 70

congruent_FEEDBACK_PC_excluded
2
24394	26402
436411	438426

Color: 100 100 100

No_Response
0

Color: 90 90 90

