
FileVersion:        1

ResolutionOfTime:   msec

Experiment:         trustgame_run4

BackgroundColor:    0 0 0
TextColor:          255 255 255
TimeCourseColor:    0 170 0
TimeCourseThick:    3
ReferenceFuncColor: 113 113 255
ReferenceFuncThick: 3

NrOfConditions:     30



congruent_VIDEO_TTrust_directed
2
274000	278561
330000	334574

Color: 255 255 255

congruent_VIDEO_TTrust_directed_excluded
2
34003	38570
60003	64567

Color: 100 100 100

congruent_VIDEO_TTrust_averted
2
112002	116678
196002	200659

Color: 155 155 155

congruent_VIDEO_TUntrust_directed
2
250001	254559
298000	302559

Color: 255 0 255

congruent_VIDEO_TUntrust_averted
2
166002 170563
222001 226560

Color: 155 0 155

congruent_VIDEO_TUntrust_averted_excluded
2
88002 92565
140002 144563

Color: 100 100 100

congruent_VIDEO_PC
2
392000 396070
418000 422069

Color: 255 255 0

congruent_VIDEO_PC_excluded
2
8003 12083
360000 364071

Color: 100 100 100

congruent_EVALUATION_TTrust_directed
1
334588	338693

Color: 0 255 255

congruent_EVALUATION_TTrust_averted
1
116696	120801

Color: 228 228 228

congruent_EVALUATION_TUntrust_directed
1
302573	306678

Color: 0 155 155

congruent_EVALUATION_TUntrust_averted
1
170577	174681

Color: 128 128 128

congruent_EVALUATION_PC
2
364087	368189
422085	426190

Color: 238 238 238

congruent_DECISION_TTrust_directed
2
280590	284695
340721	344827

Color: 10 40 40

congruent_DECISION_TTrust_directed_excluded
2
40598	44703
66597	70702

Color: 100 100 100


congruent_DECISION_TTrust_averted
2
122828	126930
202692	206793

Color: 140 50 0

congruent_DECISION_TUntrust_directed
2
256590	260695
308706	312807

Color: 0 30 40

congruent_DECISION_TUntrust_averted
2
176710 180816
228591 232692

Color: 240 30 0

congruent_DECISION_TUntrust_averted_excluded
2
94596 98701
146594 150700

Color: 100 100 100

congruent_DECISION_PC
2
398103 402205
428218 432323

Color: 0 50 70

congruent_DECISION_PC_excluded
2
14166 18268
370220 374326

Color: 100 100 100

congruent_FEEDBACK_TTrust_directed
2
288707	290722
348839	350854

Color: 90 10 70

congruent_FEEDBACK_TTrust_directed_excluded
2
50717	52730
76714	78729

Color: 100 100 100

congruent_FEEDBACK_TTrust_averted
2
130946	132961
210810	212825

Color: 60 20 50

congruent_FEEDBACK_TUntrust_directed
2
264708	266723
318823	320838

Color: 80 30 60

congruent_FEEDBACK_TUntrust_averted
2
186827 188842
238709 240724

Color: 40 50 20

congruent_FEEDBACK_TUntrust_averted_averted
2
102713 104729
156712 158727

Color: 100 100 100

congruent_FEEDBACK_PC
2
406220 408235
436336 438351

Color: 200 200 70

congruent_FEEDBACK_PC_excluded
2
24306 26315
380338 382353

Color: 100 100 100

No_Response
0

Color: 90 90 90

