
FileVersion:        1

ResolutionOfTime:   msec

Experiment:         trustgame_run4

BackgroundColor:    0 0 0
TextColor:          255 255 255
TimeCourseColor:    0 170 0
TimeCourseThick:    3
ReferenceFuncColor: 113 113 255
ReferenceFuncThick: 3

NrOfConditions:     30



congruent_VIDEO_TTrust_directed
2
34003	38565
274003	278560

Color: 255 255 255

congruent_VIDEO_TTrust_directed_excluded
2
60002	64562
330003	334573

Color: 100 100 100

congruent_VIDEO_TTrust_averted
2
112002	116676
196003	200758

Color: 155 155 155

congruent_VIDEO_TUntrust_directed
2
250003	254558
298002	302576

Color: 255 0 255

congruent_VIDEO_TUntrust_averted
2
166002	170560
222003	226559

Color: 155 0 155

congruent_VIDEO_TUntrust_averted_excluded
2
88002	92561
140002	144561

Color: 100 100 100

congruent_VIDEO_PC
2
360003	364071
418003	422070

Color: 255 255 0

congruent_VIDEO_PC_excluded
2
8003	12078
392003	396070

Color: 100 100 100

congruent_EVALUATION_TTrust_directed
1
334588	338624

Color: 0 255 255

congruent_EVALUATION_TTrust_averted
1
116693	120732

Color: 228 228 228

congruent_EVALUATION_TUntrust_directed
1
302605	306644

Color: 0 155 155

congruent_EVALUATION_TUntrust_averted
1
170574	174611

Color: 128 128 128

congruent_EVALUATION_PC
2
364087	368124
422086	426122

Color: 238 238 238

congruent_DECISION_TTrust_directed
2
40594	44631
280589	284626

Color: 10 40 40

congruent_DECISION_TTrust_directed_excluded
2
66593	70629
340654	344691

Color: 100 100 100

congruent_DECISION_TTrust_averted
2
122759	126796
202790	206828

Color: 140 50 0

congruent_DECISION_TUntrust_directed
2
256589	260626
308671	312709

Color: 0 30 40

congruent_DECISION_TUntrust_averted
2
176641	180679
228590	232627

Color: 240 30 0

congruent_DECISION_TUntrust_averted_excluded
2
94592	98632
146591	150628

Color: 100 100 100

congruent_DECISION_PC
2
370154	374191
428152	432190

Color: 0 50 70

congruent_DECISION_PC_excluded
2
14162	18199
398103	402139

Color: 100 100 100

congruent_FEEDBACK_TTrust_directed
2
50646	52660
288639	290655

Color: 90 10 70

congruent_FEEDBACK_TTrust_directed_excluded
2
76644	78659
348705	350720

Color: 100 100 100

congruent_FEEDBACK_TTrust_averted
2
130809	132825
210841	212856

Color: 60 20 50

congruent_FEEDBACK_TUntrust_directed
2
264640	266655
318722	320737

Color: 80 30 60

congruent_FEEDBACK_TUntrust_averted
2
186692	188707
238641	240656

Color: 40 50 20

congruent_FEEDBACK_TUntrust_averted_excluded
2
102643	104659
156642	158657

Color: 100 100 100

congruent_FEEDBACK_PC
2
380204	382220
436203	438218

Color: 200 200 70

congruent_FEEDBACK_PC_excluded
2
24235	26244
406154	408169

Color: 100 100 100

No_Response
0

Color: 90 90 90

