
FileVersion:        1

ResolutionOfTime:   msec

Experiment:         trustgame_run3

BackgroundColor:    0 0 0
TextColor:          255 255 255
TimeCourseColor:    0 170 0
TimeCourseThick:    3
ReferenceFuncColor: 113 113 255
ReferenceFuncThick: 3

NrOfConditions:     30



congruent_VIDEO_TTrust_directed
2
8077	12649
388075	392638

Color: 255 255 255

congruent_VIDEO_TTrust_directed_excluded
2
60077	64645
278076	282640

Color: 100 100 100

congruent_VIDEO_TTrust_averted
2
34077	38751
252077	256832

Color: 155 155 155

congruent_VIDEO_TUntrust_directed
2
118077	122643
330075	334638

Color: 255 0 255

congruent_VIDEO_TUntrust_averted
2
90077 94644
420076	424636

Color: 155 0 155

congruent_VIDEO_TUntrust_averted_excluded
2
144077 148642
198077 202641

Color: 100 100 100

congruent_VIDEO_PC
2
172077	176157
358075 362152

Color: 255 255 0

congruent_VIDEO_PC_excluded
2
224076 228155
304075 308153

Color: 100 100 100

congruent_EVALUATION_TTrust_directed
2
64660	68762
392651	396752

Color: 0 255 255

congruent_EVALUATION_TTrust_averted
0

Color: 228 228 228

congruent_EVALUATION_TUntrust_directed
0

Color: 0 155 155

congruent_EVALUATION_TUntrust_averted
2
148657	152762
424650	428752

Color: 128 128 128

congruent_EVALUATION_PC
2
228172	232277
362168	366270

Color: 238 238 238

congruent_DECISION_TTrust_directed
2
14728	18830
398784	402885

Color: 10 40 40

congruent_DECISION_TTrust_directed_excluded
2
70792	74897
284670	288776

Color: 100 100 100

congruent_DECISION_TTrust_averted
2
40776	44877
258854	262955

Color: 140 50 0

congruent_DECISION_TUntrust_directed
2
124674	128775
336669	340774

Color: 0 30 40

congruent_DECISION_TUntrust_averted
2
96675 100776
430783	434885

Color: 240 30 0

congruent_DECISION_TUntrust_averted_excluded
2
154790 158891
204672 208773

Color: 100 100 100

congruent_DECISION_PC
2
178189	182295
368301 372407

Color: 0 50 70

congruent_DECISION_PC_excluded
2
234305 238406
310186 314287

Color: 100 100 100

congruent_FEEDBACK_TTrust_directed
2
24868	26877
408901	410917

Color: 90 10 70

congruent_FEEDBACK_TTrust_directed_excluded
2
80910	82925
294788	296803

Color: 100 100 100

congruent_FEEDBACK_TTrust_averted
2
48896	50909
268972	270987

Color: 60 20 50

congruent_FEEDBACK_TUntrust_directed
2
132792	134807
346786	348801

Color: 80 30 60

congruent_FEEDBACK_TUntrust_averted
2
106793 108808
438901	440916

Color: 40 50 20

congruent_FEEDBACK_TUntrust_averted_excluded
2
162908 164923
212790 214805

Color: 100 100 100

congruent_FEEDBACK_PC
2
188307	190322
376419	378434

Color: 200 200 70

congruent_FEEDBACK_PC_excluded
2
242422	244437
318304	320319

Color: 100 100 100

No_Response
0

Color: 90 90 90

