
FileVersion:        1

ResolutionOfTime:   msec

Experiment:         trustgame_run3

BackgroundColor:    0 0 0
TextColor:          255 255 255
TimeCourseColor:    0 170 0
TimeCourseThick:    3
ReferenceFuncColor: 113 113 255
ReferenceFuncThick: 3

NrOfConditions:     30



congruent_VIDEO_TTrust_directed
2
60077	64645
388080	392641

Color: 255 255 255

congruent_VIDEO_TTrust_directed_excluded
2
8077	12649
278079	282643

Color: 100 100 100

congruent_VIDEO_TTrust_averted
2
34077	38752
252078	256834

Color: 155 155 155

congruent_VIDEO_TUntrust_directed
2
118078	122644
330079	334641

Color: 255 0 255

congruent_VIDEO_TUntrust_averted
2
198079	202643
420080	424641

Color: 155 0 155

congruent_VIDEO_TUntrust_averted_excluded
2
90078	94645
144078	148644

Color: 100 100 100

congruent_VIDEO_PC
2
224078	228158
304079	308156

Color: 255 255 0

congruent_VIDEO_PC_excluded
2
172079	176158
358079	362155

Color: 100 100 100

congruent_EVALUATION_TTrust_directed
2
64660	68763
392655	396760

Color: 0 255 255

congruent_EVALUATION_TTrust_averted
0

Color: 228 228 228

congruent_EVALUATION_TUntrust_directed
0

Color: 0 155 155

congruent_EVALUATION_TUntrust_averted
2
148658	152763
424654	428759

Color: 128 128 128

congruent_EVALUATION_PC
2
228174	232280
362172	366277

Color: 238 238 238

congruent_DECISION_TTrust_directed
2
70793	74897
398788	402894

Color: 10 40 40

congruent_DECISION_TTrust_directed_excluded
2
14728	18833
284673	288778

Color: 100 100 100

congruent_DECISION_TTrust_averted
2
40777	44878
258857	262961

Color: 140 50 0

congruent_DECISION_TUntrust_directed
2
124675	128777
336672	340778

Color: 0 30 40

congruent_DECISION_TUntrust_averted
2
204674	208779
430787	434893

Color: 240 30 0

congruent_DECISION_TUntrust_averted_excluded
2
96676	100781
154792	158896

Color: 100 100 100

congruent_DECISION_PC
2
234307	238412
310189	314290

Color: 0 50 70

congruent_DECISION_PC_excluded
2
178191	182297
368305	372410

Color: 100 100 100

congruent_FEEDBACK_TTrust_directed
2
80910	82926
408905	410921

Color: 90 10 70

congruent_FEEDBACK_TTrust_directed_excluded
2
24868	26877
294791	296806

Color: 100 100 100

congruent_FEEDBACK_TTrust_averted
2
48896	50909
268974	270989

Color: 60 20 50

congruent_FEEDBACK_TUntrust_directed
2
132793	134808
346790	348805

Color: 80 30 60

congruent_FEEDBACK_TUntrust_averted
2
212792	214807
438905	440920

Color: 40 50 20


congruent_FEEDBACK_TUntrust_averted_excluded
2
106793	108809
162909	164924

Color: 100 100 100

congruent_FEEDBACK_PC
2
242425	244440
318307	320322

Color: 200 200 70

congruent_FEEDBACK_PC_excluded
2
188309	190324
376422	378438

Color: 100 100 100

No_Response
0

Color: 90 90 90

