
FileVersion:        1

ResolutionOfTime:   msec

Experiment:         trustgame_run2

BackgroundColor:    0 0 0
TextColor:          255 255 255
TimeCourseColor:    0 170 0
TimeCourseThick:    3
ReferenceFuncColor: 113 113 255
ReferenceFuncThick: 3

NrOfConditions:     30



congruent_VIDEO_TTrust_directed
2
138076	142635
280076	284632

Color: 255 255 255

congruent_VIDEO_TTrust_directed_excluded
2
228076	232633
306075	310631

Color: 100 100 100

congruent_VIDEO_TTrust_averted
2
8077	12757
32077	36734

Color: 155 155 155

congruent_VIDEO_TUntrust_directed
2
112076	116635
362075	366630

Color: 255 0 255

congruent_VIDEO_TUntrust_averted
2
256076	260631
388074	392630

Color: 155 0 155

congruent_VIDEO_TUntrust_averted_excluded
2
84076	88637
196076	200634

Color: 100 100 100

congruent_VIDEO_PC
2
168076	172149
338075	342146

Color: 255 255 0

congruent_VIDEO_PC_excluded
2
56076	60152
418074	422144

Color: 100 100 100

congruent_EVALUATION_TTrust_directed
2
142650	146753
310646	314750

Color: 0 255 255

congruent_EVALUATION_TTrust_averted
0

Color: 228 228 228

congruent_EVALUATION_TUntrust_directed
0

Color: 0 155 155

congruent_EVALUATION_TUntrust_averted
2
200648	204750
392644	396745

Color: 128 128 128

congruent_EVALUATION_PC
2
172165	176267
422160	426261

Color: 238 238 238

congruent_DECISION_TTrust_directed
2
148782	152884
286663	290764

Color: 10 40 40

congruent_DECISION_TTrust_directed_excluded
2
234664	238765
316779	320882

Color: 100 100 100

congruent_DECISION_TTrust_averted
2
14836	18938
38768	42870

Color: 140 50 0

congruent_DECISION_TUntrust_directed
2
118666	122768
368661	372764

Color: 0 30 40

congruent_DECISION_TUntrust_averted
2
262664	266765
398777	402879

Color: 240 30 0

congruent_DECISION_TUntrust_averted_excluded
2
90667	94769
206781	210882

Color: 100 100 100

congruent_DECISION_PC
2
178299	182400
344179	348281

Color: 0 50 70

congruent_DECISION_PC_excluded
2
62184	66286
428294	432395

Color: 100 100 100

congruent_FEEDBACK_TTrust_directed
2
156900	158915
296781	298796

Color: 90 10 70

congruent_FEEDBACK_TTrust_directed_excluded
2
244782	246797
326897	328912

Color: 100 100 100

congruent_FEEDBACK_TTrust_averted
2
22976	24985
46887	48901

Color: 60 20 50

congruent_FEEDBACK_TUntrust_directed
2
128784	130799
376779	378794

Color: 80 30 60

congruent_FEEDBACK_TUntrust_averted
2
270781	272796
408895	410910

Color: 40 50 20

congruent_FEEDBACK_TUntrust_averted_excluded
2
100785	102800
216899	218914

Color: 100 100 100

congruent_FEEDBACK_PC
2
186416	188431
352296	354311

Color: 200 200 70

congruent_FEEDBACK_PC_excluded
2
72302	74317
436411	438426

Color: 100 100 100

No_Response
0

Color: 90 90 90

