
FileVersion:        1

ResolutionOfTime:   msec

Experiment:         trustgame_run4

BackgroundColor:    0 0 0
TextColor:          255 255 255
TimeCourseColor:    0 170 0
TimeCourseThick:    3
ReferenceFuncColor: 113 113 255
ReferenceFuncThick: 3

NrOfConditions:     30



congruent_VIDEO_TTrust_directed
2
34002	38577
60002	64573

Color: 255 255 255

congruent_VIDEO_TTrust_directed_excluded
2
274000	278565
330000	334563

Color: 100 100 100

congruent_VIDEO_TTrust_averted
2
112002	116673
196001	200757

Color: 155 155 155

congruent_VIDEO_TUntrust_directed
2
250001	254566
298000	302564

Color: 255 0 255

congruent_VIDEO_TUntrust_averted
2
140001	144570

Color: 155 0 155

congruent_VIDEO_TUntrust_averted_excluded
2
88002	92571
222001	226566

Color: 100 100 100

congruent_VIDEO_PC
2
360000	364077
391999	396076

Color: 255 255 0

congruent_VIDEO_PC_excluded
2
8002	12089
417999	422075

Color: 100 100 100

congruent_EVALUATION_TTrust_directed
1
334578	338616

Color: 0 255 255

congruent_EVALUATION_TTrust_averted
1
116686	120726

Color: 228 228 228

congruent_EVALUATION_TUntrust_directed
1
302579	306618

Color: 0 155 155

congruent_EVALUATION_TUntrust_averted
1
170583	174622

Color: 128 128 128

congruent_EVALUATION_PC
2
364093	368133
422091	426128

Color: 238 238 238

congruent_DECISION_TTrust_directed
2
40605	44645
66604	70643

Color: 10 40 40

congruent_DECISION_TTrust_directed_excluded
2
280596	284636
340644	344683

Color: 100 100 100

congruent_DECISION_TTrust_averted
2
122752	126787
202782	206822

Color: 140 50 0

congruent_DECISION_TUntrust_directed
2
256597	260636
308645	312686

Color: 0 30 40

congruent_DECISION_TUntrust_averted
2
146600	150641
176650	180690

Color: 240 30 0

congruent_DECISION_TUntrust_averted_excluded
2
94602	98642
228598	232636

Color: 100 100 100

congruent_DECISION_PC
2
370160	374199
398109	402149

Color: 0 50 70

congruent_DECISION_PC_excluded
2
14173	18213
428158	432195

Color: 100 100 100

congruent_FEEDBACK_TTrust_directed
2
50657	52670
76654	78670

Color: 90 10 70

congruent_FEEDBACK_TTrust_directed_excluded
2
288647	290662
348695	350710

Color: 100 100 100

congruent_FEEDBACK_TTrust_averted
2
130803	132818
210833	212848

Color: 60 20 50

congruent_FEEDBACK_TUntrust_directed
2
264648	266663
318696	320711

Color: 80 30 60

congruent_FEEDBACK_TUntrust_averted
2
156652	158667
186701	188716

Color: 40 50 20

congruent_FEEDBACK_TUntrust_averted_excluded
2
102653	104669
238649	240664

Color: 100 100 100

congruent_FEEDBACK_PC
2
380211	382226
406160	408175

Color: 200 200 70

congruent_FEEDBACK_PC_excluded
2
24246	26255
436208	438224

Color: 100 100 100

No_Response
0

Color: 90 90 90

