
FileVersion:        1

ResolutionOfTime:   msec

Experiment:         trustgame_run2

BackgroundColor:    0 0 0
TextColor:          255 255 255
TimeCourseColor:    0 170 0
TimeCourseThick:    3
ReferenceFuncColor: 113 113 255
ReferenceFuncThick: 3

NrOfConditions:     30



congruent_VIDEO_TTrust_directed
2
280076	284632
306076	310630

Color: 255 255 255

congruent_VIDEO_TTrust_directed_excluded
2
138076	142636
228076	232633

Color: 100 100 100

congruent_VIDEO_TTrust_averted
2
8077	12757
32077	36735

Color: 155 155 155

congruent_VIDEO_TUntrust_directed
2
362076	366645
112076	116636

Color: 255 0 255

congruent_VIDEO_TUntrust_averted
2
84077	88638
256076	260631

Color: 155 0 155

congruent_VIDEO_TUntrust_averted_excluded
2
388076	392646
196076	200633

Color: 100 100 100

congruent_VIDEO_PC
2
168076	172149
338076	342144

Color: 255 255 0

congruent_VIDEO_PC_excluded
2
56077	60153
418075	422142

Color: 100 100 100

congruent_EVALUATION_TTrust_directed
2
142650	146757
310645	314750

Color: 0 255 255

congruent_EVALUATION_TTrust_averted
0

Color: 228 228 228

congruent_EVALUATION_TUntrust_directed
0

Color: 0 155 155

congruent_EVALUATION_TUntrust_averted
2
200648	204753
392659	396764

Color: 128 128 128

congruent_EVALUATION_PC
2
172165	176267
422158	426263

Color: 238 238 238

congruent_DECISION_TTrust_directed
2
286662	290767
316778	320883

Color: 10 40 40

congruent_DECISION_TTrust_directed_excluded
2
148783	152884
234664	238769


Color: 100 100 100

congruent_DECISION_TTrust_averted
2
14838	18944
38769	42874

Color: 140 50 0

congruent_DECISION_TUntrust_directed
2
368676	372777
118667	122772

Color: 0 30 40

congruent_DECISION_TUntrust_averted
2
90668	94773
262663	266768

Color: 240 30 0

congruent_DECISION_TUntrust_averted_excluded
2
398792	402897
206781	210886

Color: 240 30 0

congruent_DECISION_PC
2
178299	182401
344177	348280

Color: 0 50 70

congruent_DECISION_PC_excluded
2
62185	66286
428291	432392

Color: 100 100 100

congruent_FEEDBACK_TTrust_directed
2
296779	298795
326895	328910

Color: 90 10 70

congruent_FEEDBACK_TTrust_directed_excluded
2
156900	158915
244781	246796

Color: 100 100 100

congruent_FEEDBACK_TTrust_averted
2
22978	24986
46889	48902

Color: 60 20 50

congruent_FEEDBACK_TUntrust_directed
2
376794	378809
128785	130800

Color: 80 30 60

congruent_FEEDBACK_TUntrust_averted
2
100786	102801
270780	272795

Color: 40 50 20

congruent_FEEDBACK_TUntrust_averted_excluded
2
408909	410925
216899	218914

Color: 100 100 100

congruent_FEEDBACK_PC
2
186416	188431
352294	354310

Color: 200 200 70

congruent_FEEDBACK_PC_excluded
2
72303	74318
436409	438424

Color: 100 100 100

No_Response
0

Color: 90 90 90

