
FileVersion:        1

ResolutionOfTime:   msec

Experiment:         trustgame_run1

BackgroundColor:    0 0 0
TextColor:          255 255 255
TimeCourseColor:    0 170 0
TimeCourseThick:    3
ReferenceFuncColor: 113 113 255
ReferenceFuncThick: 3

NrOfConditions:     30



congruent_VIDEO_TTrust_directed
2
168001	172564
409998	414556


Color: 255 255 255

congruent_VIDEO_TTrust_directed_excluded
2
8003	12571
192001	196563

Color: 100 100 100

congruent_VIDEO_TTrust_averted
2
329999	334695
355999	360653

Color: 155 155 155

congruent_VIDEO_TUntrust_directed
2
34002	38568
114002	118564

Color: 255 0 255

congruent_VIDEO_TUntrust_averted
2
58002	62568
381999	386556

Color: 155 0 155

congruent_VIDEO_TUntrust_averted_excluded
2
140001	144564
305999	310558

Color: 100 100 100

congruent_VIDEO_PC
2
86002	90147
222001	226075

Color: 255 255 0

congruent_VIDEO_PC_excluded
2
252000	256074
277999	282074

Color: 100 100 100

congruent_EVALUATION_TTrust_directed
1
414569	416736

Color: 0 255 255

congruent_EVALUATION_TTrust_averted
0

Color: 228 228 228

congruent_EVALUATION_TUntrust_directed
1
118579	121520

Color: 0 155 155

congruent_EVALUATION_TUntrust_averted
1
386570	388752

Color: 128 128 128

congruent_EVALUATION_PC
2
226092	229364
282090	284533

Color: 238 238 238

congruent_DECISION_TTrust_directed
2
174593	178610
418769	422789

Color: 10 40 40

congruent_DECISION_TTrust_directed_excluded
2
14666	18682
202642	206659

Color: 100 100 100

congruent_DECISION_TTrust_averted
2
336721	340738
362687	366704

Color: 140 50 0

congruent_DECISION_TUntrust_directed
2
40598	44613
123545	127566

Color: 0 30 40

congruent_DECISION_TUntrust_averted
2
64597	68613
390786	394802

Color: 240 30 0

congruent_DECISION_TUntrust_averted_excluded
2
146594	150615
312588	316605

Color: 100 100 100

congruent_DECISION_PC
2
92179	96195
231391	235407

Color: 0 50 70

congruent_DECISION_PC_excluded
2
258107	262123
286556	290573

Color: 100 100 100

congruent_FEEDBACK_TTrust_directed
2
182627	184643
426803	428818

Color: 90 10 70

congruent_FEEDBACK_TTrust_directed_excluded
2
24723	26731
212678	214692

Color: 90 10 70

congruent_FEEDBACK_TTrust_averted
2
344756	346771
370721	372737

Color: 60 20 50

congruent_FEEDBACK_TUntrust_directed
2
48634	50647
131579	133594

Color: 80 30 60

congruent_FEEDBACK_TUntrust_averted
2
74631	76646
398820	400836

Color: 40 50 20

congruent_FEEDBACK_TUntrust_averted_excluded
2
156628	158644
320623	322638

Color: 100 100 100

congruent_FEEDBACK_PC
2
102214	104229
241426	243441

Color: 200 200 70

congruent_FEEDBACK_PC_excluded
2
268141	270157
296590	298606

Color: 100 100 100

No_Response
1
196593	200613

Color: 90 90 90

