
FileVersion:        1

ResolutionOfTime:   msec

Experiment:         trustgame_run4

BackgroundColor:    0 0 0
TextColor:          255 255 255
TimeCourseColor:    0 170 0
TimeCourseThick:    3
ReferenceFuncColor: 113 113 255
ReferenceFuncThick: 3

NrOfConditions:     30



congruent_VIDEO_TTrust_directed
2
60002	64562
404000	408567

Color: 255 255 255

congruent_VIDEO_TTrust_directed_excluded
2
8003	12566
290001	294571

Color: 100 100 100

congruent_VIDEO_TTrust_averted
2
34003	38676
264001	268757

Color: 155 155 155

congruent_VIDEO_TUntrust_directed
2
122001	126560
342000	346569

Color: 255 0 255

congruent_VIDEO_TUntrust_averted
2
148001	152561
206001	210556

Color: 155 0 155

congruent_VIDEO_TUntrust_averted_excluded
1
94002	98561

Color: 100 100 100

congruent_VIDEO_PC
2
316001	320068
370000	374066

Color: 255 255 0

congruent_VIDEO_PC_excluded
2
180001	184089
232001	236071

Color: 255 255 0

congruent_EVALUATION_TTrust_directed
0

Color: 0 255 255

congruent_EVALUATION_TTrust_averted
0

Color: 228 228 228

congruent_EVALUATION_TUntrust_directed
0

Color: 0 155 155

congruent_EVALUATION_TUntrust_averted
0

Color: 128 128 128

congruent_EVALUATION_PC
0

Color: 238 238 238

congruent_DECISION_TTrust_directed
2
74726	78827
418714	422815

Color: 10 40 40

congruent_DECISION_TTrust_directed_excluded
2
14645	18749
296601	300706

Color: 100 100 100

congruent_DECISION_TTrust_averted
2
40710	44811
270786	274888

Color: 140 50 0

congruent_DECISION_TUntrust_directed
2
128591	132696
348600	352702

Color: 0 30 40

congruent_DECISION_TUntrust_averted
2
162706	166809
212588	216689

Color: 240 30 0

congruent_DECISION_TUntrust_averted_excluded
1
100592	104696

Color: 100 100 100

congruent_DECISION_PC
2
322101	326205
384215	388317

Color: 0 50 70

congruent_DECISION_PC_excluded
2
186122	190228
246220	250322

Color: 100 100 100


congruent_FEEDBACK_TTrust_directed
2
84843	86858
428831	430847

Color: 90 10 70

congruent_FEEDBACK_TTrust_directed_excluded
2
24785	26794
306719	308734

Color: 100 100 100

congruent_FEEDBACK_TTrust_averted
2
48829	50843
280903	282918

Color: 60 20 50

congruent_FEEDBACK_TUntrust_directed
2
136708	138723
358717	360732

Color: 80 30 60

congruent_FEEDBACK_TUntrust_averted
2
170824	172839
220705	222720

Color: 40 50 20

congruent_FEEDBACK_TUntrust_averted_excluded
1
110709	112724

Color: 100 100 100

congruent_FEEDBACK_PC
2
330218	332233
392332	394348

Color: 200 200 70

congruent_FEEDBACK_PC_excluded
2
196239	198255
254337	256353

Color: 100 100 100

No_Response
5
68594	72700
156573	160678
240087	244192
378082	382185
412581	416686

Color: 90 90 90

