
FileVersion:        1

ResolutionOfTime:   msec

Experiment:         trustgame_run3

BackgroundColor:    0 0 0
TextColor:          255 255 255
TimeCourseColor:    0 170 0
TimeCourseThick:    3
ReferenceFuncColor: 113 113 255
ReferenceFuncThick: 3

NrOfConditions:     30



congruent_VIDEO_TTrust_directed
2
8077	12642
60077	64636

Color: 255 255 255

congruent_VIDEO_TTrust_directed_excluded
2
278076	282647
388075	392644

Color: 100 100 100

congruent_VIDEO_TTrust_averted
2
34077	38752
252076	256831

Color: 155 155 155

congruent_VIDEO_TUntrust_directed
2
118077	122635
330075	334629

Color: 255 0 255

congruent_VIDEO_TUntrust_averted
2
144077	148634
198076	202632

Color: 155 0 155

congruent_VIDEO_TUntrust_averted_excluded
2
90077	94636
420076	424643

Color: 100 100 100

congruent_VIDEO_PC
2
172076	176165
358075	362142

Color: 255 255 0

congruent_VIDEO_PC_excluded
2
224076	228146
304075	308144

Color: 100 100 100

congruent_EVALUATION_TTrust_directed
2
64652	68758
392658	396759

Color: 0 255 255

congruent_EVALUATION_TTrust_averted
0

Color: 228 228 228

congruent_EVALUATION_TUntrust_directed
0

Color: 0 155 155

congruent_EVALUATION_TUntrust_averted
2
148649	152753
424657	428761

Color: 128 128 128

congruent_EVALUATION_PC
2
228163	232268
362159	366264

Color: 238 238 238

congruent_DECISION_TTrust_directed
2
14720	18826
70784	74889

Color: 10 40 40

congruent_DECISION_TTrust_directed_excluded
2
284678	288783
398791	402895

Color: 100 100 100

congruent_DECISION_TTrust_averted
2
40785	44890
258862	262967

Color: 140 50 0

congruent_DECISION_TUntrust_directed
2
124666	128770
336659	340763

Color: 0 30 40

congruent_DECISION_TUntrust_averted
2
154782	158886
204663	208768

Color: 240 30 0

congruent_DECISION_TUntrust_averted_excluded
2
96667	100771
430790	434894

Color: 100 100 100

congruent_DECISION_PC
2
178197	182302
368292	372397

Color: 0 50 70

congruent_DECISION_PC_excluded
2
234296	238401
310177	314282

Color: 0 50 70

congruent_FEEDBACK_TTrust_directed
2
24859	26869
80902	82917

Color: 90 10 70

congruent_FEEDBACK_TTrust_directed_excluded
2
294795	296810
408908	410923

Color: 100 100 100

congruent_FEEDBACK_TTrust_averted
2
48904	50918
268979	270994

Color: 60 20 50

congruent_FEEDBACK_TUntrust_directed
2
132783	134798
346777	348792

Color: 80 30 60

congruent_FEEDBACK_TUntrust_averted
2
162899	164914
212781	214796

Color: 40 50 20

congruent_FEEDBACK_TUntrust_averted_excluded
2
106784	108799
438907	440923

Color: 100 100 100

congruent_FEEDBACK_PC
2
188315	190330
376409	378424

Color: 200 200 70

congruent_FEEDBACK_PC_excluded
2
242413	244428
318294	320309

Color: 100 100 100

No_Response
0

Color: 90 90 90

