
FileVersion:        1

ResolutionOfTime:   msec

Experiment:         trustgame_run1

BackgroundColor:    0 0 0
TextColor:          255 255 255
TimeCourseColor:    0 170 0
TimeCourseThick:    3
ReferenceFuncColor: 113 113 255
ReferenceFuncThick: 3

NrOfConditions:     30



congruent_VIDEO_TTrust_directed
2
8003	12573
418005	422566

Color: 255 255 255

congruent_VIDEO_TTrust_directed_excluded
2
170003	174571
194003	198568

Color: 100 100 100

congruent_VIDEO_TTrust_averted
2
336005	340703
362005	366661

Color: 155 155 155

congruent_VIDEO_TUntrust_directed
2
34002	38570
114003	118569

Color: 255 0 255

congruent_VIDEO_TUntrust_averted
2
312005	316567
388005	392565

Color: 155 0 155

congruent_VIDEO_TUntrust_averted_excluded
2
58002	62569
142003	146569

Color: 100 100 100

congruent_VIDEO_PC
2
86003	90134
224004	228083

Color: 255 255 0

congruent_VIDEO_PC_excluded
2
256004	260082
282004	286082

Color: 100 100 100

congruent_EVALUATION_TTrust_directed
2
198583	202618
422580	426621

Color: 0 255 255

congruent_EVALUATION_TTrust_averted
0

Color: 228 228 228

congruent_EVALUATION_TUntrust_directed
1
118585	122626

Color: 0 155 155

congruent_EVALUATION_TUntrust_averted
1
392580	396618

Color: 128 128 128

congruent_EVALUATION_PC
2
228099	232135
286098	290139

Color: 238 238 238

congruent_DECISION_TTrust_directed
2
14652	18693
428646	432682

Color: 10 40 40

congruent_DECISION_TTrust_directed_excluded
2
176599	180636
204649	208685

Color: 100 100 100

congruent_DECISION_TTrust_averted
2
342731	346767
368697	372733

Color: 140 50 0

congruent_DECISION_TUntrust_directed
2
40601	44638
124650	128687

Color: 0 30 40

congruent_DECISION_TUntrust_averted
2
318598	322634
398647	402684

Color: 240 30 0

congruent_DECISION_TUntrust_averted_excluded
2
64601	68642
148600	152636

Color: 100 100 100

congruent_DECISION_PC
2
92167	96203
234165	238201

Color: 0 50 70

congruent_DECISION_PC_excluded
2
262115	266151
292165	296205

Color: 100 100 100

congruent_FEEDBACK_TTrust_directed
2
24726	26735
436697	438713

Color: 90 10 70

congruent_FEEDBACK_TTrust_directed_excluded
2
184650	186666
214700	216715

Color: 100 100 100

congruent_FEEDBACK_TTrust_averted
2
350782	352797
376748	378763

Color: 60 20 50

congruent_FEEDBACK_TUntrust_directed
2
48654	50667
132701	134716

Color: 80 30 60

congruent_FEEDBACK_TUntrust_averted
2
326649	328664
406698	408713

Color: 40 50 20

congruent_FEEDBACK_TUntrust_averted_excluded
2
74652	76667
158651	160666

Color: 100 100 100

congruent_FEEDBACK_PC
2
102218	104233
244216	246232

Color: 200 200 70

congruent_FEEDBACK_PC_excluded
2
272166	274181
302216	304231

Color: 100 100 100

No_Response
0

Color: 90 90 90

