
FileVersion:        1

ResolutionOfTime:   msec

Experiment:         trustgame_run2

BackgroundColor:    0 0 0
TextColor:          255 255 255
TimeCourseColor:    0 170 0
TimeCourseThick:    3
ReferenceFuncColor: 113 113 255
ReferenceFuncThick: 3

NrOfConditions:     30



congruent_VIDEO_TTrust_directed
2
228079	232642
280079	284642

Color: 255 255 255

congruent_VIDEO_TTrust_directed_excluded
2
138078	142643
306079	310642

Color: 100 100 100

congruent_VIDEO_TTrust_averted
2
8077	12757
32077	36732

Color: 155 155 155

congruent_VIDEO_TUntrust_directed
2
112077	116643
362080	366640

Color: 255 0 255

congruent_VIDEO_TUntrust_averted
2
84077	88643
196078	200642

Color: 155 0 155

congruent_VIDEO_TUntrust_averted_excluded
2
256079	260641
388080	392640

Color: 100 100 100

congruent_VIDEO_PC
2
56078	60159
338080	342156

Color: 255 255 0

congruent_VIDEO_PC_excluded
2
168078	172158
418081	422155

Color: 100 100 100

congruent_EVALUATION_TTrust_directed
2
142658	146763
310656	314761

Color: 0 255 255

congruent_EVALUATION_TTrust_averted
0

Color: 228 228 228

congruent_EVALUATION_TUntrust_directed
0

Color: 0 155 155

congruent_EVALUATION_TUntrust_averted
2
200657	204762
392655	396760

Color: 128 128 128

congruent_EVALUATION_PC
2
172174	176278
422171	426276

Color: 238 238 238

congruent_DECISION_TTrust_directed
2
234673	238778
286673	290778

Color: 10 40 40

congruent_DECISION_TTrust_directed_excluded
2
148791	152896
316789	320894

Color: 100 100 100

congruent_DECISION_TTrust_averted
2
14843	18944
38759	42864

Color: 140 50 0

congruent_DECISION_TUntrust_directed
2
118674	122780
368672	372777

Color: 0 30 40

congruent_DECISION_TUntrust_averted
2
90675	94779
206790	210895

Color: 240 30 0

congruent_DECISION_TUntrust_averted_excluded
2
262673	266778
398788	402893

Color: 100 100 100

congruent_DECISION_PC
2
62192	66297
344189	348293

Color: 0 50 70

congruent_DECISION_PC_excluded
2
178307	182412
428304	432409

Color: 100 100 100

congruent_FEEDBACK_TTrust_directed
2
244791	246806
296790	298806

Color: 90 10 70

congruent_FEEDBACK_TTrust_directed_excluded
2
156908	158924
326907	328922

Color: 100 100 100

congruent_FEEDBACK_TTrust_averted
2
22983	24992
46878	48891

Color: 60 20 50

congruent_FEEDBACK_TUntrust_directed
2
128792	130807
376789	378805

Color: 80 30 60

congruent_FEEDBACK_TUntrust_averted
2
100792	102808
216908	218923

Color: 40 50 20

congruent_FEEDBACK_TUntrust_averted_excluded
2
270791	272806
408906	410921

Color: 100 100 100

congruent_FEEDBACK_PC
2
72309	74325
352306	354322

Color: 200 200 70

congruent_FEEDBACK_PC_excluded
2
186425	188440
436422	438437

Color: 100 100 100

No_Response
0

Color: 90 90 90

