
FileVersion:        1

ResolutionOfTime:   msec

Experiment:         trustgame_run2

BackgroundColor:    0 0 0
TextColor:          255 255 255
TimeCourseColor:    0 170 0
TimeCourseThick:    3
ReferenceFuncColor: 113 113 255
ReferenceFuncThick: 3

NrOfConditions:     30



congruent_VIDEO_TTrust_directed
2
228079	232639
280079	284640

Color: 255 255 255

congruent_VIDEO_TTrust_directed_excluded
2
138078	142640
306079	310641

Color: 100 100 100

congruent_VIDEO_TTrust_averted
2
8077	12756
32077	36733

Color: 155 155 155

congruent_VIDEO_TUntrust_directed
2
112078	116639
362080	366638

Color: 255 0 255

congruent_VIDEO_TUntrust_averted
2
84078	88640
256079	260639

Color: 155 0 155

congruent_VIDEO_TUntrust_averted_excluded
2
196078	200639
388080	392639

Color: 100 100 100

congruent_VIDEO_PC
2
56078	60155
338080	342153

Color: 255 255 0

congruent_VIDEO_PC_excluded
2
168078	172154
418081	422153

Color: 100 100 100

congruent_EVALUATION_TTrust_directed
2
142655	146760
310654	314758

Color: 0 255 255

congruent_EVALUATION_TTrust_averted
0

Color: 228 228 228

congruent_EVALUATION_TUntrust_directed
0

Color: 0 155 155

congruent_EVALUATION_TUntrust_averted
2
200654	204758
392653	396757

Color: 128 128 128

congruent_EVALUATION_PC
2
172171	176275
422169	426274

Color: 238 238 238

congruent_DECISION_TTrust_directed
2
234670	238774
286670	290775

Color: 10 40 40

congruent_DECISION_TTrust_directed_excluded
2
148787	152892
316786	320891

Color: 100 100 100

congruent_DECISION_TTrust_averted
2
14839	18924
38755	42840

Color: 140 50 0

congruent_DECISION_TUntrust_directed
2
118671	122756
368669	372774

Color: 0 30 40

congruent_DECISION_TUntrust_averted
2
90671	94755
262670	266775

Color: 240 30 0

congruent_DECISION_TUntrust_averted_excluded
2
206787	210891
398786	402890

Color: 100 100 100

congruent_DECISION_PC
2
62188	66273
344186	348291

Color: 0 50 70

congruent_DECISION_PC_excluded
2
178304	182409
428302	432407

Color: 100 100 100

congruent_FEEDBACK_TTrust_directed
2
244788	246803
296787	298803

Color: 90 10 70

congruent_FEEDBACK_TTrust_directed_excluded
2
156905	158920
326904	328919

Color: 100 100 100

congruent_FEEDBACK_TTrust_averted
2
22962	24971
46858	48871

Color: 60 20 50

congruent_FEEDBACK_TUntrust_directed
2
128772	130787
376787	378802

Color: 80 30 60

congruent_FEEDBACK_TUntrust_averted
2
100772	102787
270788	272803

Color: 40 50 20

congruent_FEEDBACK_TUntrust_averted_excluded
2
216905	218920
408903	410919

Color: 100 100 100

congruent_FEEDBACK_PC
2
72289	74304
352304	354319

Color: 200 200 70

congruent_FEEDBACK_PC_excluded
2
186422	188437
436420	438435

Color: 100 100 100

No_Response
0

Color: 90 90 90

