
FileVersion:        1

ResolutionOfTime:   msec

Experiment:         trustgame_run1

BackgroundColor:    0 0 0
TextColor:          255 255 255
TimeCourseColor:    0 170 0
TimeCourseThick:    3
ReferenceFuncColor: 113 113 255
ReferenceFuncThick: 3

NrOfConditions:     30



congruent_VIDEO_TTrust_directed
2
8003	12581
60003	64561

Color: 255 255 255

congruent_VIDEO_TTrust_directed_excluded
2
86002	90559
118003	122558

Color: 100 100 100

congruent_VIDEO_TTrust_averted
2
200001	204675
282001	286760

Color: 155 155 155

congruent_VIDEO_TUntrust_directed
2
146001	150558
312001	316570

Color: 255 0 255

congruent_VIDEO_TUntrust_averted
2
172001	176557
362000	366568

Color: 155 0 155

congruent_VIDEO_TUntrust_averted_excluded
2
34003	38560
338001	342571

Color: 155 0 155

congruent_VIDEO_PC
2
228001	232087
252001	256069

Color: 255 255 0

congruent_VIDEO_PC_excluded
2
392000	396082
418000	422081

Color: 100 100 100

congruent_EVALUATION_TTrust_directed
0

Color: 0 255 255

congruent_EVALUATION_TTrust_averted
1
286768	290808

Color: 228 228 228

congruent_EVALUATION_TUntrust_directed
0

Color: 0 155 155

congruent_EVALUATION_TUntrust_averted
2
176571	180612
366583	370623

Color: 128 128 128

congruent_EVALUATION_PC
1
256085	260125

Color: 238 238 238

congruent_DECISION_TTrust_directed
2
14659	18695
66591	70631

Color: 10 40 40

congruent_DECISION_TTrust_directed_excluded
2
96640	100680
124589	128625

Color: 100 100 100

congruent_DECISION_TTrust_averted
2
206703	210744
292834	296870

Color: 140 50 0

congruent_DECISION_TUntrust_directed
2
152588	156628
318600	322636

Color: 0 30 40

congruent_DECISION_TUntrust_averted
2
182637	186678
372649	376689

Color: 240 30 0

congruent_DECISION_TUntrust_averted_excluded
2
40591	44631
344600	348640

Color: 100 100 100

congruent_DECISION_PC
2
234119	238159
262152	266191

Color: 0 50 70

congruent_DECISION_PC_excluded
2
398115	402155
428164	432204

Color: 100 100 100

congruent_FEEDBACK_TTrust_directed
2
22733	24742
74641	76657

Color: 90 10 70

congruent_FEEDBACK_TTrust_directed_excluded
2
106691	108706
134640	136655

Color: 100 100 100

congruent_FEEDBACK_TTrust_averted
2
216754	218769
302885	304900

Color: 60 20 50

congruent_FEEDBACK_TUntrust_directed
2
160639	162654
326651	328666

Color: 80 30 60

congruent_FEEDBACK_TUntrust_averted
2
190688	192703
382700	384715

Color: 40 50 20

congruent_FEEDBACK_TUntrust_averted_excluded
2
50644	52657
352651	354666

Color: 100 100 100

congruent_FEEDBACK_PC
2
242170	244185
270203	272218

Color: 200 200 70

congruent_FEEDBACK_PC_excluded
2
408166	410181
438215	440230

Color: 100 100 100

No_Response
2
90574	94615
422098	426138

Color: 90 90 90

