
FileVersion:        1

ResolutionOfTime:   msec

Experiment:         trustgame_run4

BackgroundColor:    0 0 0
TextColor:          255 255 255
TimeCourseColor:    0 170 0
TimeCourseThick:    3
ReferenceFuncColor: 113 113 255
ReferenceFuncThick: 3

NrOfConditions:     30



congruent_VIDEO_TTrust_directed
2
60003	64560
274004	278572

Color: 255 255 255

congruent_VIDEO_TTrust_directed_excluded
2
34003	38579
330004	334572

Color: 100 100 100

congruent_VIDEO_TTrust_averted
2
112003	116676
196003	200759

Color: 155 155 155

congruent_VIDEO_TUntrust_directed
2
250004	254574
298004	302572

Color: 255 0 255

congruent_VIDEO_TUntrust_averted
2
140003	144558
166003	170557

Color: 155 0 155

congruent_VIDEO_TUntrust_averted_excluded
2
88003	92560
222003	226573

Color: 100 100 100

congruent_VIDEO_PC
2
8003	12092
392004	396069

Color: 255 255 0

congruent_VIDEO_PC_excluded
2
360004	364086
418004	422068

Color: 100 100 100

congruent_EVALUATION_TTrust_directed
1
334586	338626

Color: 0 255 255

congruent_EVALUATION_TTrust_averted
1
116707	120744

Color: 228 228 228

congruent_EVALUATION_TUntrust_directed
1
302587	306627

Color: 0 155 155

congruent_EVALUATION_TUntrust_averted
1
170572	174612

Color: 128 128 128

congruent_EVALUATION_PC
2
364102	368139
422085	426125

Color: 238 238 238

congruent_DECISION_TTrust_directed
2
66591	70626
280604	284644

Color: 10 40 40

congruent_DECISION_TTrust_directed_excluded
2
40608	44648
340653	344689

Color: 100 100 100

congruent_DECISION_TTrust_averted
2
122773	126814
202788	206829

Color: 140 50 0

congruent_DECISION_TUntrust_directed
2
256604	260640
308653	312693

Color: 0 30 40

congruent_DECISION_TUntrust_averted
2
146589	150625
176639	180680

Color: 240 30 0

congruent_DECISION_TUntrust_averted_excluded
2
94590	98630
228604	232644

Color: 100 100 100

congruent_DECISION_PC
2
14176	18213
398102	402142

Color: 0 50 70

congruent_DECISION_PC_excluded
2
370169	374205
428151	432191

Color: 100 100 100

congruent_FEEDBACK_TTrust_directed
2
76641	78657
288654	290670

Color: 90 10 70

congruent_FEEDBACK_TTrust_directed_excluded
2
50660	52674
348703	350719

Color: 100 100 100

congruent_FEEDBACK_TTrust_averted
2
130824	132839
210839	212854

Color: 60 20 50

congruent_FEEDBACK_TUntrust_directed
2
264655	266670
318704	320719

Color: 80 30 60

congruent_FEEDBACK_TUntrust_averted
2
156640	158655
186690	188705

Color: 40 50 20

congruent_FEEDBACK_TUntrust_averted_excluded
2
102641	104656
238655	240671

Color: 100 100 100

congruent_FEEDBACK_PC
2
24249	26258
406152	408168

Color: 200 200 70

congruent_FEEDBACK_PC_excluded
2
380220	382235
436202	438217

Color: 100 100 100

No_Response
0

Color: 90 90 90

