
FileVersion:        1

ResolutionOfTime:   msec

Experiment:         trustgame_run1

BackgroundColor:    0 0 0
TextColor:          255 255 255
TimeCourseColor:    0 170 0
TimeCourseThick:    3
ReferenceFuncColor: 113 113 255
ReferenceFuncThick: 3

NrOfConditions:     30



congruent_VIDEO_TTrust_directed
2
8003 12579
170001 174569

Color: 255 255 255

congruent_VIDEO_TTrust_directed_excluded
1
194001 198571

Color: 100 100 100

congruent_VIDEO_TTrust_averted
2
344000 348706
370000 374656

Color: 155 155 155

congruent_VIDEO_TUntrust_directed
1
34003 38575

Color: 255 0 255

congruent_VIDEO_TUntrust_averted
2
58002 62575
142001 146554

Color: 155 0 155

congruent_VIDEO_TUntrust_averted_excluded
2
320000 324564
395999 400561

Color: 100 100 100

congruent_VIDEO_PC
2
224001 228083
260001 264082

Color: 255 255 0

congruent_VIDEO_PC_excluded
1
286001 290081

Color: 100 100 100

congruent_EVALUATION_TTrust_directed
1
202584 203394

Color: 0 255 255

congruent_EVALUATION_TTrust_averted
0

Color: 228 228 228

congruent_EVALUATION_TUntrust_directed
1
122587 123131
Color: 0 155 155

congruent_EVALUATION_TUntrust_averted
0

Color: 128 128 128

congruent_EVALUATION_PC
0

Color: 238 238 238

congruent_DECISION_TTrust_directed
2
14657 18743
176601 180706

Color: 100 100 100

congruent_DECISION_TTrust_directed_excluded
1
205416 209521

Color: 100 100 100

congruent_DECISION_TTrust_averted
2
350728 354833
376677 380782

Color: 140 50 0

congruent_DECISION_TUntrust_directed
1
40605 44710

Color: 0 30 40

congruent_DECISION_TUntrust_averted
2
64605 68709
148585 152691

Color: 240 30 0

congruent_DECISION_TUntrust_averted_excluded
2
326596 330700
410710 414814

Color: 100 100 100

congruent_DECISION_PC
2
238232 242337
266115 270219

Color: 0 50 70

congruent_DECISION_PC_excluded
1
300230 304335

Color: 100 100 100

congruent_FEEDBACK_TTrust_directed
2
24780 26789
184718 186734

Color: 90 10 70

congruent_FEEDBACK_TTrust_directed_excluded
1
215534 217549

Color: 100 100 100

congruent_FEEDBACK_TTrust_averted
2
358846 360861
384795 386810

Color: 60 20 50

congruent_FEEDBACK_TUntrust_directed
1
48725 50738

Color: 80 30 60

congruent_FEEDBACK_TUntrust_averted
2
74722 76737
158703 160718

Color: 40 50 20

congruent_FEEDBACK_TUntrust_averted_excluded
2
334713 336729
418827 420842

Color: 100 100 100

congruent_FEEDBACK_PC
2
248350 250365
276232 278247

Color: 200 200 70

congruent_FEEDBACK_PC_excluded
1
310347 312363

Color: 100 100 100

No_Response
9
86002 90138
114002 118572
232099 236203
294097 298198
404577 408681
92170 96276
125153 129258
102288 104303
133270 135285

Color: 90 90 90

