
FileVersion:        1

ResolutionOfTime:   msec

Experiment:         trustgame_run2

BackgroundColor:    0 0 0
TextColor:          255 255 255
TimeCourseColor:    0 170 0
TimeCourseThick:    3
ReferenceFuncColor: 113 113 255
ReferenceFuncThick: 3

NrOfConditions:     30



congruent_VIDEO_TTrust_directed
2
174001	178558
438000	442565

Color: 255 255 255

congruent_VIDEO_TTrust_directed_excluded
2
8003	12582
198001	202574

Color: 100 100 100

congruent_VIDEO_TTrust_averted
2
352000	356696
378000	382656

Color: 155 155 155

congruent_VIDEO_TUntrust_directed
2
34003	38565
114002	118559

Color: 255 0 255

congruent_VIDEO_TUntrust_averted
2
58003	62577
328000	332569

Color: 155 0 155

congruent_VIDEO_TUntrust_averted_excluded
2
146002	150558
404000	408566

Color: 100 100 100

congruent_VIDEO_PC
2
232001	236070
268001	272069

Color: 255 255 0

congruent_VIDEO_PC_excluded
2
86003	90125
294000	298068

Color: 100 100 100

congruent_EVALUATION_TTrust_directed
0
Color: 0 255 255

congruent_EVALUATION_TTrust_averted
0

Color: 228 228 228

congruent_EVALUATION_TUntrust_directed
0

Color: 0 155 155

congruent_EVALUATION_TUntrust_averted
0

Color: 128 128 128

congruent_EVALUATION_PC
0

Color: 238 238 238

congruent_DECISION_TTrust_directed
2
180588	184692
452713	456818

Color: 10 40 40

congruent_DECISION_TTrust_directed_excluded
2
14661	18762
212720	216826

Color: 10 40 40

congruent_DECISION_TTrust_averted
2
358732	362837
384682	388785

Color: 140 50 0

congruent_DECISION_TUntrust_directed
2
40592	44697
128723	132827

Color: 0 30 40

congruent_DECISION_TUntrust_averted
2
64608	68709
334600	338702

Color: 240 30 0

congruent_DECISION_TUntrust_averted_excluded
2
152589	156693
418714	422818

Color: 100 100 100

congruent_DECISION_PC
2
246219	250324
274102	278204

Color: 0 50 70

congruent_DECISION_PC_excluded
2
92157	96263
308217	312323

Color: 100 100 100

congruent_FEEDBACK_TTrust_directed
4
188705	190721
460830	462846

Color: 90 10 70

congruent_FEEDBACK_TTrust_directed_excluded
2
24800	26809
222838	224853

Color: 90 10 70

congruent_FEEDBACK_TTrust_averted
2
366850	368865
392799	394814

Color: 60 20 50

congruent_FEEDBACK_TUntrust_directed
2
48712	50725
136840	138856

Color: 80 30 60

congruent_FEEDBACK_TUntrust_averted
2
74726	76741
342717	344732

Color: 40 50 20

congruent_FEEDBACK_TUntrust_averted_excluded
2
162706	164722
426831	428847

Color: 100 100 100

congruent_FEEDBACK_PC
2
256337	258352
284219	286234

Color: 200 200 70

congruent_FEEDBACK_PC_excluded
2
102275	104290
318335	320350

Color: 100 100 100

No_Response
6
122591	126697
206587	210692
240086	244190
302084	306187
412581	416682
446580	450685

Color: 90 90 90

