
FileVersion:        1

ResolutionOfTime:   msec

Experiment:         trustgame_run1

BackgroundColor:    0 0 0
TextColor:          255 255 255
TimeCourseColor:    0 170 0
TimeCourseThick:    3
ReferenceFuncColor: 113 113 255
ReferenceFuncThick: 3

NrOfConditions:     30



congruent_VIDEO_TTrust_directed
2
170077	174630
418076	422642

Color: 255 255 255

congruent_VIDEO_TTrust_directed_excluded
2
8078	12651
194077	198630

Color: 100 100 100

congruent_VIDEO_TTrust_averted
2
336077	340777
362077	366733

Color: 155 155 155

congruent_VIDEO_TUntrust_directed
2
34077	38631
114077	118631

Color: 255 0 255

congruent_VIDEO_TUntrust_averted
2
58076	62631
142077	146630

Color: 155 0 155

congruent_VIDEO_TUntrust_averted_excluded
2
312076	316644
388076	392643

Color: 100 100 100

congruent_VIDEO_PC
2
86077	90213
224077	228144

Color: 255 255 0

congruent_VIDEO_PC_excluded
2
256077	260144
282077	286143

Color: 100 100 100

congruent_EVALUATION_TTrust_directed
2
198644	202730
422657	426763

Color: 0 255 255

congruent_EVALUATION_TTrust_averted
0

Color: 228 228 228

congruent_EVALUATION_TUntrust_directed
1
118646	122728

Color: 0 155 155

congruent_EVALUATION_TUntrust_averted
1
392658	396763

Color: 128 128 128

congruent_EVALUATION_PC
1
286159	290264

Color: 238 238 238

congruent_DECISION_TTrust_directed
2
176661	180742
428791	432895

Color: 10 40 40

congruent_DECISION_TTrust_directed_excluded
2
14747	18832
204761	208846

Color: 100 100 100

congruent_DECISION_TTrust_averted
2
342809	346914
368758	372864

Color: 140 50 0

congruent_DECISION_TUntrust_directed
2
40663	44749
124762	128847

Color: 0 30 40

congruent_DECISION_TUntrust_averted
2
64663	68749
148661	152746

Color: 240 30 0

congruent_DECISION_TUntrust_averted_excluded
2
318676	322781
398791	402896

Color: 100 100 100

congruent_DECISION_PC
2
92246	96327
234277	238362

Color: 0 50 70

congruent_DECISION_PC_excluded
2
262176	266261
292293	296398

Color: 100 100 100

congruent_FEEDBACK_TTrust_directed
2
184762	186777
436908	438923

Color: 90 10 70

congruent_FEEDBACK_TTrust_directed_excluded
2
24871	26880
214862	216877

Color: 100 100 100

congruent_FEEDBACK_TTrust_averted
2
350926	352941
376876	378891

Color: 60 20 50

congruent_FEEDBACK_TUntrust_directed
2
48766	50779
132863	134878

Color: 80 30 60

congruent_FEEDBACK_TUntrust_averted
2
74764	76779
158762	160778

Color: 40 50 20

congruent_FEEDBACK_TUntrust_averted_excluded
2
326793	328808
406909	408924

Color: 100 100 100

congruent_FEEDBACK_PC
2
102347	104362
244378	246393

Color: 200 200 70

congruent_FEEDBACK_PC_excluded
2
272277	274293
302410	304425

Color: 100 100 100

No_Response
1
228160	232245

Color: 90 90 90

