
FileVersion:        1

ResolutionOfTime:   msec

Experiment:         trustgame_run3

BackgroundColor:    0 0 0
TextColor:          255 255 255
TimeCourseColor:    0 170 0
TimeCourseThick:    3
ReferenceFuncColor: 113 113 255
ReferenceFuncThick: 3

NrOfConditions:     30



congruent_VIDEO_TTrust_directed
2
8002	12573
58002	62569

Color: 255 255 255

congruent_VIDEO_TTrust_directed_excluded
2
142002	146567
168002	172566

Color: 100 100 100

congruent_VIDEO_TTrust_averted
2
110002	114676
304001	308659

Color: 155 155 155

congruent_VIDEO_TUntrust_directed
2
226002	230565
276001	280562

Color: 255 0 255

congruent_VIDEO_TUntrust_averted
2
34002	38570
418000	422557

Color: 155 0 155

congruent_VIDEO_TUntrust_averted_excluded
2
82002	86569
196002	200564

Color: 100 100 100

congruent_VIDEO_PC
2
336000	340075
364000	368074

Color: 255 255 0

congruent_VIDEO_PC_excluded
2
250001	254094
388000	392073

Color: 100 100 100

congruent_EVALUATION_TTrust_directed
0

Color: 0 255 255

congruent_EVALUATION_TTrust_averted
2
114699	118737
308675	312712

Color: 228 228 228

congruent_EVALUATION_TUntrust_directed
0

Color: 0 155 155

congruent_EVALUATION_TUntrust_averted
2
200579	204619
422572	426607

Color: 128 128 128

congruent_EVALUATION_PC
2
340091	344131
392089	396125

Color: 238 238 238

congruent_DECISION_TTrust_directed
2
14652	18689
64600	68640

Color: 10 40 40

congruent_DECISION_TTrust_directed_excluded
2
148597	152633
174596	178632

Color: 100 100 100

congruent_DECISION_TTrust_averted
2
120764	124800
314742	318780

Color: 140 50 0

congruent_DECISION_TUntrust_directed
2
232594	236635
282593	286633

Color: 0 30 40

congruent_DECISION_TUntrust_averted
2
40600	44641
428638	432674

Color: 240 30 0

congruent_DECISION_TUntrust_averted_excluded
2
88599	92635
206645	210681

Color: 100 100 100

congruent_DECISION_PC
2
346157	350193
370106	374142

Color: 0 50 70

congruent_DECISION_PC_excluded
2
256127	260163
398156	402196

Color: 100 100 100

congruent_FEEDBACK_TTrust_directed
2
24725	26734
72650	74666

Color: 90 10 70

congruent_FEEDBACK_TTrust_directed_excluded
2
156648	158663
184647	186662

Color: 100 100 100

congruent_FEEDBACK_TTrust_averted
2
130815	132830
324792	326808

Color: 60 20 50

congruent_FEEDBACK_TUntrust_directed
2
240645	242660
292643	294659

Color: 80 30 60

congruent_FEEDBACK_TUntrust_averted
2
48653	50666
438689	440704

Color: 40 50 20

congruent_FEEDBACK_TUntrust_averted_excluded
2
98650	100665
214696	216711

Color: 100 100 100

congruent_FEEDBACK_PC
2
354208	356223
378157	380172

Color: 200 200 70

congruent_FEEDBACK_PC_excluded
2
266178	268193
406206	408222

Color: 100 100 100

No_Response
0

Color: 90 90 90

