
FileVersion:        1

ResolutionOfTime:   msec

Experiment:         trustgame_run4

BackgroundColor:    0 0 0
TextColor:          255 255 255
TimeCourseColor:    0 170 0
TimeCourseThick:    3
ReferenceFuncColor: 113 113 255
ReferenceFuncThick: 3

NrOfConditions:     30



congruent_VIDEO_TTrust_directed
2
34077	38653
274075	278643

Color: 255 255 255

congruent_VIDEO_TTrust_directed_excluded
2
60077	64634
330075	334643

Color: 100 100 100

congruent_VIDEO_TTrust_averted
2
112077	116752
196076	200832

Color: 155 155 155

congruent_VIDEO_TUntrust_directed
2
250076	254645
298075	302644

Color: 255 0 255

congruent_VIDEO_TUntrust_averted
2
140077	144630
166077	170646

Color: 155 0 155

congruent_VIDEO_TUntrust_averted_excluded
2
88077	92633
222076	226645

Color: 100 100 100

congruent_VIDEO_PC
2
8077	12166
360076	364155

Color: 255 255 0

congruent_VIDEO_PC_excluded
2
392076	396154
418076	422154

Color: 100 100 100

congruent_EVALUATION_TTrust_directed
1
334673	338777

Color: 0 255 255

congruent_EVALUATION_TTrust_averted
1
116763	120870

Color: 228 228 228

congruent_EVALUATION_TUntrust_directed
1
302657	306762

Color: 0 155 155

congruent_EVALUATION_TUntrust_averted
1
170661	174766

Color: 128 128 128

congruent_EVALUATION_PC
2
364172	368277
422170	426275

Color: 238 238 238

congruent_DECISION_TTrust_directed
2
40681	44782
280674	284780

Color: 10 40 40

congruent_DECISION_TTrust_directed_excluded
2
66664	70769
340806	344911

Color: 100 100 100

congruent_DECISION_TTrust_averted
2
122895	126999
202860	206961

Color: 140 50 0

congruent_DECISION_TUntrust_directed
2
256675	260780
308790	312895

Color: 0 30 40

congruent_DECISION_TUntrust_averted
2
146661	150767
176794	180899

Color: 240 30 0

congruent_DECISION_TUntrust_averted_excluded
2
94663	98764
228676	232781

Color: 100 100 100

congruent_DECISION_PC
2
14250	18356
370305	374410

Color: 0 50 70

congruent_DECISION_PC_excluded
2
398187	402293
428303	432408

Color: 100 100 100

congruent_FEEDBACK_TTrust_directed
2
50801	52814
288792	290807

Color: 90 10 70

congruent_FEEDBACK_TTrust_directed_excluded
2
76781	78796
348923	350938

Color: 90 10 70

congruent_FEEDBACK_TTrust_averted
2
131013	133028
210977	212992

Color: 60 20 50

congruent_FEEDBACK_TUntrust_directed
2
264792	266808
318907	320923

Color: 80 30 60

congruent_FEEDBACK_TUntrust_averted
2
156779	158794
186911	188927

Color: 40 50 20

congruent_FEEDBACK_TUntrust_averted_excluded
2
102781	104796
238793	240808

Color: 100 100 100

congruent_FEEDBACK_PC
2
24389	26398
380422	382437

Color: 200 200 70

congruent_FEEDBACK_PC_excluded
2
406305	408320
436420	438436

Color: 100 100 100

No_Response
0

Color: 90 90 90

