
FileVersion:        1

ResolutionOfTime:   msec

Experiment:         trustgame_run3

BackgroundColor:    0 0 0
TextColor:          255 255 255
TimeCourseColor:    0 170 0
TimeCourseThick:    3
ReferenceFuncColor: 113 113 255
ReferenceFuncThick: 3

NrOfConditions:     30



congruent_VIDEO_TTrust_directed
2
8003 12578
278004 282571

Color: 255 255 255

congruent_VIDEO_TTrust_directed_excluded
2
60003 64558
388005 392570

Color: 100 100 100

congruent_VIDEO_TTrust_averted
2
34002 38677
252004 256760

Color: 155 155 155

congruent_VIDEO_TUntrust_directed
2
118003 122556
330004 334570

Color: 255 0 255

congruent_VIDEO_TUntrust_averted
2
90003 94557
198004 202572

Color: 155 0 155

congruent_VIDEO_TUntrust_averted_excluded
2
144003 148556
420005 424571

Color: 100 100 100

congruent_VIDEO_PC
2
172003 176088
304004 308069

Color: 255 255 0

congruent_VIDEO_PC_excluded
2
224004 228070
358005 362085

Color: 100 100 100

congruent_EVALUATION_TTrust_directed
2
64573 68680
392584 396689

Color: 0 255 255

congruent_EVALUATION_TTrust_averted
0

Color: 228 228 228

congruent_EVALUATION_TUntrust_directed
0

Color: 0 155 155

congruent_EVALUATION_TUntrust_averted
2
148571 152676
424583 428688

Color: 128 128 128

congruent_EVALUATION_PC
2
228086 232191
362101 366205

Color: 238 238 238

congruent_DECISION_TTrust_directed
2
14657 18762
284602 288707

Color: 10 40 40

congruent_DECISION_TTrust_directed_excluded
2
70705 74810
398717 402822

Color: 100 100 100

congruent_DECISION_TTrust_averted
2
40706 44811
258786 262892

Color: 140 50 0

congruent_DECISION_TUntrust_directed
2
124588 128693
336601 340706

Color: 0 30 40

congruent_DECISION_TUntrust_averted
2
96588 100692
204603 208708

Color: 240 30 0

congruent_DECISION_TUntrust_averted_excluded
2
154704 158809
430716 434821

Color: 100 100 100

congruent_DECISION_PC
2
178120 182225
310102 314207

Color: 0 50 70

congruent_DECISION_PC_excluded
2
234220 238324
368234 372338

Color: 100 100 100

congruent_FEEDBACK_TTrust_directed
2
24797 26806
294720 296735

Color: 90 10 70

congruent_FEEDBACK_TTrust_directed_excluded
2
80823 82838
408834 410850

Color: 100 100 100

congruent_FEEDBACK_TTrust_averted
2
48825 50839
268903 270919

Color: 60 20 50

congruent_FEEDBACK_TUntrust_directed
2
132705 134721
346719 348734

Color: 80 30 60

congruent_FEEDBACK_TUntrust_averted
2
106706 108721
212721 214736

Color: 40 50 20

congruent_FEEDBACK_TUntrust_averted_excluded
2
162822 164837
438834 440849

Color: 100 100 100

congruent_FEEDBACK_PC
2
188238 190253
318219 320235

Color: 200 200 70

congruent_FEEDBACK_PC_excluded
2
242337 244352
376352 378367

Color: 100 100 100

Video_NO_RESPONSE
0
Color: 80 80 80

Evaluation_NO_RESPONSE
0
Color: 0 90 90

Decision_NO_RESPONSE
0
Color: 90 0 90

Feedback_NO_RESPONSE
0
Color: 90 90 0