
FileVersion:        1

ResolutionOfTime:   msec

Experiment:         trustgame_run3

BackgroundColor:    0 0 0
TextColor:          255 255 255
TimeCourseColor:    0 170 0
TimeCourseThick:    3
ReferenceFuncColor: 113 113 255
ReferenceFuncThick: 3

NrOfConditions:     30



congruent_VIDEO_TTrust_directed
2
110003	114558
322005	326571

Color: 255 255 255

congruent_VIDEO_TTrust_directed_excluded
2
298005	302572
348005	352571

Color: 100 100 100

congruent_VIDEO_TTrust_averted
2
32003	36675
60003	64758

Color: 155 155 155

congruent_VIDEO_TUntrust_directed
2
374005	378571
400005	404571

Color: 255 0 255

congruent_VIDEO_TUntrust_averted
2
6003 10563
188004 192557

Color: 155 0 155

congruent_VIDEO_TUntrust_averted_excluded
2
86003 90559
242004	246556

Color: 100 100 100

congruent_VIDEO_PC
2
138003 142090
214004 218072

Color: 255 255 0

congruent_VIDEO_PC
2
164004 168073
270004 274071

Color: 100 100 100

congruent_EVALUATION_TTrust_directed
2
114574	116243
352602	354085

Color: 0 255 255

congruent_EVALUATION_TTrust_averted
0

Color: 228 228 228

congruent_EVALUATION_TUntrust_directed
1
404584	406439

Color: 0 155 155

congruent_EVALUATION_TUntrust_averted
1
192572	194121

Color: 128 128 128

congruent_EVALUATION_PC
2
168089	169823
274087	275917

Color: 238 238 238

congruent_DECISION_TTrust_directed
2
118273	122314
328602	332638

Color: 10 40 40

congruent_DECISION_TTrust_directed_excluded
2
304603	308639
356118	360158

Color: 100 100 100

congruent_DECISION_TTrust_averted
2
38708	42746
66791	70827

Color: 140 50 0

congruent_DECISION_TUntrust_directed
2
380601	384636
408467	412508

Color: 0 30 40

congruent_DECISION_TUntrust_averted
2
12642 16684
196155 200195

Color: 240 30 0

congruent_DECISION_TUntrust_averted_excluded
2
92591 96631
248587 252628

Color: 100 100 100

congruent_DECISION_PC
2
144123 148159
220105 224140

Color: 0 50 70

congruent_DECISION_PC_excluded
2
171856 175896
277937 281977

Color: 100 100 100

congruent_FEEDBACK_TTrust_directed
2
128324	130340
336653	338668

Color: 90 10 70

congruent_FEEDBACK_TTrust_directed_excluded
2
312654	314669
364169	366185

Color: 90 10 70

congruent_FEEDBACK_TTrust_averted
2
48760	50775
74842	76857

Color: 60 20 50

congruent_FEEDBACK_TUntrust_directed
2
388652	390667
418518	420533

Color: 80 30 60

congruent_FEEDBACK_TUntrust_averted
2
22715 24725
204206	206221

Color: 40 50 20

congruent_FEEDBACK_TUntrust_averted_excluded
2
100641 102657
258638	260653

Color: 100 100 100

congruent_FEEDBACK_PC
2
154174 156189
230155 232171

Color: 200 200 70

congruent_FEEDBACK_PC_excluded
2
179907 181922
287987 290003

Color: 100 100 100

No_Response
0

Color: 90 90 90

