
FileVersion:        1

ResolutionOfTime:   msec

Experiment:         trustgame_run2

BackgroundColor:    0 0 0
TextColor:          255 255 255
TimeCourseColor:    0 170 0
TimeCourseThick:    3
ReferenceFuncColor: 113 113 255
ReferenceFuncThick: 3

NrOfConditions:     30



congruent_VIDEO_TTrust_directed
2
138003	142572
306002	310571

Color: 255 255 255

congruent_VIDEO_TTrust_directed_excluded
2
228002	232570
280002	284569

Color: 100 100 100

congruent_VIDEO_TTrust_averted
2
8003	12681
32003	36659

Color: 155 155 155

congruent_VIDEO_TUntrust_directed
2
112003	116572
362003	366568

Color: 255 0 255

congruent_VIDEO_TUntrust_averted
2
84003	88556
196002	200570

Color: 155 0 155

congruent_VIDEO_TUntrust_averted_excluded
2
256003	260569
388003	392567

Color: 100 100 100

congruent_VIDEO_PC
2
56003	60088
168003	172086

Color: 255 255 0

congruent_VIDEO_PC_excluded
2
338003	342083
418003	422081

Color: 100 100 100

congruent_EVALUATION_TTrust_directed
2
142587	146628
310583	314624

Color: 0 255 255

congruent_EVALUATION_TTrust_averted
0

Color: 228 228 228

congruent_EVALUATION_TUntrust_directed
0

Color: 0 155 155

congruent_EVALUATION_TUntrust_averted
2
200585	204626
392582	396622

Color: 128 128 128

congruent_EVALUATION_PC
2
172102	176142
422098	426133

Color: 238 238 238

congruent_DECISION_TTrust_directed
2
148653	152689
316650	320686

Color: 10 40 40

congruent_DECISION_TTrust_directed_excluded
2
234601	238642
286600	290636

Color: 100 100 100

congruent_DECISION_TTrust_averted
2
14756	18793
38688	42724

Color: 140 50 0

congruent_DECISION_TUntrust_directed
2
118603	122640
368599	372635

Color: 0 30 40

congruent_DECISION_TUntrust_averted
2
90587	94623
206652	210688

Color: 240 30 0

congruent_DECISION_TUntrust_averted_excluded
2
262601	266641
398648	402684

Color: 100 100 100

congruent_DECISION_PC
2
62121	66161
178169	182210

Color: 0 50 70

congruent_DECISION_PC_excluded
2
344116	348151
428164	432200

Color: 100 100 100

congruent_FEEDBACK_TTrust_directed
2
156704	158719
326701	328716

Color: 90 10 70

congruent_FEEDBACK_TTrust_directed_excluded
2
244652	246667
296651	298666

Color: 100 100 100

congruent_FEEDBACK_TTrust_averted
2
22829	24838
46741	48754

Color: 60 20 50

congruent_FEEDBACK_TUntrust_directed
2
128654	130670
376649	378665

Color: 80 30 60

congruent_FEEDBACK_TUntrust_averted
2
100638	102653
216702	218718

Color: 40 50 20

congruent_FEEDBACK_TUntrust_averted_excluded
2
270652	272667
408699	410714

Color: 100 100 100

congruent_FEEDBACK_PC
2
72172	74187
186220	188235

Color: 200 200 70

congruent_FEEDBACK_PC_excluded
2
352167	354182
436215	438230

Color: 100 100 100

No_Response
0

Color: 90 90 90

